Archive member included to satisfy reference by file (symbol)

C:\Users\kobac\OneDrive\Escritorio\Facultad\Microcontroladores\Auto Proyecto\HAL Libs\TCRT5000\Debug\libHAL_LIB_TCRT5000_KOBA.a(tcrt5000.o)
                              ./Core/Src/main.o (TCRT5000_Create)
C:/ST/STM32CubeIDE_1.18.1/STM32CubeIDE/plugins/com.st.stm32cube.ide.mcu.externaltools.gnu-tools-for-stm32.13.3.rel1.win32_1.0.0.202411081344/tools/bin/../lib/gcc/arm-none-eabi/13.3.1/../../../../arm-none-eabi/lib/thumb/v7-m/nofp\libc_nano.a(libc_a-exit.o)
                              C:/ST/STM32CubeIDE_1.18.1/STM32CubeIDE/plugins/com.st.stm32cube.ide.mcu.externaltools.gnu-tools-for-stm32.13.3.rel1.win32_1.0.0.202411081344/tools/bin/../lib/gcc/arm-none-eabi/13.3.1/../../../../arm-none-eabi/lib/thumb/v7-m/nofp/crt0.o (exit)
C:/ST/STM32CubeIDE_1.18.1/STM32CubeIDE/plugins/com.st.stm32cube.ide.mcu.externaltools.gnu-tools-for-stm32.13.3.rel1.win32_1.0.0.202411081344/tools/bin/../lib/gcc/arm-none-eabi/13.3.1/../../../../arm-none-eabi/lib/thumb/v7-m/nofp\libc_nano.a(libc_a-findfp.o)
                              C:/ST/STM32CubeIDE_1.18.1/STM32CubeIDE/plugins/com.st.stm32cube.ide.mcu.externaltools.gnu-tools-for-stm32.13.3.rel1.win32_1.0.0.202411081344/tools/bin/../lib/gcc/arm-none-eabi/13.3.1/../../../../arm-none-eabi/lib/thumb/v7-m/nofp\libc_nano.a(libc_a-exit.o) (__stdio_exit_handler)
C:/ST/STM32CubeIDE_1.18.1/STM32CubeIDE/plugins/com.st.stm32cube.ide.mcu.externaltools.gnu-tools-for-stm32.13.3.rel1.win32_1.0.0.202411081344/tools/bin/../lib/gcc/arm-none-eabi/13.3.1/../../../../arm-none-eabi/lib/thumb/v7-m/nofp\libc_nano.a(libc_a-fwalk.o)
                              C:/ST/STM32CubeIDE_1.18.1/STM32CubeIDE/plugins/com.st.stm32cube.ide.mcu.externaltools.gnu-tools-for-stm32.13.3.rel1.win32_1.0.0.202411081344/tools/bin/../lib/gcc/arm-none-eabi/13.3.1/../../../../arm-none-eabi/lib/thumb/v7-m/nofp\libc_nano.a(libc_a-findfp.o) (_fwalk_sglue)
C:/ST/STM32CubeIDE_1.18.1/STM32CubeIDE/plugins/com.st.stm32cube.ide.mcu.externaltools.gnu-tools-for-stm32.13.3.rel1.win32_1.0.0.202411081344/tools/bin/../lib/gcc/arm-none-eabi/13.3.1/../../../../arm-none-eabi/lib/thumb/v7-m/nofp\libc_nano.a(libc_a-snprintf.o)
                              ./Core/Src/usart_dma_buffer.o (snprintf)
C:/ST/STM32CubeIDE_1.18.1/STM32CubeIDE/plugins/com.st.stm32cube.ide.mcu.externaltools.gnu-tools-for-stm32.13.3.rel1.win32_1.0.0.202411081344/tools/bin/../lib/gcc/arm-none-eabi/13.3.1/../../../../arm-none-eabi/lib/thumb/v7-m/nofp\libc_nano.a(libc_a-stdio.o)
                              C:/ST/STM32CubeIDE_1.18.1/STM32CubeIDE/plugins/com.st.stm32cube.ide.mcu.externaltools.gnu-tools-for-stm32.13.3.rel1.win32_1.0.0.202411081344/tools/bin/../lib/gcc/arm-none-eabi/13.3.1/../../../../arm-none-eabi/lib/thumb/v7-m/nofp\libc_nano.a(libc_a-findfp.o) (__sread)
C:/ST/STM32CubeIDE_1.18.1/STM32CubeIDE/plugins/com.st.stm32cube.ide.mcu.externaltools.gnu-tools-for-stm32.13.3.rel1.win32_1.0.0.202411081344/tools/bin/../lib/gcc/arm-none-eabi/13.3.1/../../../../arm-none-eabi/lib/thumb/v7-m/nofp\libc_nano.a(libc_a-memset.o)
                              C:/ST/STM32CubeIDE_1.18.1/STM32CubeIDE/plugins/com.st.stm32cube.ide.mcu.externaltools.gnu-tools-for-stm32.13.3.rel1.win32_1.0.0.202411081344/tools/bin/../lib/gcc/arm-none-eabi/13.3.1/../../../../arm-none-eabi/lib/thumb/v7-m/nofp/crt0.o (memset)
C:/ST/STM32CubeIDE_1.18.1/STM32CubeIDE/plugins/com.st.stm32cube.ide.mcu.externaltools.gnu-tools-for-stm32.13.3.rel1.win32_1.0.0.202411081344/tools/bin/../lib/gcc/arm-none-eabi/13.3.1/../../../../arm-none-eabi/lib/thumb/v7-m/nofp\libc_nano.a(libc_a-closer.o)
                              C:/ST/STM32CubeIDE_1.18.1/STM32CubeIDE/plugins/com.st.stm32cube.ide.mcu.externaltools.gnu-tools-for-stm32.13.3.rel1.win32_1.0.0.202411081344/tools/bin/../lib/gcc/arm-none-eabi/13.3.1/../../../../arm-none-eabi/lib/thumb/v7-m/nofp\libc_nano.a(libc_a-stdio.o) (_close_r)
C:/ST/STM32CubeIDE_1.18.1/STM32CubeIDE/plugins/com.st.stm32cube.ide.mcu.externaltools.gnu-tools-for-stm32.13.3.rel1.win32_1.0.0.202411081344/tools/bin/../lib/gcc/arm-none-eabi/13.3.1/../../../../arm-none-eabi/lib/thumb/v7-m/nofp\libc_nano.a(libc_a-reent.o)
                              C:/ST/STM32CubeIDE_1.18.1/STM32CubeIDE/plugins/com.st.stm32cube.ide.mcu.externaltools.gnu-tools-for-stm32.13.3.rel1.win32_1.0.0.202411081344/tools/bin/../lib/gcc/arm-none-eabi/13.3.1/../../../../arm-none-eabi/lib/thumb/v7-m/nofp\libc_nano.a(libc_a-closer.o) (errno)
C:/ST/STM32CubeIDE_1.18.1/STM32CubeIDE/plugins/com.st.stm32cube.ide.mcu.externaltools.gnu-tools-for-stm32.13.3.rel1.win32_1.0.0.202411081344/tools/bin/../lib/gcc/arm-none-eabi/13.3.1/../../../../arm-none-eabi/lib/thumb/v7-m/nofp\libc_nano.a(libc_a-impure.o)
[...]
Memory Configuration

Name             Origin             Length             Attributes
RAM              0x20000000         0x00005000         xrw
FLASH            0x08000000         0x00010000         xr
*default*        0x00000000         0xffffffff

Linker script and memory map

LOAD C:/ST/STM32CubeIDE_1.18.1/STM32CubeIDE/plugins/com.st.stm32cube.ide.mcu.externaltools.gnu-tools-for-stm32.13.3.rel1.win32_1.0.0.202411081344/tools/bin/../lib/gcc/arm-none-eabi/13.3.1/thumb/v7-m/nofp/crti.o
LOAD C:/ST/STM32CubeIDE_1.18.1/STM32CubeIDE/plugins/com.st.stm32cube.ide.mcu.externaltools.gnu-tools-for-stm32.13.3.rel1.win32_1.0.0.202411081344/tools/bin/../lib/gcc/arm-none-eabi/13.3.1/thumb/v7-m/nofp/crtbegin.o
LOAD C:/ST/STM32CubeIDE_1.18.1/STM32CubeIDE/plugins/com.st.stm32cube.ide.mcu.externaltools.gnu-tools-for-stm32.13.3.rel1.win32_1.0.0.202411081344/tools/bin/../lib/gcc/arm-none-eabi/13.3.1/../../../../arm-none-eabi/lib/thumb/v7-m/nofp/crt0.o
LOAD ./Core/Src/fonts.o
LOAD ./Core/Src/i2c_manager.o
LOAD ./Core/Src/main.o
LOAD ./Core/Src/menusystem.o
LOAD ./Core/Src/motor_control.o
LOAD ./Core/Src/oled_ssd1306_dma.o
LOAD ./Core/Src/stm32f1xx_hal_msp.o
LOAD ./Core/Src/stm32f1xx_it.o
LOAD ./Core/Src/syscalls.o
LOAD ./Core/Src/sysmem.o
LOAD ./Core/Src/system_stm32f1xx.o
LOAD ./Core/Src/usart_dma_buffer.o
LOAD ./Core/Src/utils.o
LOAD ./Core/Startup/startup_stm32f103c8tx.o
LOAD ./Drivers/STM32F1xx_HAL_Driver/stm32f1xx_hal.o
LOAD ./Drivers/STM32F1xx_HAL_Driver/stm32f1xx_hal_adc.o
LOAD ./Drivers/STM32F1xx_HAL_Driver/stm32f1xx_hal_adc_ex.o
LOAD ./Drivers/STM32F1xx_HAL_Driver/stm32f1xx_hal_cortex.o
LOAD ./Drivers/STM32F1xx_HAL_Driver/stm32f1xx_hal_dma.o
LOAD ./Drivers/STM32F1xx_HAL_Driver/stm32f1xx_hal_exti.o
LOAD ./Drivers/STM32F1xx_HAL_Driver/stm32f1xx_hal_flash.o
LOAD ./Drivers/STM32F1xx_HAL_Driver/stm32f1xx_hal_flash_ex.o
LOAD ./Drivers/STM32F1xx_HAL_Driver/stm32f1xx_hal_gpio.o
LOAD ./Drivers/STM32F1xx_HAL_Driver/stm32f1xx_hal_gpio_ex.o
LOAD ./Drivers/STM32F1xx_HAL_Driver/stm32f1xx_hal_i2c.o
LOAD ./Drivers/STM32F1xx_HAL_Driver/stm32f1xx_hal_pcd.o
LOAD ./Drivers/STM32F1xx_HAL_Driver/stm32f1xx_hal_pcd_ex.o
LOAD ./Drivers/STM32F1xx_HAL_Driver/stm32f1xx_hal_pwr.o
LOAD ./Drivers/STM32F1xx_HAL_Driver/stm32f1xx_hal_rcc.o
LOAD ./Drivers/STM32F1xx_HAL_Driver/stm32f1xx_hal_rcc_ex.o
LOAD ./Drivers/STM32F1xx_HAL_Driver/stm32f1xx_hal_spi.o
LOAD ./Drivers/STM32F1xx_HAL_Driver/stm32f1xx_hal_tim.o
LOAD ./Drivers/STM32F1xx_HAL_Driver/stm32f1xx_hal_tim_ex.o
LOAD ./Drivers/STM32F1xx_HAL_Driver/stm32f1xx_hal_uart.o
LOAD ./Drivers/STM32F1xx_HAL_Driver/stm32f1xx_ll_usb.o
LOAD ./Middlewares/USB_Device_Library/usbd_cdc.o
LOAD ./Middlewares/USB_Device_Library/usbd_core.o
LOAD ./Middlewares/USB_Device_Library/usbd_ctlreq.o
LOAD ./Middlewares/USB_Device_Library/usbd_ioreq.o
LOAD ./USB_DEVICE/App/usb_device.o
LOAD ./USB_DEVICE/App/usbd_cdc_if.o
LOAD ./USB_DEVICE/App/usbd_desc.o
LOAD ./USB_DEVICE/Target/usbd_conf.o
LOAD C:\Users\kobac\OneDrive\Escritorio\Facultad\Microcontroladores\Auto Proyecto\HAL Libs\TCRT5000\Debug\libHAL_LIB_TCRT5000_KOBA.a
START GROUP
LOAD C:/ST/STM32CubeIDE_1.18.1/STM32CubeIDE/plugins/com.st.stm32cube.ide.mcu.externaltools.gnu-tools-for-stm32.13.3.rel1.win32_1.0.0.202411081344/tools/bin/../lib/gcc/arm-none-eabi/13.3.1/../../../../arm-none-eabi/lib/thumb/v7-m/nofp\libc_nano.a
LOAD C:/ST/STM32CubeIDE_1.18.1/STM32CubeIDE/plugins/com.st.stm32cube.ide.mcu.externaltools.gnu-tools-for-stm32.13.3.rel1.win32_1.0.0.202411081344/tools/bin/../lib/gcc/arm-none-eabi/13.3.1/../../../../arm-none-eabi/lib/thumb/v7-m/nofp\libm.a
END GROUP
START GROUP
LOAD C:/ST/STM32CubeIDE_1.18.1/STM32CubeIDE/plugins/com.st.stm32cube.ide.mcu.externaltools.gnu-tools-for-stm32.13.3.rel1.win32_1.0.0.202411081344/tools/bin/../lib/gcc/arm-none-eabi/13.3.1/thumb/v7-m/nofp\libgcc.a
LOAD C:/ST/STM32CubeIDE_1.18.1/STM32CubeIDE/plugins/com.st.stm32cube.ide.mcu.externaltools.gnu-tools-for-stm32.13.3.rel1.win32_1.0.0.202411081344/tools/bin/../lib/gcc/arm-none-eabi/13.3.1/../../../../arm-none-eabi/lib/thumb/v7-m/nofp\libc_nano.a
END GROUP
START GROUP
LOAD C:/ST/STM32CubeIDE_1.18.1/STM32CubeIDE/plugins/com.st.stm32cube.ide.mcu.externaltools.gnu-tools-for-stm32.13.3.rel1.win32_1.0.0.202411081344/tools/bin/../lib/gcc/arm-none-eabi/13.3.1/thumb/v7-m/nofp\libgcc.a
LOAD C:/ST/STM32CubeIDE_1.18.1/STM32CubeIDE/plugins/com.st.stm32cube.ide.mcu.externaltools.gnu-tools-for-stm32.13.3.rel1.win32_1.0.0.202411081344/tools/bin/../lib/gcc/arm-none-eabi/13.3.1/../../../../arm-none-eabi/lib/thumb/v7-m/nofp\libc_nano.a
LOAD C:/ST/STM32CubeIDE_1.18.1/STM32CubeIDE/plugins/com.st.stm32cube.ide.mcu.externaltools.gnu-tools-for-stm32.13.3.rel1.win32_1.0.0.202411081344/tools/bin/../lib/gcc/arm-none-eabi/13.3.1/../../../../arm-none-eabi/lib/thumb/v7-m/nofp\libnosys.a
END GROUP
START GROUP
LOAD C:/ST/STM32CubeIDE_1.18.1/STM32CubeIDE/plugins/com.st.stm32cube.ide.mcu.externaltools.gnu-tools-for-stm32.13.3.rel1.win32_1.0.0.202411081344/tools/bin/../lib/gcc/arm-none-eabi/13.3.1/thumb/v7-m/nofp\libgcc.a
LOAD C:/ST/STM32CubeIDE_1.18.1/STM32CubeIDE/plugins/com.st.stm32cube.ide.mcu.externaltools.gnu-tools-for-stm32.13.3.rel1.win32_1.0.0.202411081344/tools/bin/../lib/gcc/arm-none-eabi/13.3.1/../../../../arm-none-eabi/lib/thumb/v7-m/nofp\libc_nano.a
LOAD C:/ST/STM32CubeIDE_1.18.1/STM32CubeIDE/plugins/com.st.stm32cube.ide.mcu.externaltools.gnu-tools-for-stm32.13.3.rel1.win32_1.0.0.202411081344/tools/bin/../lib/gcc/arm-none-eabi/13.3.1/../../../../arm-none-eabi/lib/thumb/v7-m/nofp\libnosys.a
END GROUP
LOAD C:/ST/STM32CubeIDE_1.18.1/STM32CubeIDE/plugins/com.st.stm32cube.ide.mcu.externaltools.gnu-tools-for-stm32.13.3.rel1.win32_1.0.0.202411081344/tools/bin/../lib/gcc/arm-none-eabi/13.3.1/thumb/v7-m/nofp/crtend.o
LOAD C:/ST/STM32CubeIDE_1.18.1/STM32CubeIDE/plugins/com.st.stm32cube.ide.mcu.externaltools.gnu-tools-for-stm32.13.3.rel1.win32_1.0.0.202411081344/tools/bin/../lib/gcc/arm-none-eabi/13.3.1/thumb/v7-m/nofp/crtn.o
                0x20005000                        _estack = (ORIGIN (RAM) + LENGTH (RAM))
                0x00000200                        _Min_Heap_Size = 0x200
                0x00000400                        _Min_Stack_Size = 0x400

.isr_vector     0x08000000      0x10c
                0x08000000                        . = ALIGN (0x4)
 *(.isr_vector)
 .isr_vector    0x08000000      0x10c ./Core/Startup/startup_stm32f103c8tx.o
                0x08000000                g_pfnVectors
                0x0800010c                        . = ALIGN (0x4)

.text           0x0800010c     0x8404
                0x0800010c                        . = ALIGN (0x4)
 *(.text)
 .text          0x0800010c       0x40 C:/ST/STM32CubeIDE_1.18.1/STM32CubeIDE/plugins/com.st.stm32cube.ide.mcu.externaltools.gnu-tools-for-stm32.13.3.rel1.win32_1.0.0.202411081344/tools/bin/../lib/gcc/arm-none-eabi/13.3.1/thumb/v7-m/nofp/crtbegin.o
 .text          0x0800014c       0x10 C:/ST/STM32CubeIDE_1.18.1/STM32CubeIDE/plugins/com.st.stm32cube.ide.mcu.externaltools.gnu-tools-for-stm32.13.3.rel1.win32_1.0.0.202411081344/tools/bin/../lib/gcc/arm-none-eabi/13.3.1/../../../../arm-none-eabi/lib/thumb/v7-m/nofp\libc_nano.a(libc_a-strlen.o)
                0x0800014c                strlen
 *(.text*)
 .text.I2C_Manager_Init
                0x0800015c       0x3c ./Core/Src/i2c_manager.o
                0x0800015c                I2C_Manager_Init
 .text.I2C_Manager_RegisterDevice
                0x08000198       0x3c ./Core/Src/i2c_manager.o
                0x08000198                I2C_Manager_RegisterDevice
 .text.I2C_Manager_RequestAccess
                0x080001d4       0x60 ./Core/Src/i2c_manager.o
                0x080001d4                I2C_Manager_RequestAccess
 .text.I2C_Manager_ReleaseBus
                0x08000234       0x18 ./Core/Src/i2c_manager.o
                0x08000234                I2C_Manager_ReleaseBus
 .text.I2C_Manager_OnDMAComplete
                0x0800024c       0x2c ./Core/Src/i2c_manager.o
                0x0800024c                I2C_Manager_OnDMAComplete
 .text.I2C_Manager_Update
                0x08000278       0x6c ./Core/Src/i2c_manager.o
                0x08000278                I2C_Manager_Update
 .text.I2C_Manager_IsAddressReady
                0x080002e4       0x1c ./Core/Src/i2c_manager.o
                0x080002e4                I2C_Manager_IsAddressReady
 .text.clearScreenWrapper
                0x08000300        0x2 ./Core/Src/main.o
                0x08000300                clearScreenWrapper
 .text.drawItemWrapper
                0x08000302        0x2 ./Core/Src/main.o
                0x08000302                drawItemWrapper
 .text.submenu1_Open
                0x08000304       0x10 ./Core/Src/main.o
                0x08000304                submenu1_Open
 .text.submenu2_Open
                0x08000314       0x10 ./Core/Src/main.o
                0x08000314                submenu2_Open
 .text.submenu3_Open
                0x08000324       0x10 ./Core/Src/main.o
                0x08000324                submenu3_Open
 .text.OLED_DMA_Complete_I2CManager
                0x08000334        0xc ./Core/Src/main.o
                0x08000334                OLED_DMA_Complete_I2CManager
 .text.OLED_GrantAccess_I2CManager
                0x08000340        0xc ./Core/Src/main.o
                0x08000340                OLED_GrantAccess_I2CManager
 .text.OLED_RequestBusUse_I2CManager
                0x0800034c        0x6 ./Core/Src/main.o
                0x0800034c                OLED_RequestBusUse_I2CManager
 *fill*         0x08000352        0x2 
 .text.MyRxHandler
                0x08000354       0x34 ./Core/Src/main.o
 .text.HAL_UART1_RxDMA_Wrapper
                0x08000388       0x10 ./Core/Src/main.o
 .text.HAL_UART1_TxDMA_Wrapper
                0x08000398       0x10 ./Core/Src/main.o
 .text.My_TimerCalcFunc
                0x080003a8       0x38 ./Core/Src/main.o
                0x080003a8                My_TimerCalcFunc
 .text.renderFnWrapper
                0x080003e0        0x2 ./Core/Src/main.o
                0x080003e0                renderFnWrapper
 *fill*         0x080003e2        0x2 
 .text.USART1_PrintString
                0x080003e4        0xc ./Core/Src/main.o
                0x080003e4                USART1_PrintString
 .text.SystemClock_Config
                0x080003f0       0x82 ./Core/Src/main.o
                0x080003f0                SystemClock_Config
 .text.HAL_UART_TxCpltCallback
                0x08000472        0x4 ./Core/Src/main.o
                0x08000472                HAL_UART_TxCpltCallback
 *fill*         0x08000476        0x2 
 .text.initCarMode
                0x08000478       0x58 ./Core/Src/main.o
                0x08000478                initCarMode
 .text.UserBtn_MainTask
                0x080004d0       0x4c ./Core/Src/main.o
                0x080004d0                UserBtn_MainTask
 .text.initTCRTLib
                0x0800051c       0x7c ./Core/Src/main.o
                0x0800051c                initTCRTLib
 .text.TCRT_MainTask
                0x08000598       0x40 ./Core/Src/main.o
                0x08000598                TCRT_MainTask
 .text.InitMotorTask
                0x080005d8       0x58 ./Core/Src/main.o
                0x080005d8                InitMotorTask
 .text.Motor_MainTask
                0x08000630       0x18 ./Core/Src/main.o
                0x08000630                Motor_MainTask
 .text.MPU_MainTask
                0x08000648       0x18 ./Core/Src/main.o
                0x08000648                MPU_MainTask
 .text.OLED_MainTask
                0x08000660       0x40 ./Core/Src/main.o
                0x08000660                OLED_MainTask
 .text.initMenuSystemTask
                0x080006a0       0x34 ./Core/Src/main.o
                0x080006a0                initMenuSystemTask
 .text.startup.main
                0x080006d4      0x55c ./Core/Src/main.o
                0x080006d4                main
 .text.Error_Handler
                0x08000c30        0x4 ./Core/Src/main.o
                0x08000c30                Error_Handler
 .text.initMenuSystem
                0x08000c34        0xe ./Core/Src/menusystem.o
                0x08000c34                initMenuSystem
 .text.MenuSystem_SetCallbacks
                0x08000c42        0xc ./Core/Src/menusystem.o
                0x08000c42                MenuSystem_SetCallbacks
 .text.displayMenu
                0x08000c4e       0x52 ./Core/Src/menusystem.o
                0x08000c4e                displayMenu
 .text.volver   0x08000ca0       0x1c ./Core/Src/menusystem.o
                0x08000ca0                volver
 .text.submenuFn
                0x08000cbc        0x6 ./Core/Src/menusystem.o
                0x08000cbc                submenuFn
 .text.Motor_SetBoth
                0x08000cc2       0x30 ./Core/Src/motor_control.o
 .text.Motor_SetSpeed
                0x08000cf2       0x4a ./Core/Src/motor_control.o
 .text.Motor_Init
                0x08000d3c       0x4e ./Core/Src/motor_control.o
 .text.Motor_StopRight
                0x08000d8a       0x5c ./Core/Src/motor_control.o
 .text.Motor_StopLeft
                0x08000de6       0x5c ./Core/Src/motor_control.o
 .text.Motor_SetRightBackward
                0x08000e42       0x64 ./Core/Src/motor_control.o
 .text.Motor_SetRightForward
                0x08000ea6       0x64 ./Core/Src/motor_control.o
 .text.Motor_SetLeftBackward
                0x08000f0a       0x64 ./Core/Src/motor_control.o
 .text.Motor_SetLeftForward
                0x08000f6e       0x64 ./Core/Src/motor_control.o
 *fill*         0x08000fd2        0x2 
 .text.Motor_AttachMethods
                0x08000fd4       0x4c ./Core/Src/motor_control.o
                0x08000fd4                Motor_AttachMethods
 .text.OLED_StartNextTransfer
                0x08001020       0x64 ./Core/Src/oled_ssd1306_dma.o
 .text.OLED_GrantAccessCallback
                0x08001084       0x4c ./Core/Src/oled_ssd1306_dma.o
                0x08001084                OLED_GrantAccessCallback
 .text.OLED_Init
                0x080010d0       0x58 ./Core/Src/oled_ssd1306_dma.o
                0x080010d0                OLED_Init
 .text.OLED_ClearBuffer
                0x08001128       0x36 ./Core/Src/oled_ssd1306_dma.o
                0x08001128                OLED_ClearBuffer
 .text.OLED_DMA_CompleteCallback
                0x0800115e       0x54 ./Core/Src/oled_ssd1306_dma.o
                0x0800115e                OLED_DMA_CompleteCallback
 .text.OLED_SetCursor
                0x080011b2        0xc ./Core/Src/oled_ssd1306_dma.o
                0x080011b2                OLED_SetCursor
 .text.OLED_SetFont
                0x080011be        0xa ./Core/Src/oled_ssd1306_dma.o
                0x080011be                OLED_SetFont
 .text.OLED_DrawStr
                0x080011c8       0xfc ./Core/Src/oled_ssd1306_dma.o
                0x080011c8                OLED_DrawStr
 .text.OLED_SendBuffer
                0x080012c4       0xac ./Core/Src/oled_ssd1306_dma.o
                0x080012c4                OLED_SendBuffer
 .text.HAL_MspInit
                0x08001370       0x44 ./Core/Src/stm32f1xx_hal_msp.o
                0x08001370                HAL_MspInit
 .text.HAL_ADC_MspInit
                0x080013b4       0xac ./Core/Src/stm32f1xx_hal_msp.o
                0x080013b4                HAL_ADC_MspInit
 .text.HAL_I2C_MspInit
                0x08001460       0xf8 ./Core/Src/stm32f1xx_hal_msp.o
                0x08001460                HAL_I2C_MspInit
 .text.HAL_SPI_MspInit
                0x08001558       0x78 ./Core/Src/stm32f1xx_hal_msp.o
                0x08001558                HAL_SPI_MspInit
 .text.HAL_TIM_Base_MspInit
                0x080015d0       0x60 ./Core/Src/stm32f1xx_hal_msp.o
                0x080015d0                HAL_TIM_Base_MspInit
 .text.HAL_TIM_Encoder_MspInit
                0x08001630       0x58 ./Core/Src/stm32f1xx_hal_msp.o
                0x08001630                HAL_TIM_Encoder_MspInit
 .text.HAL_TIM_MspPostInit
                0x08001688       0x84 ./Core/Src/stm32f1xx_hal_msp.o
                0x08001688                HAL_TIM_MspPostInit
 .text.HAL_UART_MspInit
                0x0800170c       0xe8 ./Core/Src/stm32f1xx_hal_msp.o
                0x0800170c                HAL_UART_MspInit
 .text.NMI_Handler
                0x080017f4        0x2 ./Core/Src/stm32f1xx_it.o
                0x080017f4                NMI_Handler
 .text.HardFault_Handler
                0x080017f6        0x2 ./Core/Src/stm32f1xx_it.o
                0x080017f6                HardFault_Handler
 .text.MemManage_Handler
                0x080017f8        0x2 ./Core/Src/stm32f1xx_it.o
                0x080017f8                MemManage_Handler
 .text.BusFault_Handler
                0x080017fa        0x2 ./Core/Src/stm32f1xx_it.o
                0x080017fa                BusFault_Handler
 .text.UsageFault_Handler
                0x080017fc        0x2 ./Core/Src/stm32f1xx_it.o
                0x080017fc                UsageFault_Handler
 .text.SVC_Handler
                0x080017fe        0x2 ./Core/Src/stm32f1xx_it.o
                0x080017fe                SVC_Handler
 .text.DebugMon_Handler
                0x08001800        0x2 ./Core/Src/stm32f1xx_it.o
                0x08001800                DebugMon_Handler
 .text.PendSV_Handler
                0x08001802        0x2 ./Core/Src/stm32f1xx_it.o
                0x08001802                PendSV_Handler
 .text.SysTick_Handler
                0x08001804        0x4 ./Core/Src/stm32f1xx_it.o
                0x08001804                SysTick_Handler
 .text.DMA1_Channel1_IRQHandler
                0x08001808        0xc ./Core/Src/stm32f1xx_it.o
                0x08001808                DMA1_Channel1_IRQHandler
 .text.DMA1_Channel4_IRQHandler
                0x08001814        0xc ./Core/Src/stm32f1xx_it.o
                0x08001814                DMA1_Channel4_IRQHandler
 .text.DMA1_Channel5_IRQHandler
                0x08001820        0xc ./Core/Src/stm32f1xx_it.o
                0x08001820                DMA1_Channel5_IRQHandler
 .text.DMA1_Channel6_IRQHandler
                0x0800182c        0xc ./Core/Src/stm32f1xx_it.o
                0x0800182c                DMA1_Channel6_IRQHandler
 .text.DMA1_Channel7_IRQHandler
                0x08001838        0xc ./Core/Src/stm32f1xx_it.o
                0x08001838                DMA1_Channel7_IRQHandler
 .text.ADC1_2_IRQHandler
                0x08001844        0xc ./Core/Src/stm32f1xx_it.o
                0x08001844                ADC1_2_IRQHandler
 .text.USB_LP_CAN1_RX0_IRQHandler
                0x08001850        0xc ./Core/Src/stm32f1xx_it.o
                0x08001850                USB_LP_CAN1_RX0_IRQHandler
 .text.TIM3_IRQHandler
                0x0800185c        0xc ./Core/Src/stm32f1xx_it.o
                0x0800185c                TIM3_IRQHandler
 .text.I2C1_EV_IRQHandler
                0x08001868        0xc ./Core/Src/stm32f1xx_it.o
                0x08001868                I2C1_EV_IRQHandler
 .text.I2C1_ER_IRQHandler
                0x08001874        0xc ./Core/Src/stm32f1xx_it.o
                0x08001874                I2C1_ER_IRQHandler
 .text.USART1_IRQHandler
                0x08001880        0xc ./Core/Src/stm32f1xx_it.o
                0x08001880                USART1_IRQHandler
 .text.SystemInit
                0x0800188c        0x2 ./Core/Src/system_stm32f1xx.o
                0x0800188c                SystemInit
 *fill*         0x0800188e        0x2 
 .text.USART1_RegisterHandle
                0x08001890       0x14 ./Core/Src/usart_dma_buffer.o
                0x08001890                USART1_RegisterHandle
 .text.USART1_SetDMACallbacks
                0x080018a4       0x1c ./Core/Src/usart_dma_buffer.o
                0x080018a4                USART1_SetDMACallbacks
 .text.USART1_DMA_Init
                0x080018c0       0x4c ./Core/Src/usart_dma_buffer.o
                0x080018c0                USART1_DMA_Init
 .text.USART1_PushTxString
                0x0800190c       0x70 ./Core/Src/usart_dma_buffer.o
                0x0800190c                USART1_PushTxString
 .text.USART1_SetRxHandler
                0x0800197c       0x14 ./Core/Src/usart_dma_buffer.o
                0x0800197c                USART1_SetRxHandler
 .text.USART1_Update
                0x08001990       0x3c ./Core/Src/usart_dma_buffer.o
                0x08001990                USART1_Update
 .text.USART1_DMA_TxCpltHandler
                0x080019cc       0x34 ./Core/Src/usart_dma_buffer.o
                0x080019cc                USART1_DMA_TxCpltHandler
 .text.HAL_UART_RxHalfCpltCallback
                0x08001a00       0x34 ./Core/Src/usart_dma_buffer.o
                0x08001a00                HAL_UART_RxHalfCpltCallback
 .text.HAL_UART_RxCpltCallback
                0x08001a34       0x44 ./Core/Src/usart_dma_buffer.o
                0x08001a34                HAL_UART_RxCpltCallback
 .text.HAL_I2C_MemTxCpltCallback
                0x08001a78        0x4 ./Core/Src/utils.o
                0x08001a78                HAL_I2C_MemTxCpltCallback
 .text.TCRTCalibCounter_Task
                0x08001a7c       0x44 ./Core/Src/utils.o
                0x08001a7c                TCRTCalibCounter_Task
 .text.HAL_ADC_ConvCpltCallback
                0x08001ac0       0x18 ./Core/Src/utils.o
                0x08001ac0                HAL_ADC_ConvCpltCallback
 .text.StateLED_Task_10ms
                0x08001ad8       0x88 ./Core/Src/utils.o
                0x08001ad8                StateLED_Task_10ms
 .text.Button_Task_10ms
                0x08001b60       0xc0 ./Core/Src/utils.o
                0x08001b60                Button_Task_10ms
 .text.HAL_TIM_PeriodElapsedCallback
                0x08001c20       0x70 ./Core/Src/utils.o
                0x08001c20                HAL_TIM_PeriodElapsedCallback
 .text.Handle_ModeChange_ByButton
                0x08001c90       0x64 ./Core/Src/utils.o
                0x08001c90                Handle_ModeChange_ByButton
 .text.Reset_Handler
                0x08001cf4       0x48 ./Core/Startup/startup_stm32f103c8tx.o
                0x08001cf4                Reset_Handler
 .text.Default_Handler
                0x08001d3c        0x2 ./Core/Startup/startup_stm32f103c8tx.o
                0x08001d3c                RTC_Alarm_IRQHandler
                0x08001d3c                EXTI2_IRQHandler
                0x08001d3c                TIM1_CC_IRQHandler
                0x08001d3c                PVD_IRQHandler
                0x08001d3c                EXTI3_IRQHandler
                0x08001d3c                EXTI0_IRQHandler
                0x08001d3c                I2C2_EV_IRQHandler
                0x08001d3c                SPI1_IRQHandler
                0x08001d3c                TAMPER_IRQHandler
                0x08001d3c                USART3_IRQHandler
                0x08001d3c                RTC_IRQHandler
                0x08001d3c                CAN1_RX1_IRQHandler
                0x08001d3c                TIM4_IRQHandler
                0x08001d3c                RCC_IRQHandler
                0x08001d3c                TIM1_TRG_COM_IRQHandler
                0x08001d3c                Default_Handler
                0x08001d3c                EXTI15_10_IRQHandler
                0x08001d3c                EXTI9_5_IRQHandler
                0x08001d3c                SPI2_IRQHandler
                0x08001d3c                EXTI4_IRQHandler
                0x08001d3c                USB_HP_CAN1_TX_IRQHandler
                0x08001d3c                DMA1_Channel3_IRQHandler
                0x08001d3c                TIM1_UP_IRQHandler
                0x08001d3c                WWDG_IRQHandler
                0x08001d3c                TIM2_IRQHandler
                0x08001d3c                TIM1_BRK_IRQHandler
                0x08001d3c                EXTI1_IRQHandler
                0x08001d3c                USART2_IRQHandler
                0x08001d3c                I2C2_ER_IRQHandler
                0x08001d3c                DMA1_Channel2_IRQHandler
                0x08001d3c                CAN1_SCE_IRQHandler
                0x08001d3c                FLASH_IRQHandler
                0x08001d3c                USBWakeUp_IRQHandler
 *fill*         0x08001d3e        0x2 
 .text.HAL_InitTick
                0x08001d40       0x48 ./Drivers/STM32F1xx_HAL_Driver/stm32f1xx_hal.o
                0x08001d40                HAL_InitTick
 .text.HAL_Init
                0x08001d88       0x24 ./Drivers/STM32F1xx_HAL_Driver/stm32f1xx_hal.o
                0x08001d88                HAL_Init
 .text.HAL_IncTick
                0x08001dac       0x18 ./Drivers/STM32F1xx_HAL_Driver/stm32f1xx_hal.o
                0x08001dac                HAL_IncTick
 .text.HAL_GetTick
                0x08001dc4        0xc ./Drivers/STM32F1xx_HAL_Driver/stm32f1xx_hal.o
                0x08001dc4                HAL_GetTick
 .text.ADC_DMAConvCplt
                0x08001dd0       0x4e ./Drivers/STM32F1xx_HAL_Driver/stm32f1xx_hal_adc.o
                0x08001dd0                ADC_DMAConvCplt
 .text.HAL_ADC_ConvHalfCpltCallback
                0x08001e1e        0x2 ./Drivers/STM32F1xx_HAL_Driver/stm32f1xx_hal_adc.o
                0x08001e1e                HAL_ADC_ConvHalfCpltCallback
 .text.ADC_DMAHalfConvCplt
                0x08001e20        0xa ./Drivers/STM32F1xx_HAL_Driver/stm32f1xx_hal_adc.o
                0x08001e20                ADC_DMAHalfConvCplt
 .text.HAL_ADC_LevelOutOfWindowCallback
                0x08001e2a        0x2 ./Drivers/STM32F1xx_HAL_Driver/stm32f1xx_hal_adc.o
                0x08001e2a                HAL_ADC_LevelOutOfWindowCallback
 .text.HAL_ADC_IRQHandler
                0x08001e2c       0xe2 ./Drivers/STM32F1xx_HAL_Driver/stm32f1xx_hal_adc.o
                0x08001e2c                HAL_ADC_IRQHandler
 .text.HAL_ADC_ErrorCallback
                0x08001f0e        0x2 ./Drivers/STM32F1xx_HAL_Driver/stm32f1xx_hal_adc.o
                0x08001f0e                HAL_ADC_ErrorCallback
 .text.ADC_DMAError
                0x08001f10       0x1a ./Drivers/STM32F1xx_HAL_Driver/stm32f1xx_hal_adc.o
                0x08001f10                ADC_DMAError
 *fill*         0x08001f2a        0x2 
 .text.HAL_ADC_ConfigChannel
                0x08001f2c       0xfc ./Drivers/STM32F1xx_HAL_Driver/stm32f1xx_hal_adc.o
                0x08001f2c                HAL_ADC_ConfigChannel
 .text.ADC_Enable
                0x08002028       0x78 ./Drivers/STM32F1xx_HAL_Driver/stm32f1xx_hal_adc.o
                0x08002028                ADC_Enable
 .text.HAL_ADC_Start_DMA
                0x080020a0      0x11c ./Drivers/STM32F1xx_HAL_Driver/stm32f1xx_hal_adc.o
                0x080020a0                HAL_ADC_Start_DMA
 .text.ADC_ConversionStop_Disable
                0x080021bc       0x4c ./Drivers/STM32F1xx_HAL_Driver/stm32f1xx_hal_adc.o
                0x080021bc                ADC_ConversionStop_Disable
 .text.HAL_ADC_Init
                0x08002208       0xfc ./Drivers/STM32F1xx_HAL_Driver/stm32f1xx_hal_adc.o
                0x08002208                HAL_ADC_Init
 .text.HAL_ADCEx_InjectedConvCpltCallback
                0x08002304        0x2 ./Drivers/STM32F1xx_HAL_Driver/stm32f1xx_hal_adc_ex.o
                0x08002304                HAL_ADCEx_InjectedConvCpltCallback
 *fill*         0x08002306        0x2 
 .text.HAL_NVIC_SetPriorityGrouping
                0x08002308       0x24 ./Drivers/STM32F1xx_HAL_Driver/stm32f1xx_hal_cortex.o
                0x08002308                HAL_NVIC_SetPriorityGrouping
 .text.HAL_NVIC_SetPriority
                0x0800232c       0x60 ./Drivers/STM32F1xx_HAL_Driver/stm32f1xx_hal_cortex.o
                0x0800232c                HAL_NVIC_SetPriority
 .text.HAL_NVIC_EnableIRQ
                0x0800238c       0x1c ./Drivers/STM32F1xx_HAL_Driver/stm32f1xx_hal_cortex.o
                0x0800238c                HAL_NVIC_EnableIRQ
 .text.HAL_SYSTICK_Config
                0x080023a8       0x28 ./Drivers/STM32F1xx_HAL_Driver/stm32f1xx_hal_cortex.o
                0x080023a8                HAL_SYSTICK_Config
 .text.HAL_DMA_Init
                0x080023d0       0x60 ./Drivers/STM32F1xx_HAL_Driver/stm32f1xx_hal_dma.o
                0x080023d0                HAL_DMA_Init
 .text.HAL_DMA_Start_IT
                0x08002430       0x78 ./Drivers/STM32F1xx_HAL_Driver/stm32f1xx_hal_dma.o
                0x08002430                HAL_DMA_Start_IT
 .text.HAL_DMA_Abort
                0x080024a8       0x3e ./Drivers/STM32F1xx_HAL_Driver/stm32f1xx_hal_dma.o
                0x080024a8                HAL_DMA_Abort
 *fill*         0x080024e6        0x2 
 .text.HAL_DMA_Abort_IT
                0x080024e8       0x8c ./Drivers/STM32F1xx_HAL_Driver/stm32f1xx_hal_dma.o
                0x080024e8                HAL_DMA_Abort_IT
 .text.HAL_DMA_IRQHandler
                0x08002574      0x128 ./Drivers/STM32F1xx_HAL_Driver/stm32f1xx_hal_dma.o
                0x08002574                HAL_DMA_IRQHandler
 .text.HAL_DMA_GetState
                0x0800269c        0x6 ./Drivers/STM32F1xx_HAL_Driver/stm32f1xx_hal_dma.o
                0x0800269c                HAL_DMA_GetState
 *fill*         0x080026a2        0x2 
 .text.HAL_GPIO_Init
                0x080026a4      0x1a8 ./Drivers/STM32F1xx_HAL_Driver/stm32f1xx_hal_gpio.o
                0x080026a4                HAL_GPIO_Init
 .text.HAL_GPIO_ReadPin
                0x0800284c        0xc ./Drivers/STM32F1xx_HAL_Driver/stm32f1xx_hal_gpio.o
                0x0800284c                HAL_GPIO_ReadPin
 .text.HAL_GPIO_WritePin
                0x08002858        0xa ./Drivers/STM32F1xx_HAL_Driver/stm32f1xx_hal_gpio.o
                0x08002858                HAL_GPIO_WritePin
 .text.I2C_IsAcknowledgeFailed
                0x08002862       0x32 ./Drivers/STM32F1xx_HAL_Driver/stm32f1xx_hal_i2c.o
 .text.I2C_WaitOnFlagUntilTimeout
                0x08002894       0x80 ./Drivers/STM32F1xx_HAL_Driver/stm32f1xx_hal_i2c.o
 .text.I2C_WaitOnMasterAddressFlagUntilTimeout
                0x08002914       0x84 ./Drivers/STM32F1xx_HAL_Driver/stm32f1xx_hal_i2c.o
 .text.I2C_WaitOnTXEFlagUntilTimeout
                0x08002998       0x54 ./Drivers/STM32F1xx_HAL_Driver/stm32f1xx_hal_i2c.o
 .text.I2C_RequestMemoryWrite
                0x080029ec       0xb4 ./Drivers/STM32F1xx_HAL_Driver/stm32f1xx_hal_i2c.o
 .text.HAL_I2C_Init
                0x08002aa0      0x150 ./Drivers/STM32F1xx_HAL_Driver/stm32f1xx_hal_i2c.o
                0x08002aa0                HAL_I2C_Init
 .text.HAL_I2C_Mem_Write_DMA
                0x08002bf0      0x18c ./Drivers/STM32F1xx_HAL_Driver/stm32f1xx_hal_i2c.o
                0x08002bf0                HAL_I2C_Mem_Write_DMA
 .text.HAL_I2C_IsDeviceReady
                0x08002d7c      0x168 ./Drivers/STM32F1xx_HAL_Driver/stm32f1xx_hal_i2c.o
                0x08002d7c                HAL_I2C_IsDeviceReady
 .text.HAL_I2C_MasterTxCpltCallback
                0x08002ee4        0x2 ./Drivers/STM32F1xx_HAL_Driver/stm32f1xx_hal_i2c.o
                0x08002ee4                HAL_I2C_MasterTxCpltCallback
 .text.HAL_I2C_MasterRxCpltCallback
                0x08002ee6        0x2 ./Drivers/STM32F1xx_HAL_Driver/stm32f1xx_hal_i2c.o
                0x08002ee6                HAL_I2C_MasterRxCpltCallback
 .text.HAL_I2C_SlaveTxCpltCallback
                0x08002ee8        0x2 ./Drivers/STM32F1xx_HAL_Driver/stm32f1xx_hal_i2c.o
                0x08002ee8                HAL_I2C_SlaveTxCpltCallback
 .text.HAL_I2C_SlaveRxCpltCallback
                0x08002eea        0x2 ./Drivers/STM32F1xx_HAL_Driver/stm32f1xx_hal_i2c.o
                0x08002eea                HAL_I2C_SlaveRxCpltCallback
 .text.HAL_I2C_AddrCallback
                0x08002eec        0x2 ./Drivers/STM32F1xx_HAL_Driver/stm32f1xx_hal_i2c.o
                0x08002eec                HAL_I2C_AddrCallback
 .text.HAL_I2C_ListenCpltCallback
                0x08002eee        0x2 ./Drivers/STM32F1xx_HAL_Driver/stm32f1xx_hal_i2c.o
                0x08002eee                HAL_I2C_ListenCpltCallback
 .text.I2C_MemoryTransmit_TXE_BTF
                0x08002ef0       0xb0 ./Drivers/STM32F1xx_HAL_Driver/stm32f1xx_hal_i2c.o
 .text.HAL_I2C_MemRxCpltCallback
                0x08002fa0        0x2 ./Drivers/STM32F1xx_HAL_Driver/stm32f1xx_hal_i2c.o
                0x08002fa0                HAL_I2C_MemRxCpltCallback
 .text.HAL_I2C_ErrorCallback
                0x08002fa2        0x2 ./Drivers/STM32F1xx_HAL_Driver/stm32f1xx_hal_i2c.o
                0x08002fa2                HAL_I2C_ErrorCallback
 .text.I2C_DMAError
                0x08002fa4       0x3a ./Drivers/STM32F1xx_HAL_Driver/stm32f1xx_hal_i2c.o
 .text.I2C_DMAXferCplt
                0x08002fde      0x114 ./Drivers/STM32F1xx_HAL_Driver/stm32f1xx_hal_i2c.o
 .text.HAL_I2C_AbortCpltCallback
                0x080030f2        0x2 ./Drivers/STM32F1xx_HAL_Driver/stm32f1xx_hal_i2c.o
                0x080030f2                HAL_I2C_AbortCpltCallback
 .text.I2C_DMAAbort
                0x080030f4       0xc0 ./Drivers/STM32F1xx_HAL_Driver/stm32f1xx_hal_i2c.o
 .text.I2C_ITError
                0x080031b4      0x150 ./Drivers/STM32F1xx_HAL_Driver/stm32f1xx_hal_i2c.o
 .text.HAL_I2C_EV_IRQHandler
                0x08003304      0x8b0 ./Drivers/STM32F1xx_HAL_Driver/stm32f1xx_hal_i2c.o
                0x08003304                HAL_I2C_EV_IRQHandler
 .text.HAL_I2C_ER_IRQHandler
                0x08003bb4      0x140 ./Drivers/STM32F1xx_HAL_Driver/stm32f1xx_hal_i2c.o
                0x08003bb4                HAL_I2C_ER_IRQHandler
 .text.HAL_PCD_Init
                0x08003cf4       0xc6 ./Drivers/STM32F1xx_HAL_Driver/stm32f1xx_hal_pcd.o
                0x08003cf4                HAL_PCD_Init
 .text.HAL_PCD_Start
                0x08003dba       0x32 ./Drivers/STM32F1xx_HAL_Driver/stm32f1xx_hal_pcd.o
                0x08003dba                HAL_PCD_Start
 .text.HAL_PCD_SetAddress
                0x08003dec       0x26 ./Drivers/STM32F1xx_HAL_Driver/stm32f1xx_hal_pcd.o
                0x08003dec                HAL_PCD_SetAddress
 *fill*         0x08003e12        0x2 
 .text.HAL_PCD_IRQHandler
                0x08003e14      0xa08 ./Drivers/STM32F1xx_HAL_Driver/stm32f1xx_hal_pcd.o
                0x08003e14                HAL_PCD_IRQHandler
 .text.HAL_PCD_EP_Open
                0x0800481c       0x60 ./Drivers/STM32F1xx_HAL_Driver/stm32f1xx_hal_pcd.o
                0x0800481c                HAL_PCD_EP_Open
 .text.HAL_PCD_EP_Close
                0x0800487c       0x50 ./Drivers/STM32F1xx_HAL_Driver/stm32f1xx_hal_pcd.o
                0x0800487c                HAL_PCD_EP_Close
 .text.HAL_PCD_EP_Receive
                0x080048cc       0x2e ./Drivers/STM32F1xx_HAL_Driver/stm32f1xx_hal_pcd.o
                0x080048cc                HAL_PCD_EP_Receive
 .text.HAL_PCD_EP_GetRxCount
                0x080048fa       0x10 ./Drivers/STM32F1xx_HAL_Driver/stm32f1xx_hal_pcd.o
                0x080048fa                HAL_PCD_EP_GetRxCount
 .text.HAL_PCD_EP_Transmit
                0x0800490a       0x30 ./Drivers/STM32F1xx_HAL_Driver/stm32f1xx_hal_pcd.o
                0x0800490a                HAL_PCD_EP_Transmit
 .text.HAL_PCD_EP_SetStall
                0x0800493a       0x6c ./Drivers/STM32F1xx_HAL_Driver/stm32f1xx_hal_pcd.o
                0x0800493a                HAL_PCD_EP_SetStall
 .text.HAL_PCD_EP_ClrStall
                0x080049a6       0x64 ./Drivers/STM32F1xx_HAL_Driver/stm32f1xx_hal_pcd.o
                0x080049a6                HAL_PCD_EP_ClrStall
 .text.HAL_PCDEx_PMAConfig
                0x08004a0a       0x32 ./Drivers/STM32F1xx_HAL_Driver/stm32f1xx_hal_pcd_ex.o
                0x08004a0a                HAL_PCDEx_PMAConfig
 .text.HAL_RCC_OscConfig
                0x08004a3c      0x338 ./Drivers/STM32F1xx_HAL_Driver/stm32f1xx_hal_rcc.o
                0x08004a3c                HAL_RCC_OscConfig
 .text.HAL_RCC_GetSysClockFreq
                0x08004d74       0x4c ./Drivers/STM32F1xx_HAL_Driver/stm32f1xx_hal_rcc.o
                0x08004d74                HAL_RCC_GetSysClockFreq
 .text.HAL_RCC_ClockConfig
                0x08004dc0      0x138 ./Drivers/STM32F1xx_HAL_Driver/stm32f1xx_hal_rcc.o
                0x08004dc0                HAL_RCC_ClockConfig
 .text.HAL_RCC_GetPCLK1Freq
                0x08004ef8       0x20 ./Drivers/STM32F1xx_HAL_Driver/stm32f1xx_hal_rcc.o
                0x08004ef8                HAL_RCC_GetPCLK1Freq
 .text.HAL_RCC_GetPCLK2Freq
                0x08004f18       0x20 ./Drivers/STM32F1xx_HAL_Driver/stm32f1xx_hal_rcc.o
                0x08004f18                HAL_RCC_GetPCLK2Freq
 .text.HAL_RCCEx_PeriphCLKConfig
                0x08004f38       0xf4 ./Drivers/STM32F1xx_HAL_Driver/stm32f1xx_hal_rcc_ex.o
                0x08004f38                HAL_RCCEx_PeriphCLKConfig
 .text.HAL_SPI_Init
                0x0800502c       0xb0 ./Drivers/STM32F1xx_HAL_Driver/stm32f1xx_hal_spi.o
                0x0800502c                HAL_SPI_Init
 .text.TIM_OC1_SetConfig
                0x080050dc       0x50 ./Drivers/STM32F1xx_HAL_Driver/stm32f1xx_hal_tim.o
 .text.TIM_OC3_SetConfig
                0x0800512c       0x54 ./Drivers/STM32F1xx_HAL_Driver/stm32f1xx_hal_tim.o
 .text.TIM_OC4_SetConfig
                0x08005180       0x44 ./Drivers/STM32F1xx_HAL_Driver/stm32f1xx_hal_tim.o
 .text.HAL_TIM_Base_Start_IT
                0x080051c4       0x54 ./Drivers/STM32F1xx_HAL_Driver/stm32f1xx_hal_tim.o
                0x080051c4                HAL_TIM_Base_Start_IT
 .text.HAL_TIM_PWM_MspInit
                0x08005218        0x2 ./Drivers/STM32F1xx_HAL_Driver/stm32f1xx_hal_tim.o
                0x08005218                HAL_TIM_PWM_MspInit
 .text.HAL_TIM_OC_DelayElapsedCallback
                0x0800521a        0x2 ./Drivers/STM32F1xx_HAL_Driver/stm32f1xx_hal_tim.o
                0x0800521a                HAL_TIM_OC_DelayElapsedCallback
 .text.HAL_TIM_IC_CaptureCallback
                0x0800521c        0x2 ./Drivers/STM32F1xx_HAL_Driver/stm32f1xx_hal_tim.o
                0x0800521c                HAL_TIM_IC_CaptureCallback
 .text.HAL_TIM_PWM_PulseFinishedCallback
                0x0800521e        0x2 ./Drivers/STM32F1xx_HAL_Driver/stm32f1xx_hal_tim.o
                0x0800521e                HAL_TIM_PWM_PulseFinishedCallback
 .text.HAL_TIM_TriggerCallback
                0x08005220        0x2 ./Drivers/STM32F1xx_HAL_Driver/stm32f1xx_hal_tim.o
                0x08005220                HAL_TIM_TriggerCallback
 .text.HAL_TIM_IRQHandler
                0x08005222      0x128 ./Drivers/STM32F1xx_HAL_Driver/stm32f1xx_hal_tim.o
                0x08005222                HAL_TIM_IRQHandler
 *fill*         0x0800534a        0x2 
 .text.TIM_Base_SetConfig
                0x0800534c       0x64 ./Drivers/STM32F1xx_HAL_Driver/stm32f1xx_hal_tim.o
                0x0800534c                TIM_Base_SetConfig
 .text.HAL_TIM_Base_Init
                0x080053b0       0x58 ./Drivers/STM32F1xx_HAL_Driver/stm32f1xx_hal_tim.o
                0x080053b0                HAL_TIM_Base_Init
 .text.HAL_TIM_PWM_Init
                0x08005408       0x58 ./Drivers/STM32F1xx_HAL_Driver/stm32f1xx_hal_tim.o
                0x08005408                HAL_TIM_PWM_Init
 .text.HAL_TIM_Encoder_Init
                0x08005460       0xa8 ./Drivers/STM32F1xx_HAL_Driver/stm32f1xx_hal_tim.o
                0x08005460                HAL_TIM_Encoder_Init
 .text.TIM_OC2_SetConfig
                0x08005508       0x58 ./Drivers/STM32F1xx_HAL_Driver/stm32f1xx_hal_tim.o
                0x08005508                TIM_OC2_SetConfig
 .text.HAL_TIM_PWM_ConfigChannel
                0x08005560       0xb0 ./Drivers/STM32F1xx_HAL_Driver/stm32f1xx_hal_tim.o
                0x08005560                HAL_TIM_PWM_ConfigChannel
 .text.TIM_ETR_SetConfig
                0x08005610       0x14 ./Drivers/STM32F1xx_HAL_Driver/stm32f1xx_hal_tim.o
                0x08005610                TIM_ETR_SetConfig
 .text.HAL_TIM_ConfigClockSource
                0x08005624      0x132 ./Drivers/STM32F1xx_HAL_Driver/stm32f1xx_hal_tim.o
                0x08005624                HAL_TIM_ConfigClockSource
 .text.TIM_CCxChannelCmd
                0x08005756       0x1c ./Drivers/STM32F1xx_HAL_Driver/stm32f1xx_hal_tim.o
                0x08005756                TIM_CCxChannelCmd
 *fill*         0x08005772        0x2 
 .text.HAL_TIM_OC_Start
                0x08005774       0x9c ./Drivers/STM32F1xx_HAL_Driver/stm32f1xx_hal_tim.o
                0x08005774                HAL_TIM_OC_Start
 .text.HAL_TIM_PWM_Start
                0x08005810        0x4 ./Drivers/STM32F1xx_HAL_Driver/stm32f1xx_hal_tim.o
                0x08005810                HAL_TIM_PWM_Start
 .text.HAL_TIM_OC_Stop
                0x08005814       0x74 ./Drivers/STM32F1xx_HAL_Driver/stm32f1xx_hal_tim.o
                0x08005814                HAL_TIM_OC_Stop
 .text.HAL_TIM_PWM_Stop
                0x08005888        0x4 ./Drivers/STM32F1xx_HAL_Driver/stm32f1xx_hal_tim.o
                0x08005888                HAL_TIM_PWM_Stop
 .text.HAL_TIMEx_MasterConfigSynchronization
                0x0800588c       0x5c ./Drivers/STM32F1xx_HAL_Driver/stm32f1xx_hal_tim_ex.o
                0x0800588c                HAL_TIMEx_MasterConfigSynchronization
 .text.HAL_TIMEx_CommutCallback
                0x080058e8        0x2 ./Drivers/STM32F1xx_HAL_Driver/stm32f1xx_hal_tim_ex.o
                0x080058e8                HAL_TIMEx_CommutCallback
 .text.HAL_TIMEx_BreakCallback
                0x080058ea        0x2 ./Drivers/STM32F1xx_HAL_Driver/stm32f1xx_hal_tim_ex.o
                0x080058ea                HAL_TIMEx_BreakCallback
 .text.UART_EndRxTransfer
                0x080058ec       0x5c ./Drivers/STM32F1xx_HAL_Driver/stm32f1xx_hal_uart.o
 .text.UART_SetConfig
                0x08005948       0x74 ./Drivers/STM32F1xx_HAL_Driver/stm32f1xx_hal_uart.o
 .text.HAL_UART_Init
                0x080059bc       0x5e ./Drivers/STM32F1xx_HAL_Driver/stm32f1xx_hal_uart.o
                0x080059bc                HAL_UART_Init
 *fill*         0x08005a1a        0x2 
 .text.HAL_UART_Transmit_DMA
                0x08005a1c       0x74 ./Drivers/STM32F1xx_HAL_Driver/stm32f1xx_hal_uart.o
                0x08005a1c                HAL_UART_Transmit_DMA
 .text.UART_DMATransmitCplt
                0x08005a90       0x4c ./Drivers/STM32F1xx_HAL_Driver/stm32f1xx_hal_uart.o
 .text.HAL_UART_TxHalfCpltCallback
                0x08005adc        0x2 ./Drivers/STM32F1xx_HAL_Driver/stm32f1xx_hal_uart.o
                0x08005adc                HAL_UART_TxHalfCpltCallback
 .text.UART_DMATxHalfCplt
                0x08005ade        0xa ./Drivers/STM32F1xx_HAL_Driver/stm32f1xx_hal_uart.o
 .text.HAL_UART_ErrorCallback
                0x08005ae8        0x2 ./Drivers/STM32F1xx_HAL_Driver/stm32f1xx_hal_uart.o
                0x08005ae8                HAL_UART_ErrorCallback
 .text.UART_DMAError
                0x08005aea       0x5a ./Drivers/STM32F1xx_HAL_Driver/stm32f1xx_hal_uart.o
 .text.UART_DMAAbortOnError
                0x08005b44       0x10 ./Drivers/STM32F1xx_HAL_Driver/stm32f1xx_hal_uart.o
 .text.HAL_UARTEx_RxEventCallback
                0x08005b54        0x2 ./Drivers/STM32F1xx_HAL_Driver/stm32f1xx_hal_uart.o
                0x08005b54                HAL_UARTEx_RxEventCallback
 .text.UART_DMARxHalfCplt
                0x08005b56       0x1e ./Drivers/STM32F1xx_HAL_Driver/stm32f1xx_hal_uart.o
 .text.UART_DMAReceiveCplt
                0x08005b74       0x98 ./Drivers/STM32F1xx_HAL_Driver/stm32f1xx_hal_uart.o
 .text.UART_Receive_IT.isra.0
                0x08005c0c       0xb6 ./Drivers/STM32F1xx_HAL_Driver/stm32f1xx_hal_uart.o
 *fill*         0x08005cc2        0x2 
 .text.HAL_UART_IRQHandler
                0x08005cc4      0x294 ./Drivers/STM32F1xx_HAL_Driver/stm32f1xx_hal_uart.o
                0x08005cc4                HAL_UART_IRQHandler
 .text.UART_Start_Receive_DMA
                0x08005f58       0x98 ./Drivers/STM32F1xx_HAL_Driver/stm32f1xx_hal_uart.o
                0x08005f58                UART_Start_Receive_DMA
 .text.HAL_UART_Receive_DMA
                0x08005ff0       0x22 ./Drivers/STM32F1xx_HAL_Driver/stm32f1xx_hal_uart.o
                0x08005ff0                HAL_UART_Receive_DMA
 .text.USB_CoreInit
                0x08006012        0xe ./Drivers/STM32F1xx_HAL_Driver/stm32f1xx_ll_usb.o
                0x08006012                USB_CoreInit
 .text.USB_EnableGlobalInt
                0x08006020       0x12 ./Drivers/STM32F1xx_HAL_Driver/stm32f1xx_ll_usb.o
                0x08006020                USB_EnableGlobalInt
 .text.USB_DisableGlobalInt
                0x08006032       0x14 ./Drivers/STM32F1xx_HAL_Driver/stm32f1xx_ll_usb.o
                0x08006032                USB_DisableGlobalInt
 .text.USB_SetCurrentMode
                0x08006046        0x4 ./Drivers/STM32F1xx_HAL_Driver/stm32f1xx_ll_usb.o
                0x08006046                USB_SetCurrentMode
 .text.USB_DevInit
                0x0800604a       0x22 ./Drivers/STM32F1xx_HAL_Driver/stm32f1xx_ll_usb.o
                0x0800604a                USB_DevInit
 .text.USB_ActivateEndpoint
                0x0800606c      0x2c0 ./Drivers/STM32F1xx_HAL_Driver/stm32f1xx_ll_usb.o
                0x0800606c                USB_ActivateEndpoint
 .text.USB_DeactivateEndpoint
                0x0800632c      0x1a6 ./Drivers/STM32F1xx_HAL_Driver/stm32f1xx_ll_usb.o
                0x0800632c                USB_DeactivateEndpoint
 .text.USB_EPSetStall
                0x080064d2       0x40 ./Drivers/STM32F1xx_HAL_Driver/stm32f1xx_ll_usb.o
                0x080064d2                USB_EPSetStall
 .text.USB_EPClearStall
                0x08006512       0x92 ./Drivers/STM32F1xx_HAL_Driver/stm32f1xx_ll_usb.o
                0x08006512                USB_EPClearStall
 .text.USB_SetDevAddress
                0x080065a4        0xc ./Drivers/STM32F1xx_HAL_Driver/stm32f1xx_ll_usb.o
                0x080065a4                USB_SetDevAddress
 .text.USB_DevConnect
                0x080065b0        0x4 ./Drivers/STM32F1xx_HAL_Driver/stm32f1xx_ll_usb.o
                0x080065b0                USB_DevConnect
 .text.USB_DevDisconnect
                0x080065b4        0x4 ./Drivers/STM32F1xx_HAL_Driver/stm32f1xx_ll_usb.o
                0x080065b4                USB_DevDisconnect
 .text.USB_ReadInterrupts
                0x080065b8        0x8 ./Drivers/STM32F1xx_HAL_Driver/stm32f1xx_ll_usb.o
                0x080065b8                USB_ReadInterrupts
 .text.USB_EP0_OutStart
                0x080065c0        0x4 ./Drivers/STM32F1xx_HAL_Driver/stm32f1xx_ll_usb.o
                0x080065c0                USB_EP0_OutStart
 .text.USB_WritePMA
                0x080065c4       0x20 ./Drivers/STM32F1xx_HAL_Driver/stm32f1xx_ll_usb.o
                0x080065c4                USB_WritePMA
 .text.USB_EPStartXfer
                0x080065e4      0x46a ./Drivers/STM32F1xx_HAL_Driver/stm32f1xx_ll_usb.o
                0x080065e4                USB_EPStartXfer
 .text.USB_ReadPMA
                0x08006a4e       0x38 ./Drivers/STM32F1xx_HAL_Driver/stm32f1xx_ll_usb.o
                0x08006a4e                USB_ReadPMA
 .text.USBD_CDC_EP0_RxReady
                0x08006a86       0x28 ./Middlewares/USB_Device_Library/usbd_cdc.o
 *fill*         0x08006aae        0x2 
 .text.USBD_CDC_GetFSCfgDesc
                0x08006ab0        0xc ./Middlewares/USB_Device_Library/usbd_cdc.o
 .text.USBD_CDC_GetHSCfgDesc
                0x08006abc        0xc ./Middlewares/USB_Device_Library/usbd_cdc.o
 .text.USBD_CDC_GetOtherSpeedCfgDesc
                0x08006ac8        0xc ./Middlewares/USB_Device_Library/usbd_cdc.o
 .text.USBD_CDC_GetDeviceQualifierDescriptor
                0x08006ad4        0xc ./Middlewares/USB_Device_Library/usbd_cdc.o
                0x08006ad4                USBD_CDC_GetDeviceQualifierDescriptor
 .text.USBD_CDC_DataOut
                0x08006ae0       0x2e ./Middlewares/USB_Device_Library/usbd_cdc.o
 .text.USBD_CDC_DataIn
                0x08006b0e       0x40 ./Middlewares/USB_Device_Library/usbd_cdc.o
 .text.USBD_CDC_Setup
                0x08006b4e       0xa2 ./Middlewares/USB_Device_Library/usbd_cdc.o
 .text.USBD_CDC_DeInit
                0x08006bf0       0x42 ./Middlewares/USB_Device_Library/usbd_cdc.o
 .text.USBD_CDC_Init
                0x08006c32       0x8c ./Middlewares/USB_Device_Library/usbd_cdc.o
 .text.USBD_CDC_RegisterInterface
                0x08006cbe        0xe ./Middlewares/USB_Device_Library/usbd_cdc.o
                0x08006cbe                USBD_CDC_RegisterInterface
 .text.USBD_CDC_SetTxBuffer
                0x08006ccc       0x10 ./Middlewares/USB_Device_Library/usbd_cdc.o
                0x08006ccc                USBD_CDC_SetTxBuffer
 .text.USBD_CDC_SetRxBuffer
                0x08006cdc        0xc ./Middlewares/USB_Device_Library/usbd_cdc.o
                0x08006cdc                USBD_CDC_SetRxBuffer
 .text.USBD_CDC_ReceivePacket
                0x08006ce8       0x26 ./Middlewares/USB_Device_Library/usbd_cdc.o
                0x08006ce8                USBD_CDC_ReceivePacket
 .text.USBD_Init
                0x08006d0e       0x2a ./Middlewares/USB_Device_Library/usbd_core.o
                0x08006d0e                USBD_Init
 .text.USBD_RegisterClass
                0x08006d38        0xe ./Middlewares/USB_Device_Library/usbd_core.o
                0x08006d38                USBD_RegisterClass
 .text.USBD_Start
                0x08006d46        0xa ./Middlewares/USB_Device_Library/usbd_core.o
                0x08006d46                USBD_Start
 .text.USBD_SetClassConfig
                0x08006d50       0x1a ./Middlewares/USB_Device_Library/usbd_core.o
                0x08006d50                USBD_SetClassConfig
 .text.USBD_ClrClassConfig
                0x08006d6a        0xe ./Middlewares/USB_Device_Library/usbd_core.o
                0x08006d6a                USBD_ClrClassConfig
 .text.USBD_LL_SetupStage
                0x08006d78       0x5a ./Middlewares/USB_Device_Library/usbd_core.o
                0x08006d78                USBD_LL_SetupStage
 .text.USBD_LL_DataOutStage
                0x08006dd2       0x70 ./Middlewares/USB_Device_Library/usbd_core.o
                0x08006dd2                USBD_LL_DataOutStage
 .text.USBD_LL_DataInStage
                0x08006e42       0xb8 ./Middlewares/USB_Device_Library/usbd_core.o
                0x08006e42                USBD_LL_DataInStage
 .text.USBD_LL_Reset
                0x08006efa       0x4e ./Middlewares/USB_Device_Library/usbd_core.o
                0x08006efa                USBD_LL_Reset
 .text.USBD_LL_SetSpeed
                0x08006f48        0x6 ./Middlewares/USB_Device_Library/usbd_core.o
                0x08006f48                USBD_LL_SetSpeed
 .text.USBD_LL_Suspend
                0x08006f4e       0x12 ./Middlewares/USB_Device_Library/usbd_core.o
                0x08006f4e                USBD_LL_Suspend
 .text.USBD_LL_Resume
                0x08006f60       0x14 ./Middlewares/USB_Device_Library/usbd_core.o
                0x08006f60                USBD_LL_Resume
 .text.USBD_LL_SOF
                0x08006f74       0x18 ./Middlewares/USB_Device_Library/usbd_core.o
                0x08006f74                USBD_LL_SOF
 .text.USBD_CtlError.constprop.0
                0x08006f8c       0x16 ./Middlewares/USB_Device_Library/usbd_ctlreq.o
 *fill*         0x08006fa2        0x2 
 .text.USBD_StdDevReq
                0x08006fa4      0x290 ./Middlewares/USB_Device_Library/usbd_ctlreq.o
                0x08006fa4                USBD_StdDevReq
 .text.USBD_StdItfReq
                0x08007234       0x48 ./Middlewares/USB_Device_Library/usbd_ctlreq.o
                0x08007234                USBD_StdItfReq
 .text.USBD_StdEPReq
                0x0800727c      0x118 ./Middlewares/USB_Device_Library/usbd_ctlreq.o
                0x0800727c                USBD_StdEPReq
 .text.USBD_ParseSetupRequest
                0x08007394       0x16 ./Middlewares/USB_Device_Library/usbd_ctlreq.o
                0x08007394                USBD_ParseSetupRequest
 .text.USBD_CtlError
                0x080073aa       0x16 ./Middlewares/USB_Device_Library/usbd_ctlreq.o
                0x080073aa                USBD_CtlError
 .text.USBD_GetString
                0x080073c0       0x38 ./Middlewares/USB_Device_Library/usbd_ctlreq.o
                0x080073c0                USBD_GetString
 .text.USBD_CtlSendData
                0x080073f8       0x1a ./Middlewares/USB_Device_Library/usbd_ioreq.o
                0x080073f8                USBD_CtlSendData
 .text.USBD_CtlContinueSendData
                0x08007412       0x10 ./Middlewares/USB_Device_Library/usbd_ioreq.o
                0x08007412                USBD_CtlContinueSendData
 .text.USBD_CtlPrepareRx
                0x08007422       0x1a ./Middlewares/USB_Device_Library/usbd_ioreq.o
                0x08007422                USBD_CtlPrepareRx
 .text.USBD_CtlContinueRx
                0x0800743c       0x10 ./Middlewares/USB_Device_Library/usbd_ioreq.o
                0x0800743c                USBD_CtlContinueRx
 .text.USBD_CtlSendStatus
                0x0800744c       0x16 ./Middlewares/USB_Device_Library/usbd_ioreq.o
                0x0800744c                USBD_CtlSendStatus
 .text.USBD_CtlReceiveStatus
                0x08007462       0x16 ./Middlewares/USB_Device_Library/usbd_ioreq.o
                0x08007462                USBD_CtlReceiveStatus
 .text.MX_USB_DEVICE_Init
                0x08007478       0x50 ./USB_DEVICE/App/usb_device.o
                0x08007478                MX_USB_DEVICE_Init
 .text.CDC_DeInit_FS
                0x080074c8        0x4 ./USB_DEVICE/App/usbd_cdc_if.o
 .text.CDC_Control_FS
                0x080074cc        0x4 ./USB_DEVICE/App/usbd_cdc_if.o
 .text.CDC_Receive_FS
                0x080074d0       0x1c ./USB_DEVICE/App/usbd_cdc_if.o
 .text.CDC_Init_FS
                0x080074ec       0x28 ./USB_DEVICE/App/usbd_cdc_if.o
 .text.USBD_FS_DeviceDescriptor
                0x08007514        0xc ./USB_DEVICE/App/usbd_desc.o
                0x08007514                USBD_FS_DeviceDescriptor
 .text.USBD_FS_LangIDStrDescriptor
                0x08007520        0xc ./USB_DEVICE/App/usbd_desc.o
                0x08007520                USBD_FS_LangIDStrDescriptor
 .text.IntToUnicode
                0x0800752c       0x2a ./USB_DEVICE/App/usbd_desc.o
 *fill*         0x08007556        0x2 
 .text.USBD_FS_SerialStrDescriptor
                0x08007558       0x3c ./USB_DEVICE/App/usbd_desc.o
                0x08007558                USBD_FS_SerialStrDescriptor
 .text.USBD_FS_ManufacturerStrDescriptor
                0x08007594       0x1c ./USB_DEVICE/App/usbd_desc.o
                0x08007594                USBD_FS_ManufacturerStrDescriptor
 .text.USBD_FS_ProductStrDescriptor
                0x080075b0       0x1c ./USB_DEVICE/App/usbd_desc.o
                0x080075b0                USBD_FS_ProductStrDescriptor
 .text.USBD_FS_ConfigStrDescriptor
                0x080075cc       0x1c ./USB_DEVICE/App/usbd_desc.o
                0x080075cc                USBD_FS_ConfigStrDescriptor
 .text.USBD_FS_InterfaceStrDescriptor
                0x080075e8       0x1c ./USB_DEVICE/App/usbd_desc.o
                0x080075e8                USBD_FS_InterfaceStrDescriptor
 .text.USBD_Get_USB_Status
                0x08007604        0xc ./USB_DEVICE/Target/usbd_conf.o
 .text.HAL_PCD_MspInit
                0x08007610       0x40 ./USB_DEVICE/Target/usbd_conf.o
                0x08007610                HAL_PCD_MspInit
 .text.HAL_PCD_SetupStageCallback
                0x08007650        0xc ./USB_DEVICE/Target/usbd_conf.o
                0x08007650                HAL_PCD_SetupStageCallback
 .text.HAL_PCD_DataOutStageCallback
                0x0800765c       0x12 ./USB_DEVICE/Target/usbd_conf.o
                0x0800765c                HAL_PCD_DataOutStageCallback
 .text.HAL_PCD_DataInStageCallback
                0x0800766e       0x10 ./USB_DEVICE/Target/usbd_conf.o
                0x0800766e                HAL_PCD_DataInStageCallback
 .text.HAL_PCD_SOFCallback
                0x0800767e        0x8 ./USB_DEVICE/Target/usbd_conf.o
                0x0800767e                HAL_PCD_SOFCallback
 .text.HAL_PCD_ResetCallback
                0x08007686       0x24 ./USB_DEVICE/Target/usbd_conf.o
                0x08007686                HAL_PCD_ResetCallback
 *fill*         0x080076aa        0x2 
 .text.HAL_PCD_SuspendCallback
                0x080076ac       0x20 ./USB_DEVICE/Target/usbd_conf.o
                0x080076ac                HAL_PCD_SuspendCallback
 .text.HAL_PCD_ResumeCallback
                0x080076cc        0x8 ./USB_DEVICE/Target/usbd_conf.o
                0x080076cc                HAL_PCD_ResumeCallback
 .text.USBD_LL_Init
                0x080076d4       0x80 ./USB_DEVICE/Target/usbd_conf.o
                0x080076d4                USBD_LL_Init
 .text.USBD_LL_Start
                0x08007754       0x12 ./USB_DEVICE/Target/usbd_conf.o
                0x08007754                USBD_LL_Start
 .text.USBD_LL_OpenEP
                0x08007766       0x18 ./USB_DEVICE/Target/usbd_conf.o
                0x08007766                USBD_LL_OpenEP
 .text.USBD_LL_CloseEP
                0x0800777e       0x12 ./USB_DEVICE/Target/usbd_conf.o
                0x0800777e                USBD_LL_CloseEP
 .text.USBD_LL_StallEP
                0x08007790       0x12 ./USB_DEVICE/Target/usbd_conf.o
                0x08007790                USBD_LL_StallEP
 .text.USBD_LL_ClearStallEP
                0x080077a2       0x12 ./USB_DEVICE/Target/usbd_conf.o
                0x080077a2                USBD_LL_ClearStallEP
 .text.USBD_LL_IsStallEP
                0x080077b4       0x22 ./USB_DEVICE/Target/usbd_conf.o
                0x080077b4                USBD_LL_IsStallEP
 .text.USBD_LL_SetUSBAddress
                0x080077d6       0x12 ./USB_DEVICE/Target/usbd_conf.o
                0x080077d6                USBD_LL_SetUSBAddress
 .text.USBD_LL_Transmit
                0x080077e8       0x12 ./USB_DEVICE/Target/usbd_conf.o
                0x080077e8                USBD_LL_Transmit
 .text.USBD_LL_PrepareReceive
                0x080077fa       0x12 ./USB_DEVICE/Target/usbd_conf.o
                0x080077fa                USBD_LL_PrepareReceive
 .text.USBD_LL_GetRxDataSize
                0x0800780c        0x8 ./USB_DEVICE/Target/usbd_conf.o
                0x0800780c                USBD_LL_GetRxDataSize
 .text.USBD_static_malloc
                0x08007814        0x8 ./USB_DEVICE/Target/usbd_conf.o
                0x08007814                USBD_static_malloc
 .text.USBD_static_free
                0x0800781c        0x2 ./USB_DEVICE/Target/usbd_conf.o
                0x0800781c                USBD_static_free
 .text.HAL_PCDEx_SetConnectionState
                0x0800781e        0x2 ./USB_DEVICE/Target/usbd_conf.o
                0x0800781e                HAL_PCDEx_SetConnectionState
 .text.Median3_Init
                0x08007820       0x2a C:\Users\kobac\OneDrive\Escritorio\Facultad\Microcontroladores\Auto Proyecto\HAL Libs\TCRT5000\Debug\libHAL_LIB_TCRT5000_KOBA.a(tcrt5000.o)
 *fill*         0x0800784a        0x2 
 .text.Median3_Filter
                0x0800784c       0x94 C:\Users\kobac\OneDrive\Escritorio\Facultad\Microcontroladores\Auto Proyecto\HAL Libs\TCRT5000\Debug\libHAL_LIB_TCRT5000_KOBA.a(tcrt5000.o)
 .text.EMAFast_Init
                0x080078e0       0x22 C:\Users\kobac\OneDrive\Escritorio\Facultad\Microcontroladores\Auto Proyecto\HAL Libs\TCRT5000\Debug\libHAL_LIB_TCRT5000_KOBA.a(tcrt5000.o)
 .text.EMAFast_Filter
                0x08007902       0x44 C:\Users\kobac\OneDrive\Escritorio\Facultad\Microcontroladores\Auto Proyecto\HAL Libs\TCRT5000\Debug\libHAL_LIB_TCRT5000_KOBA.a(tcrt5000.o)
 .text.MovAvg4_Init
                0x08007946       0x36 C:\Users\kobac\OneDrive\Escritorio\Facultad\Microcontroladores\Auto Proyecto\HAL Libs\TCRT5000\Debug\libHAL_LIB_TCRT5000_KOBA.a(tcrt5000.o)
 .text.MovAvg4_Filter
                0x0800797c       0x60 C:\Users\kobac\OneDrive\Escritorio\Facultad\Microcontroladores\Auto Proyecto\HAL Libs\TCRT5000\Debug\libHAL_LIB_TCRT5000_KOBA.a(tcrt5000.o)
 .text.TCRT5000_Create
                0x080079dc      0x1d4 C:\Users\kobac\OneDrive\Escritorio\Facultad\Microcontroladores\Auto Proyecto\HAL Libs\TCRT5000\Debug\libHAL_LIB_TCRT5000_KOBA.a(tcrt5000.o)
                0x080079dc                TCRT5000_Create
 .text.TCRT5000_SetAutoModeAdvance
                0x08007bb0       0x26 C:\Users\kobac\OneDrive\Escritorio\Facultad\Microcontroladores\Auto Proyecto\HAL Libs\TCRT5000\Debug\libHAL_LIB_TCRT5000_KOBA.a(tcrt5000.o)
                0x08007bb0                TCRT5000_SetAutoModeAdvance
 .text.TCRT5000_RequestModeChange
                0x08007bd6       0x22 C:\Users\kobac\OneDrive\Escritorio\Facultad\Microcontroladores\Auto Proyecto\HAL Libs\TCRT5000\Debug\libHAL_LIB_TCRT5000_KOBA.a(tcrt5000.o)
                0x08007bd6                TCRT5000_RequestModeChange
 .text.TCRT5000_StartCalibration
                0x08007bf8       0xc2 C:\Users\kobac\OneDrive\Escritorio\Facultad\Microcontroladores\Auto Proyecto\HAL Libs\TCRT5000\Debug\libHAL_LIB_TCRT5000_KOBA.a(tcrt5000.o)
                0x08007bf8                TCRT5000_StartCalibration
 *fill*         0x08007cba        0x2 
 .text.TCRT5000_Update
                0x08007cbc      0x67c C:\Users\kobac\OneDrive\Escritorio\Facultad\Microcontroladores\Auto Proyecto\HAL Libs\TCRT5000\Debug\libHAL_LIB_TCRT5000_KOBA.a(tcrt5000.o)
                0x08007cbc                TCRT5000_Update
 .text.ResetPhaseCounters
                0x08008338       0xdc C:\Users\kobac\OneDrive\Escritorio\Facultad\Microcontroladores\Auto Proyecto\HAL Libs\TCRT5000\Debug\libHAL_LIB_TCRT5000_KOBA.a(tcrt5000.o)
                0x08008338                ResetPhaseCounters
 .text.TCRT5000_ChangeMode
                0x08008414       0x6e C:\Users\kobac\OneDrive\Escritorio\Facultad\Microcontroladores\Auto Proyecto\HAL Libs\TCRT5000\Debug\libHAL_LIB_TCRT5000_KOBA.a(tcrt5000.o)
                0x08008414                TCRT5000_ChangeMode
 .text.memset   0x08008482       0x10 C:/ST/STM32CubeIDE_1.18.1/STM32CubeIDE/plugins/com.st.stm32cube.ide.mcu.externaltools.gnu-tools-for-stm32.13.3.rel1.win32_1.0.0.202411081344/tools/bin/../lib/gcc/arm-none-eabi/13.3.1/../../../../arm-none-eabi/lib/thumb/v7-m/nofp\libc_nano.a(libc_a-memset.o)
                0x08008482                memset
 *fill*         0x08008492        0x2 
 .text.__libc_init_array
                0x08008494       0x48 C:/ST/STM32CubeIDE_1.18.1/STM32CubeIDE/plugins/com.st.stm32cube.ide.mcu.externaltools.gnu-tools-for-stm32.13.3.rel1.win32_1.0.0.202411081344/tools/bin/../lib/gcc/arm-none-eabi/13.3.1/../../../../arm-none-eabi/lib/thumb/v7-m/nofp\libc_nano.a(libc_a-init.o)
                0x08008494                __libc_init_array
 .text.memcpy   0x080084dc       0x1c C:/ST/STM32CubeIDE_1.18.1/STM32CubeIDE/plugins/com.st.stm32cube.ide.mcu.externaltools.gnu-tools-for-stm32.13.3.rel1.win32_1.0.0.202411081344/tools/bin/../lib/gcc/arm-none-eabi/13.3.1/../../../../arm-none-eabi/lib/thumb/v7-m/nofp\libc_nano.a(libc_a-memcpy-stub.o)
                0x080084dc                memcpy
 *(.glue_7)
 .glue_7        0x080084f8        0x0 linker stubs
 *(.glue_7t)
 .glue_7t       0x080084f8        0x0 linker stubs
 *(.eh_frame)
 .eh_frame      0x080084f8        0x0 C:/ST/STM32CubeIDE_1.18.1/STM32CubeIDE/plugins/com.st.stm32cube.ide.mcu.externaltools.gnu-tools-for-stm32.13.3.rel1.win32_1.0.0.202411081344/tools/bin/../lib/gcc/arm-none-eabi/13.3.1/thumb/v7-m/nofp/crtbegin.o
 *(.init)
 .init          0x080084f8        0x4 C:/ST/STM32CubeIDE_1.18.1/STM32CubeIDE/plugins/com.st.stm32cube.ide.mcu.externaltools.gnu-tools-for-stm32.13.3.rel1.win32_1.0.0.202411081344/tools/bin/../lib/gcc/arm-none-eabi/13.3.1/thumb/v7-m/nofp/crti.o
                0x080084f8                _init
 .init          0x080084fc        0x8 C:/ST/STM32CubeIDE_1.18.1/STM32CubeIDE/plugins/com.st.stm32cube.ide.mcu.externaltools.gnu-tools-for-stm32.13.3.rel1.win32_1.0.0.202411081344/tools/bin/../lib/gcc/arm-none-eabi/13.3.1/thumb/v7-m/nofp/crtn.o
 *(.fini)
 .fini          0x08008504        0x4 C:/ST/STM32CubeIDE_1.18.1/STM32CubeIDE/plugins/com.st.stm32cube.ide.mcu.externaltools.gnu-tools-for-stm32.13.3.rel1.win32_1.0.0.202411081344/tools/bin/../lib/gcc/arm-none-eabi/13.3.1/thumb/v7-m/nofp/crti.o
                0x08008504                _fini
 .fini          0x08008508        0x8 C:/ST/STM32CubeIDE_1.18.1/STM32CubeIDE/plugins/com.st.stm32cube.ide.mcu.externaltools.gnu-tools-for-stm32.13.3.rel1.win32_1.0.0.202411081344/tools/bin/../lib/gcc/arm-none-eabi/13.3.1/thumb/v7-m/nofp/crtn.o
                0x08008510                        . = ALIGN (0x4)
                0x08008510                        _etext = .

.vfp11_veneer   0x08008510        0x0
 .vfp11_veneer  0x08008510        0x0 linker stubs

.v4_bx          0x08008510        0x0
 .v4_bx         0x08008510        0x0 linker stubs

.iplt           0x08008510        0x0
 .iplt          0x08008510        0x0 C:/ST/STM32CubeIDE_1.18.1/STM32CubeIDE/plugins/com.st.stm32cube.ide.mcu.externaltools.gnu-tools-for-stm32.13.3.rel1.win32_1.0.0.202411081344/tools/bin/../lib/gcc/arm-none-eabi/13.3.1/thumb/v7-m/nofp/crtbegin.o

.rodata         0x08008510     0x1710
                0x08008510                        . = ALIGN (0x4)
 *(.rodata)
 *(.rodata*)
 .rodata.Font11x18
                0x08008510      0xd5c ./Core/Src/fonts.o
 .rodata.Font7x10
                0x0800926c      0x76c ./Core/Src/fonts.o
 .rodata.initCarMode.str1.1
                0x080099d8      0x1fd ./Core/Src/main.o
                                 0x21 (size before relaxing)
 .rodata.initTCRTLib.str1.1
                0x08009bd5       0xad ./Core/Src/main.o
 .rodata.InitMotorTask.str1.1
                0x08009bd5       0x35 ./Core/Src/main.o
 .rodata.main.str1.1
                0x08009bd5       0x40 ./Core/Src/main.o
 .rodata.str1.1
                0x08009bd5       0x78 ./Core/Src/main.o
 .rodata.ssd1306_init_seq
                0x08009bd5       0x1a ./Core/Src/oled_ssd1306_dma.o
 .rodata.APBPrescTable
                0x08009bef        0x8 ./Core/Src/system_stm32f1xx.o
                0x08009bef                APBPrescTable
 .rodata.AHBPrescTable
                0x08009bf7       0x10 ./Core/Src/system_stm32f1xx.o
                0x08009bf7                AHBPrescTable
 .rodata.CSWTCH.15
                0x08009c07        0x3 ./Core/Src/utils.o
 .rodata.CSWTCH.14
                0x08009c0a        0x3 ./Core/Src/utils.o
 .rodata.aPredivFactorTable.0
                0x08009c0d        0x2 ./Drivers/STM32F1xx_HAL_Driver/stm32f1xx_hal_rcc.o
 .rodata.aPLLMULFactorTable.1
                0x08009c0f       0x10 ./Drivers/STM32F1xx_HAL_Driver/stm32f1xx_hal_rcc.o
 .rodata.USBD_FS_ManufacturerStrDescriptor.str1.1
                0x08009c1f       0x13 ./USB_DEVICE/App/usbd_desc.o
 .rodata.USBD_FS_ProductStrDescriptor.str1.1
                0x08009c1f       0x16 ./USB_DEVICE/App/usbd_desc.o
 .rodata.USBD_FS_ConfigStrDescriptor.str1.1
                0x08009c1f        0xb ./USB_DEVICE/App/usbd_desc.o
 .rodata.USBD_FS_InterfaceStrDescriptor.str1.1
                0x08009c1f        0xe ./USB_DEVICE/App/usbd_desc.o
                0x08009c84                        . = ALIGN (0x4)
 *fill*         0x08009c1f        0x1 

.ARM.extab      0x08009c20        0x0
                0x08009c20                        . = ALIGN (0x4)
 *(.ARM.extab* .gnu.linkonce.armextab.*)
                0x08009c20                        . = ALIGN (0x4)

.ARM            0x08009c20        0x8
                0x08009c20                        . = ALIGN (0x4)
                0x08009c20                        __exidx_start = .
 *(.ARM.exidx*)
 .ARM.exidx     0x08009c20        0x8 C:/ST/STM32CubeIDE_1.18.1/STM32CubeIDE/plugins/com.st.stm32cube.ide.mcu.externaltools.gnu-tools-for-stm32.13.3.rel1.win32_1.0.0.202411081344/tools/bin/../lib/gcc/arm-none-eabi/13.3.1/../../../../arm-none-eabi/lib/thumb/v7-m/nofp\libc_nano.a(libc_a-strlen.o)
                0x08009c28                        __exidx_end = .
                0x08009c28                        . = ALIGN (0x4)

.preinit_array  0x08009c28        0x0
                0x08009c28                        . = ALIGN (0x4)
                0x08009c28                        PROVIDE (__preinit_array_start = .)
 *(.preinit_array*)
                0x08009c28                        PROVIDE (__preinit_array_end = .)
                0x08009c28                        . = ALIGN (0x4)

.init_array     0x08009c28        0x4
                0x08009c28                        . = ALIGN (0x4)
                0x08009c28                        PROVIDE (__init_array_start = .)
 *(SORT_BY_NAME(.init_array.*))
 *(.init_array*)
 .init_array    0x08009c28        0x4 C:/ST/STM32CubeIDE_1.18.1/STM32CubeIDE/plugins/com.st.stm32cube.ide.mcu.externaltools.gnu-tools-for-stm32.13.3.rel1.win32_1.0.0.202411081344/tools/bin/../lib/gcc/arm-none-eabi/13.3.1/thumb/v7-m/nofp/crtbegin.o
                0x08009c2c                        PROVIDE (__init_array_end = .)
                0x08009c2c                        . = ALIGN (0x4)

.fini_array     0x08009c2c        0x4
                0x08009c2c                        . = ALIGN (0x4)
                [!provide]                        PROVIDE (__fini_array_start = .)
 *(SORT_BY_NAME(.fini_array.*))
 *(.fini_array*)
 .fini_array    0x08009c2c        0x4 C:/ST/STM32CubeIDE_1.18.1/STM32CubeIDE/plugins/com.st.stm32cube.ide.mcu.externaltools.gnu-tools-for-stm32.13.3.rel1.win32_1.0.0.202411081344/tools/bin/../lib/gcc/arm-none-eabi/13.3.1/thumb/v7-m/nofp/crtbegin.o
                [!provide]                        PROVIDE (__fini_array_end = .)
                0x08009c30                        . = ALIGN (0x4)
                0x08009c30                        _sidata = LOADADDR (.data)

.rel.dyn        0x08009c30        0x0
 .rel.iplt      0x08009c30        0x0 C:/ST/STM32CubeIDE_1.18.1/STM32CubeIDE/plugins/com.st.stm32cube.ide.mcu.externaltools.gnu-tools-for-stm32.13.3.rel1.win32_1.0.0.202411081344/tools/bin/../lib/gcc/arm-none-eabi/13.3.1/thumb/v7-m/nofp/crtbegin.o

.data           0x20000000      0x2e0 load address 0x08009c30
                0x20000000                        . = ALIGN (0x4)
                0x20000000                        _sdata = .
 *(.data)
 *(.data*)
 .data.Font_11x18
                0x20000000        0x8 ./Core/Src/fonts.o
                0x20000000                Font_11x18
 .data.Font_7x10
                0x20000008        0x8 ./Core/Src/fonts.o
                0x20000008                Font_7x10
 .data.last_active_index
                0x20000010        0x1 ./Core/Src/i2c_manager.o
 *fill*         0x20000011        0x3 
 .data.submenu3
                0x20000014       0x14 ./Core/Src/main.o
                0x20000014                submenu3
 .data.submenu3Items
                0x20000028       0x30 ./Core/Src/main.o
                0x20000028                submenu3Items
 .data.submenu2
                0x20000058       0x14 ./Core/Src/main.o
                0x20000058                submenu2
 .data.submenu2Items
                0x2000006c       0x30 ./Core/Src/main.o
                0x2000006c                submenu2Items
 .data.submenu1
                0x2000009c       0x14 ./Core/Src/main.o
                0x2000009c                submenu1
 .data.submenu1Items
                0x200000b0       0x40 ./Core/Src/main.o
                0x200000b0                submenu1Items
 .data.mainMenu
                0x200000f0       0x14 ./Core/Src/main.o
                0x200000f0                mainMenu
 .data.mainMenuItems
                0x20000104       0x40 ./Core/Src/main.o
                0x20000104                mainMenuItems
 .data.menuSystem
                0x20000144       0x14 ./Core/Src/main.o
                0x20000144                menuSystem
 .data.pull_cfg
                0x20000158        0x8 ./Core/Src/main.o
                0x20000158                pull_cfg
 .data.motorBothSpeed
                0x20000160        0x1 ./Core/Src/main.o
 *fill*         0x20000161        0x3 
 .data.SystemCoreClock
                0x20000164        0x4 ./Core/Src/system_stm32f1xx.o
                0x20000164                SystemCoreClock
 .data.uwTickFreq
                0x20000168        0x1 ./Drivers/STM32F1xx_HAL_Driver/stm32f1xx_hal.o
                0x20000168                uwTickFreq
 *fill*         0x20000169        0x3 
 .data.uwTickPrio
                0x2000016c        0x4 ./Drivers/STM32F1xx_HAL_Driver/stm32f1xx_hal.o
                0x2000016c                uwTickPrio
 .data.USBD_CDC_OtherSpeedCfgDesc
                0x20000170       0x43 ./Middlewares/USB_Device_Library/usbd_cdc.o
                0x20000170                USBD_CDC_OtherSpeedCfgDesc
 *fill*         0x200001b3        0x1 
 .data.USBD_CDC_CfgFSDesc
                0x200001b4       0x43 ./Middlewares/USB_Device_Library/usbd_cdc.o
                0x200001b4                USBD_CDC_CfgFSDesc
 *fill*         0x200001f7        0x1 
 .data.USBD_CDC_CfgHSDesc
                0x200001f8       0x43 ./Middlewares/USB_Device_Library/usbd_cdc.o
                0x200001f8                USBD_CDC_CfgHSDesc
 *fill*         0x2000023b        0x1 
 .data.USBD_CDC
                0x2000023c       0x38 ./Middlewares/USB_Device_Library/usbd_cdc.o
                0x2000023c                USBD_CDC
 .data.USBD_CDC_DeviceQualifierDesc
                0x20000274        0xa ./Middlewares/USB_Device_Library/usbd_cdc.o
 *fill*         0x2000027e        0x2 
 .data.USBD_Interface_fops_FS
                0x20000280       0x10 ./USB_DEVICE/App/usbd_cdc_if.o
                0x20000280                USBD_Interface_fops_FS
 .data.USBD_StringSerial
                0x20000290       0x1a ./USB_DEVICE/App/usbd_desc.o
                0x20000290                USBD_StringSerial
 *fill*         0x200002aa        0x2 
 .data.USBD_LangIDDesc
                0x200002ac        0x4 ./USB_DEVICE/App/usbd_desc.o
                0x200002ac                USBD_LangIDDesc
 .data.USBD_FS_DeviceDesc
                0x200002b0       0x12 ./USB_DEVICE/App/usbd_desc.o
                0x200002b0                USBD_FS_DeviceDesc
 *fill*         0x200002c2        0x2 
 .data.FS_Desc  0x200002c4       0x1c ./USB_DEVICE/App/usbd_desc.o
                0x200002c4                FS_Desc
 *(.RamFunc)
 *(.RamFunc*)
                0x200002e0                        . = ALIGN (0x4)
                0x200002e0                        _edata = .

.igot.plt       0x200002e0        0x0 load address 0x08009f10
 .igot.plt      0x200002e0        0x0 C:/ST/STM32CubeIDE_1.18.1/STM32CubeIDE/plugins/com.st.stm32cube.ide.mcu.externaltools.gnu-tools-for-stm32.13.3.rel1.win32_1.0.0.202411081344/tools/bin/../lib/gcc/arm-none-eabi/13.3.1/thumb/v7-m/nofp/crtbegin.o
                0x200002e0                        . = ALIGN (0x4)

.bss            0x200002e0     0x1fcc load address 0x08009f10
                0x200002e0                        _sbss = .
                0x200002e0                        __bss_start__ = _sbss
 *(.bss)
 .bss           0x200002e0       0x1c C:/ST/STM32CubeIDE_1.18.1/STM32CubeIDE/plugins/com.st.stm32cube.ide.mcu.externaltools.gnu-tools-for-stm32.13.3.rel1.win32_1.0.0.202411081344/tools/bin/../lib/gcc/arm-none-eabi/13.3.1/thumb/v7-m/nofp/crtbegin.o
 *(.bss*)
 .bss.external_tx_busy
                0x200002fc        0x4 ./Core/Src/i2c_manager.o
 .bss.bus_state
                0x20000300        0x1 ./Core/Src/i2c_manager.o
 *fill*         0x20000301        0x3 
 .bss.device_table
                0x20000304       0x40 ./Core/Src/i2c_manager.o
 .bss.i2c_handle
                0x20000344        0x4 ./Core/Src/i2c_manager.o
 .bss.oledTask  0x20000348      0x858 ./Core/Src/main.o
                0x20000348                oledTask
 .bss.motorTask
                0x20000ba0       0x40 ./Core/Src/main.o
                0x20000ba0                motorTask
 .bss.tcrtTask  0x20000be0       0xe4 ./Core/Src/main.o
                0x20000be0                tcrtTask
 .bss.usart1Buf
                0x20000cc4       0x86 ./Core/Src/main.o
                0x20000cc4                usart1Buf
 .bss.inside_menu_flag
                0x20000d4a        0x1 ./Core/Src/main.o
                0x20000d4a                inside_menu_flag
 .bss.oled_dma_busy_flag
                0x20000d4b        0x1 ./Core/Src/main.o
                0x20000d4b                oled_dma_busy_flag
 .bss.i2c_tx_busy_flag
                0x20000d4c        0x1 ./Core/Src/main.o
                0x20000d4c                i2c_tx_busy_flag
 *fill*         0x20000d4d        0x3 
 .bss.tcrt_calib_cnt_phase
                0x20000d50        0x4 ./Core/Src/main.o
                0x20000d50                tcrt_calib_cnt_phase
 .bss.cnt_10ms  0x20000d54        0x2 ./Core/Src/main.o
                0x20000d54                cnt_10ms
 *fill*         0x20000d56        0x2 
 .bss.tcrtLight
                0x20000d58        0x8 ./Core/Src/main.o
                0x20000d58                tcrtLight
 .bss.sensor_raw_data
                0x20000d60       0x10 ./Core/Src/main.o
                0x20000d60                sensor_raw_data
 .bss.carMode   0x20000d70        0x1 ./Core/Src/main.o
                0x20000d70                carMode
 .bss.systemFlags
                0x20000d71        0x1 ./Core/Src/main.o
                0x20000d71                systemFlags
 *fill*         0x20000d72        0x2 
 .bss.ledStatus
                0x20000d74        0xc ./Core/Src/main.o
                0x20000d74                ledStatus
 .bss.btnUser   0x20000d80        0x2 ./Core/Src/main.o
                0x20000d80                btnUser
 .bss.procesar_flag
                0x20000d82        0x1 ./Core/Src/main.o
                0x20000d82                procesar_flag
 *fill*         0x20000d83        0x1 
 .bss.hdma_usart1_rx
                0x20000d84       0x44 ./Core/Src/main.o
                0x20000d84                hdma_usart1_rx
 .bss.hdma_usart1_tx
                0x20000dc8       0x44 ./Core/Src/main.o
                0x20000dc8                hdma_usart1_tx
 .bss.huart1    0x20000e0c       0x48 ./Core/Src/main.o
                0x20000e0c                huart1
 .bss.htim4     0x20000e54       0x48 ./Core/Src/main.o
                0x20000e54                htim4
 .bss.htim3     0x20000e9c       0x48 ./Core/Src/main.o
                0x20000e9c                htim3
 .bss.htim2     0x20000ee4       0x48 ./Core/Src/main.o
                0x20000ee4                htim2
 .bss.hspi2     0x20000f2c       0x58 ./Core/Src/main.o
                0x20000f2c                hspi2
 .bss.hdma_i2c1_tx
                0x20000f84       0x44 ./Core/Src/main.o
                0x20000f84                hdma_i2c1_tx
 .bss.hdma_i2c1_rx
                0x20000fc8       0x44 ./Core/Src/main.o
                0x20000fc8                hdma_i2c1_rx
 .bss.hi2c1     0x2000100c       0x54 ./Core/Src/main.o
                0x2000100c                hi2c1
 .bss.hdma_adc1
                0x20001060       0x44 ./Core/Src/main.o
                0x20001060                hdma_adc1
 .bss.hadc1     0x200010a4       0x30 ./Core/Src/main.o
                0x200010a4                hadc1
 .bss.bufPtr    0x200010d4        0x4 ./Core/Src/usart_dma_buffer.o
 .bss.uartHandle
                0x200010d8        0x4 ./Core/Src/usart_dma_buffer.o
 .bss.rxHandler
                0x200010dc        0x4 ./Core/Src/usart_dma_buffer.o
 .bss.rxDmaCallback
                0x200010e0        0x4 ./Core/Src/usart_dma_buffer.o
 .bss.txDmaCallback
                0x200010e4        0x4 ./Core/Src/usart_dma_buffer.o
 .bss.uwTick    0x200010e8        0x4 ./Drivers/STM32F1xx_HAL_Driver/stm32f1xx_hal.o
                0x200010e8                uwTick
 .bss.cfgidx.0  0x200010ec        0x1 ./Middlewares/USB_Device_Library/usbd_ctlreq.o
 *fill*         0x200010ed        0x3 
 .bss.hUsbDeviceFS
                0x200010f0      0x2c4 ./USB_DEVICE/App/usb_device.o
                0x200010f0                hUsbDeviceFS
 .bss.UserTxBufferFS
                0x200013b4      0x400 ./USB_DEVICE/App/usbd_cdc_if.o
                0x200013b4                UserTxBufferFS
 .bss.UserRxBufferFS
                0x200017b4      0x400 ./USB_DEVICE/App/usbd_cdc_if.o
                0x200017b4                UserRxBufferFS
 .bss.USBD_StrDesc
                0x20001bb4      0x200 ./USB_DEVICE/App/usbd_desc.o
                0x20001bb4                USBD_StrDesc
 .bss.mem.0     0x20001db4      0x220 ./USB_DEVICE/Target/usbd_conf.o
 .bss.hpcd_USB_FS
                0x20001fd4      0x2d8 ./USB_DEVICE/Target/usbd_conf.o
                0x20001fd4                hpcd_USB_FS
 *(COMMON)
                0x200022ac                        . = ALIGN (0x4)
                0x200022ac                        _ebss = .
                0x200022ac                        __bss_end__ = _ebss

._user_heap_stack
                0x200022ac      0x604 load address 0x08009f10
                0x200022b0                        . = ALIGN (0x8)
 *fill*         0x200022ac        0x4 
                [!provide]                        PROVIDE (end = .)
                0x200022b0                        PROVIDE (_end = .)
                0x200024b0                        . = (. + _Min_Heap_Size)
 *fill*         0x200022b0      0x200 
                0x200028b0                        . = (. + _Min_Stack_Size)
 *fill*         0x200024b0      0x400 
                0x200028b0                        . = ALIGN (0x8)

/DISCARD/
 libc.a(*)
 libm.a(*)
 libgcc.a(*)

.ARM.attributes
                0x00000000       0x29
 *(.ARM.attributes)
 .ARM.attributes
                0x00000000       0x1d C:/ST/STM32CubeIDE_1.18.1/STM32CubeIDE/plugins/com.st.stm32cube.ide.mcu.externaltools.gnu-tools-for-stm32.13.3.rel1.win32_1.0.0.202411081344/tools/bin/../lib/gcc/arm-none-eabi/13.3.1/thumb/v7-m/nofp/crti.o
 .ARM.attributes
                0x0000001d       0x2d C:/ST/STM32CubeIDE_1.18.1/STM32CubeIDE/plugins/com.st.stm32cube.ide.mcu.externaltools.gnu-tools-for-stm32.13.3.rel1.win32_1.0.0.202411081344/tools/bin/../lib/gcc/arm-none-eabi/13.3.1/thumb/v7-m/nofp/crtbegin.o
 .ARM.attributes
                0x0000004a       0x2d ./Core/Src/fonts.o
 .ARM.attributes
                0x00000077       0x2d ./Core/Src/i2c_manager.o
 .ARM.attributes
                0x000000a4       0x2d ./Core/Src/main.o
 .ARM.attributes
                0x000000d1       0x2d ./Core/Src/menusystem.o
 .ARM.attributes
                0x000000fe       0x2d ./Core/Src/motor_control.o
 .ARM.attributes
                0x0000012b       0x2d ./Core/Src/oled_ssd1306_dma.o
 .ARM.attributes
                0x00000158       0x2d ./Core/Src/stm32f1xx_hal_msp.o
 .ARM.attributes
                0x00000185       0x2d ./Core/Src/stm32f1xx_it.o
 .ARM.attributes
                0x000001b2       0x2d ./Core/Src/system_stm32f1xx.o
 .ARM.attributes
                0x000001df       0x2d ./Core/Src/usart_dma_buffer.o
 .ARM.attributes
                0x0000020c       0x2d ./Core/Src/utils.o
 .ARM.attributes
                0x00000239       0x21 ./Core/Startup/startup_stm32f103c8tx.o
 .ARM.attributes
                0x0000025a       0x2d ./Drivers/STM32F1xx_HAL_Driver/stm32f1xx_hal.o
 .ARM.attributes
                0x00000287       0x2d ./Drivers/STM32F1xx_HAL_Driver/stm32f1xx_hal_adc.o
 .ARM.attributes
                0x000002b4       0x2d ./Drivers/STM32F1xx_HAL_Driver/stm32f1xx_hal_adc_ex.o
 .ARM.attributes
                0x000002e1       0x2d ./Drivers/STM32F1xx_HAL_Driver/stm32f1xx_hal_cortex.o
 .ARM.attributes
                0x0000030e       0x2d ./Drivers/STM32F1xx_HAL_Driver/stm32f1xx_hal_dma.o
 .ARM.attributes
                0x0000033b       0x2d ./Drivers/STM32F1xx_HAL_Driver/stm32f1xx_hal_gpio.o
 .ARM.attributes
                0x00000368       0x2d ./Drivers/STM32F1xx_HAL_Driver/stm32f1xx_hal_i2c.o
 .ARM.attributes
                0x00000395       0x2d ./Drivers/STM32F1xx_HAL_Driver/stm32f1xx_hal_pcd.o
 .ARM.attributes
                0x000003c2       0x2d ./Drivers/STM32F1xx_HAL_Driver/stm32f1xx_hal_pcd_ex.o
 .ARM.attributes
                0x000003ef       0x2d ./Drivers/STM32F1xx_HAL_Driver/stm32f1xx_hal_rcc.o
 .ARM.attributes
                0x0000041c       0x2d ./Drivers/STM32F1xx_HAL_Driver/stm32f1xx_hal_rcc_ex.o
 .ARM.attributes
                0x00000449       0x2d ./Drivers/STM32F1xx_HAL_Driver/stm32f1xx_hal_spi.o
 .ARM.attributes
                0x00000476       0x2d ./Drivers/STM32F1xx_HAL_Driver/stm32f1xx_hal_tim.o
 .ARM.attributes
                0x000004a3       0x2d ./Drivers/STM32F1xx_HAL_Driver/stm32f1xx_hal_tim_ex.o
 .ARM.attributes
                0x000004d0       0x2d ./Drivers/STM32F1xx_HAL_Driver/stm32f1xx_hal_uart.o
 .ARM.attributes
                0x000004fd       0x2d ./Drivers/STM32F1xx_HAL_Driver/stm32f1xx_ll_usb.o
 .ARM.attributes
                0x0000052a       0x2d ./Middlewares/USB_Device_Library/usbd_cdc.o
 .ARM.attributes
                0x00000557       0x2d ./Middlewares/USB_Device_Library/usbd_core.o
 .ARM.attributes
                0x00000584       0x2d ./Middlewares/USB_Device_Library/usbd_ctlreq.o
 .ARM.attributes
                0x000005b1       0x2d ./Middlewares/USB_Device_Library/usbd_ioreq.o
 .ARM.attributes
                0x000005de       0x2d ./USB_DEVICE/App/usb_device.o
 .ARM.attributes
                0x0000060b       0x2d ./USB_DEVICE/App/usbd_cdc_if.o
 .ARM.attributes
                0x00000638       0x2d ./USB_DEVICE/App/usbd_desc.o
 .ARM.attributes
                0x00000665       0x2d ./USB_DEVICE/Target/usbd_conf.o
 .ARM.attributes
                0x00000692       0x2d C:\Users\kobac\OneDrive\Escritorio\Facultad\Microcontroladores\Auto Proyecto\HAL Libs\TCRT5000\Debug\libHAL_LIB_TCRT5000_KOBA.a(tcrt5000.o)
 .ARM.attributes
                0x000006bf       0x2d C:/ST/STM32CubeIDE_1.18.1/STM32CubeIDE/plugins/com.st.stm32cube.ide.mcu.externaltools.gnu-tools-for-stm32.13.3.rel1.win32_1.0.0.202411081344/tools/bin/../lib/gcc/arm-none-eabi/13.3.1/../../../../arm-none-eabi/lib/thumb/v7-m/nofp\libc_nano.a(libc_a-memset.o)
 .ARM.attributes
                0x000006ec       0x2d C:/ST/STM32CubeIDE_1.18.1/STM32CubeIDE/plugins/com.st.stm32cube.ide.mcu.externaltools.gnu-tools-for-stm32.13.3.rel1.win32_1.0.0.202411081344/tools/bin/../lib/gcc/arm-none-eabi/13.3.1/../../../../arm-none-eabi/lib/thumb/v7-m/nofp\libc_nano.a(libc_a-init.o)
 .ARM.attributes
                0x00000719       0x2d C:/ST/STM32CubeIDE_1.18.1/STM32CubeIDE/plugins/com.st.stm32cube.ide.mcu.externaltools.gnu-tools-for-stm32.13.3.rel1.win32_1.0.0.202411081344/tools/bin/../lib/gcc/arm-none-eabi/13.3.1/../../../../arm-none-eabi/lib/thumb/v7-m/nofp\libc_nano.a(libc_a-memcpy-stub.o)
 .ARM.attributes
                0x00000746       0x17 C:/ST/STM32CubeIDE_1.18.1/STM32CubeIDE/plugins/com.st.stm32cube.ide.mcu.externaltools.gnu-tools-for-stm32.13.3.rel1.win32_1.0.0.202411081344/tools/bin/../lib/gcc/arm-none-eabi/13.3.1/../../../../arm-none-eabi/lib/thumb/v7-m/nofp\libc_nano.a(libc_a-strlen.o)
 .ARM.attributes
                0x0000075d       0x1d C:/ST/STM32CubeIDE_1.18.1/STM32CubeIDE/plugins/com.st.stm32cube.ide.mcu.externaltools.gnu-tools-for-stm32.13.3.rel1.win32_1.0.0.202411081344/tools/bin/../lib/gcc/arm-none-eabi/13.3.1/thumb/v7-m/nofp/crtn.o
OUTPUT(ProyectoAutoMicro2025.elf elf32-littlearm)
LOAD linker stubs
LOAD C:/ST/STM32CubeIDE_1.18.1/STM32CubeIDE/plugins/com.st.stm32cube.ide.mcu.externaltools.gnu-tools-for-stm32.13.3.rel1.win32_1.0.0.202411081344/tools/bin/../lib/gcc/arm-none-eabi/13.3.1/../../../../arm-none-eabi/lib/thumb/v7-m/nofp\libc.a
LOAD C:/ST/STM32CubeIDE_1.18.1/STM32CubeIDE/plugins/com.st.stm32cube.ide.mcu.externaltools.gnu-tools-for-stm32.13.3.rel1.win32_1.0.0.202411081344/tools/bin/../lib/gcc/arm-none-eabi/13.3.1/../../../../arm-none-eabi/lib/thumb/v7-m/nofp\libm.a
LOAD C:/ST/STM32CubeIDE_1.18.1/STM32CubeIDE/plugins/com.st.stm32cube.ide.mcu.externaltools.gnu-tools-for-stm32.13.3.rel1.win32_1.0.0.202411081344/tools/bin/../lib/gcc/arm-none-eabi/13.3.1/thumb/v7-m/nofp\libgcc.a

.debug_info     0x00000000    0x2bd0e
 .debug_info    0x00000000      0x1c4 ./Core/Src/fonts.o
 .debug_info    0x000001c4      0xa09 ./Core/Src/i2c_manager.o
 .debug_info    0x00000bcd     0x4794 ./Core/Src/main.o
 .debug_info    0x00005361      0x5bd ./Core/Src/menusystem.o
 .debug_info    0x0000591e      0xd83 ./Core/Src/motor_control.o
 .debug_info    0x000066a1      0xe8d ./Core/Src/oled_ssd1306_dma.o
 .debug_info    0x0000752e     0x1c63 ./Core/Src/stm32f1xx_hal_msp.o
 .debug_info    0x00009191     0x14aa ./Core/Src/stm32f1xx_it.o
 .debug_info    0x0000a63b      0x231 ./Core/Src/system_stm32f1xx.o
 .debug_info    0x0000a86c      0xbd7 ./Core/Src/usart_dma_buffer.o
 .debug_info    0x0000b443     0x151e ./Core/Src/utils.o
 .debug_info    0x0000c961       0x30 ./Core/Startup/startup_stm32f103c8tx.o
 .debug_info    0x0000c991      0x7dc ./Drivers/STM32F1xx_HAL_Driver/stm32f1xx_hal.o
 .debug_info    0x0000d16d      0xea9 ./Drivers/STM32F1xx_HAL_Driver/stm32f1xx_hal_adc.o
 .debug_info    0x0000e016      0xc2f ./Drivers/STM32F1xx_HAL_Driver/stm32f1xx_hal_adc_ex.o
 .debug_info    0x0000ec45      0xced ./Drivers/STM32F1xx_HAL_Driver/stm32f1xx_hal_cortex.o
 .debug_info    0x0000f932      0x7e8 ./Drivers/STM32F1xx_HAL_Driver/stm32f1xx_hal_dma.o
 .debug_info    0x0001011a      0x612 ./Drivers/STM32F1xx_HAL_Driver/stm32f1xx_hal_gpio.o
 .debug_info    0x0001072c     0x38bc ./Drivers/STM32F1xx_HAL_Driver/stm32f1xx_hal_i2c.o
 .debug_info    0x00013fe8     0x22fb ./Drivers/STM32F1xx_HAL_Driver/stm32f1xx_hal_pcd.o
 .debug_info    0x000162e3      0x6c8 ./Drivers/STM32F1xx_HAL_Driver/stm32f1xx_hal_pcd_ex.o
 .debug_info    0x000169ab      0x9fb ./Drivers/STM32F1xx_HAL_Driver/stm32f1xx_hal_rcc.o
 .debug_info    0x000173a6      0x420 ./Drivers/STM32F1xx_HAL_Driver/stm32f1xx_hal_rcc_ex.o
 .debug_info    0x000177c6     0x1cd2 ./Drivers/STM32F1xx_HAL_Driver/stm32f1xx_hal_spi.o
 .debug_info    0x00019498     0x411a ./Drivers/STM32F1xx_HAL_Driver/stm32f1xx_hal_tim.o
 .debug_info    0x0001d5b2     0x18a9 ./Drivers/STM32F1xx_HAL_Driver/stm32f1xx_hal_tim_ex.o
 .debug_info    0x0001ee5b     0x4077 ./Drivers/STM32F1xx_HAL_Driver/stm32f1xx_hal_uart.o
 .debug_info    0x00022ed2     0x1956 ./Drivers/STM32F1xx_HAL_Driver/stm32f1xx_ll_usb.o
 .debug_info    0x00024828     0x12c9 ./Middlewares/USB_Device_Library/usbd_cdc.o
 .debug_info    0x00025af1      0xdc0 ./Middlewares/USB_Device_Library/usbd_core.o
 .debug_info    0x000268b1      0xd6e ./Middlewares/USB_Device_Library/usbd_ctlreq.o
 .debug_info    0x0002761f      0x838 ./Middlewares/USB_Device_Library/usbd_ioreq.o
 .debug_info    0x00027e57      0x6c3 ./USB_DEVICE/App/usb_device.o
 .debug_info    0x0002851a      0x8ac ./USB_DEVICE/App/usbd_cdc_if.o
 .debug_info    0x00028dc6      0x642 ./USB_DEVICE/App/usbd_desc.o
 .debug_info    0x00029408     0x1cf0 ./USB_DEVICE/Target/usbd_conf.o
 .debug_info    0x0002b0f8      0xc16 C:\Users\kobac\OneDrive\Escritorio\Facultad\Microcontroladores\Auto Proyecto\HAL Libs\TCRT5000\Debug\libHAL_LIB_TCRT5000_KOBA.a(tcrt5000.o)

.debug_abbrev   0x00000000     0x662c
 .debug_abbrev  0x00000000       0xc4 ./Core/Src/fonts.o
 .debug_abbrev  0x000000c4      0x28d ./Core/Src/i2c_manager.o
 .debug_abbrev  0x00000351      0x69e ./Core/Src/main.o
 .debug_abbrev  0x000009ef      0x1c4 ./Core/Src/menusystem.o
 .debug_abbrev  0x00000bb3      0x2c9 ./Core/Src/motor_control.o
 .debug_abbrev  0x00000e7c      0x3ea ./Core/Src/oled_ssd1306_dma.o
 .debug_abbrev  0x00001266      0x2bf ./Core/Src/stm32f1xx_hal_msp.o
 .debug_abbrev  0x00001525      0x23d ./Core/Src/stm32f1xx_it.o
 .debug_abbrev  0x00001762      0x145 ./Core/Src/system_stm32f1xx.o
 .debug_abbrev  0x000018a7      0x2c2 ./Core/Src/usart_dma_buffer.o
 .debug_abbrev  0x00001b69      0x2dc ./Core/Src/utils.o
 .debug_abbrev  0x00001e45       0x24 ./Core/Startup/startup_stm32f103c8tx.o
 .debug_abbrev  0x00001e69      0x272 ./Drivers/STM32F1xx_HAL_Driver/stm32f1xx_hal.o
 .debug_abbrev  0x000020db      0x278 ./Drivers/STM32F1xx_HAL_Driver/stm32f1xx_hal_adc.o
 .debug_abbrev  0x00002353      0x298 ./Drivers/STM32F1xx_HAL_Driver/stm32f1xx_hal_adc_ex.o
 .debug_abbrev  0x000025eb      0x36b ./Drivers/STM32F1xx_HAL_Driver/stm32f1xx_hal_cortex.o
 .debug_abbrev  0x00002956      0x260 ./Drivers/STM32F1xx_HAL_Driver/stm32f1xx_hal_dma.o
 .debug_abbrev  0x00002bb6      0x200 ./Drivers/STM32F1xx_HAL_Driver/stm32f1xx_hal_gpio.o
 .debug_abbrev  0x00002db6      0x446 ./Drivers/STM32F1xx_HAL_Driver/stm32f1xx_hal_i2c.o
 .debug_abbrev  0x000031fc      0x419 ./Drivers/STM32F1xx_HAL_Driver/stm32f1xx_hal_pcd.o
 .debug_abbrev  0x00003615      0x1d3 ./Drivers/STM32F1xx_HAL_Driver/stm32f1xx_hal_pcd_ex.o
 .debug_abbrev  0x000037e8      0x2ff ./Drivers/STM32F1xx_HAL_Driver/stm32f1xx_hal_rcc.o
 .debug_abbrev  0x00003ae7      0x1d8 ./Drivers/STM32F1xx_HAL_Driver/stm32f1xx_hal_rcc_ex.o
 .debug_abbrev  0x00003cbf      0x366 ./Drivers/STM32F1xx_HAL_Driver/stm32f1xx_hal_spi.o
 .debug_abbrev  0x00004025      0x380 ./Drivers/STM32F1xx_HAL_Driver/stm32f1xx_hal_tim.o
 .debug_abbrev  0x000043a5      0x2ea ./Drivers/STM32F1xx_HAL_Driver/stm32f1xx_hal_tim_ex.o
 .debug_abbrev  0x0000468f      0x40d ./Drivers/STM32F1xx_HAL_Driver/stm32f1xx_hal_uart.o
 .debug_abbrev  0x00004a9c      0x29c ./Drivers/STM32F1xx_HAL_Driver/stm32f1xx_ll_usb.o
 .debug_abbrev  0x00004d38      0x335 ./Middlewares/USB_Device_Library/usbd_cdc.o
 .debug_abbrev  0x0000506d      0x2f4 ./Middlewares/USB_Device_Library/usbd_core.o
 .debug_abbrev  0x00005361      0x3a8 ./Middlewares/USB_Device_Library/usbd_ctlreq.o
 .debug_abbrev  0x00005709      0x1b6 ./Middlewares/USB_Device_Library/usbd_ioreq.o
 .debug_abbrev  0x000058bf      0x1b6 ./USB_DEVICE/App/usb_device.o
 .debug_abbrev  0x00005a75      0x29f ./USB_DEVICE/App/usbd_cdc_if.o
 .debug_abbrev  0x00005d14      0x2d3 ./USB_DEVICE/App/usbd_desc.o
 .debug_abbrev  0x00005fe7      0x35a ./USB_DEVICE/Target/usbd_conf.o
 .debug_abbrev  0x00006341      0x2eb C:\Users\kobac\OneDrive\Escritorio\Facultad\Microcontroladores\Auto Proyecto\HAL Libs\TCRT5000\Debug\libHAL_LIB_TCRT5000_KOBA.a(tcrt5000.o)

.debug_aranges  0x00000000     0x1af8
 .debug_aranges
                0x00000000       0x18 ./Core/Src/fonts.o
 .debug_aranges
                0x00000018       0x68 ./Core/Src/i2c_manager.o
 .debug_aranges
                0x00000080      0x118 ./Core/Src/main.o
 .debug_aranges
                0x00000198       0x70 ./Core/Src/menusystem.o
 .debug_aranges
                0x00000208       0x68 ./Core/Src/motor_control.o
 .debug_aranges
                0x00000270       0x68 ./Core/Src/oled_ssd1306_dma.o
 .debug_aranges
                0x000002d8       0x88 ./Core/Src/stm32f1xx_hal_msp.o
 .debug_aranges
                0x00000360       0xb8 ./Core/Src/stm32f1xx_it.o
 .debug_aranges
                0x00000418       0x28 ./Core/Src/system_stm32f1xx.o
 .debug_aranges
                0x00000440       0x70 ./Core/Src/usart_dma_buffer.o
 .debug_aranges
                0x000004b0       0x50 ./Core/Src/utils.o
 .debug_aranges