../Core/Src/encoder.c:12:6:ENC_Init	0	static
../Core/Src/encoder.c:33:6:ENC_Start	8	static
../Core/Src/encoder.c:46:6:ENC_Button_Task_10ms	8	static,ignoring_inline_asm
../Core/Src/encoder.c:91:6:ENC_Task_N10ms	8	static
../Core/Src/encoder.c:139:17:ENC_GetDirection	0	static
../Core/Src/encoder.c:144:10:ENC_GetVelocity	0	static
../Core/Src/encoder.c:149:10:ENC_GetAcceleration	0	static
../Core/Src/encoder.c:154:9:ENC_GetStepDelta	0	static
../Core/Src/encoder.c:159:9:ENC_GetSignedVelocity	0	static
../Core/Src/encoder.c:164:9:ENC_GetSignedAcceleration	0	static
../Core/Src/encoder.c:169:9:ENC_GetScaledSteps	0	static
