../Core/Src/eventManagers.c:20:13:Dashboard_ApplyPendingMode	8	static
../Core/Src/eventManagers.c:31:13:Dashboard_OnRotateCW	16	static
../Core/Src/eventManagers.c:49:13:Dashboard_OnRotateCCW	16	static
../Core/Src/eventManagers.c:97:13:Dashboard_OnLongPress	0	static
../Core/Src/eventManagers.c:146:13:Menu_OnUserButton	0	static
../Core/Src/eventManagers.c:158:13:Menu_OnLongPress	0	static
../Core/Src/eventManagers.c:176:13:About_OnRotate	8	static
../Core/Src/eventManagers.c:204:13:About_OnLongPress	8	static
../Core/Src/eventManagers.c:231:13:MotorTest_OnRotateCW	0	static
../Core/Src/eventManagers.c:248:13:MotorTest_OnRotateCCW	0	static
../Core/Src/eventManagers.c:265:13:MotorTest_OnShortPress	0	static
../Core/Src/eventManagers.c:284:13:MotorTest_OnEncLongPress	0	static
../Core/Src/eventManagers.c:292:13:MotorTest_OnUserButton	0	static
../Core/Src/eventManagers.c:302:13:MotorTest_OnLongPress	8	static
../Core/Src/eventManagers.c:377:13:WiFiSearch_OnLongPress	8	static
../Core/Src/eventManagers.c:445:13:WiFiResults_OnUserButton	0	static
../Core/Src/eventManagers.c:482:6:ReadOnly_OnLongPress	8	static
../Core/Src/eventManagers.c:141:13:Menu_OnEncLongPress	0	static
../Core/Src/eventManagers.c:325:13:WiFiResults_BackToWifiMenu	8	static
../Core/Src/eventManagers.c:440:13:WiFiResults_OnEncLongPress	0	static
../Core/Src/eventManagers.c:421:13:WiFiResults_OnShortPress	16	static
../Core/Src/eventManagers.c:504:6:NotificationDismiss_OnShortPress	8	static
../Core/Src/eventManagers.c:83:13:Dashboard_OnUserButton	8	static
../Core/Src/eventManagers.c:191:13:About_OnShortPress	8	static
../Core/Src/eventManagers.c:136:13:Menu_OnShortPress	0	static
../Core/Src/eventManagers.c:130:13:Menu_OnRotateCCW	8	static
../Core/Src/eventManagers.c:415:13:WiFiResults_OnRotateCCW	0	static
../Core/Src/eventManagers.c:124:13:Menu_OnRotateCW	8	static
../Core/Src/eventManagers.c:409:13:WiFiResults_OnRotateCW	0	static
../Core/Src/eventManagers.c:356:13:WiFiSearch_OnShortPress	8	static
../Core/Src/eventManagers.c:67:13:Dashboard_OnShortPress	0	static
../Core/Src/eventManagers.c:511:6:NotificationDismiss_OnLongPress	0	static
../Core/Src/eventManagers.c:532:6:GenericEventManager	0	static
../Core/Src/eventManagers.c:579:6:Dashboard_ResetModeConfirmState	0	static
../Core/Src/eventManagers.c:589:6:dashboardEventManager	0	static,ignoring_inline_asm
../Core/Src/eventManagers.c:595:6:menuEventManager	0	static,ignoring_inline_asm
../Core/Src/eventManagers.c:601:6:About_UserEventManager	0	static
../Core/Src/eventManagers.c:606:6:motorTestEventManager	0	static
../Core/Src/eventManagers.c:611:6:WiFiSearch_UserEventManager	0	static
../Core/Src/eventManagers.c:616:6:wifiEventManager	0	static
../Core/Src/eventManagers.c:621:6:ReadOnly_UserEventManager	0	static
../Core/Src/eventManagers.c:626:6:ClickCancelar_UserEventManager	0	static
../Core/Src/eventManagers.c:635:6:ItemEventManager	16	static
