../Core/Src/eventManagers.c:17:13:Dashboard_OnRotateCW	16	static
../Core/Src/eventManagers.c:34:13:Dashboard_OnRotateCCW	16	static
../Core/Src/eventManagers.c:77:13:Dashboard_OnLongPress	0	static
../Core/Src/eventManagers.c:125:13:Menu_OnUserButton	0	static
../Core/Src/eventManagers.c:137:13:Menu_OnLongPress	0	static
../Core/Src/eventManagers.c:155:13:About_OnRotate	8	static
../Core/Src/eventManagers.c:182:13:About_OnLongPress	8	static
../Core/Src/eventManagers.c:209:13:MotorTest_OnRotateCW	0	static
../Core/Src/eventManagers.c:226:13:MotorTest_OnRotateCCW	0	static
../Core/Src/eventManagers.c:243:13:MotorTest_OnShortPress	0	static
../Core/Src/eventManagers.c:262:13:MotorTest_OnEncLongPress	0	static
../Core/Src/eventManagers.c:270:13:MotorTest_OnUserButton	0	static
../Core/Src/eventManagers.c:280:13:MotorTest_OnLongPress	8	static
../Core/Src/eventManagers.c:326:13:WiFiSearch_OnLongPress	8	static
../Core/Src/eventManagers.c:368:6:ReadOnly_OnLongPress	8	static
../Core/Src/eventManagers.c:356:13:ReadOnly_OnShortPress	8	static
../Core/Src/eventManagers.c:120:13:Menu_OnEncLongPress	0	static
../Core/Src/eventManagers.c:390:6:NotificationDismiss_OnShortPress	8	static
../Core/Src/eventManagers.c:64:13:Dashboard_OnUserButton	8	static
../Core/Src/eventManagers.c:170:13:About_OnShortPress	8	static
../Core/Src/eventManagers.c:115:13:Menu_OnShortPress	0	static
../Core/Src/eventManagers.c:109:13:Menu_OnRotateCCW	8	static
../Core/Src/eventManagers.c:103:13:Menu_OnRotateCW	8	static
../Core/Src/eventManagers.c:307:13:WiFiSearch_OnShortPress	8	static
../Core/Src/eventManagers.c:51:13:Dashboard_OnShortPress	8	static
../Core/Src/eventManagers.c:397:6:NotificationDismiss_OnLongPress	0	static
../Core/Src/eventManagers.c:418:6:GenericEventManager	0	static
../Core/Src/eventManagers.c:469:6:dashboardEventManager	0	static,ignoring_inline_asm
../Core/Src/eventManagers.c:475:6:menuEventManager	0	static,ignoring_inline_asm
../Core/Src/eventManagers.c:481:6:About_UserEventManager	0	static
../Core/Src/eventManagers.c:486:6:motorTestEventManager	0	static
../Core/Src/eventManagers.c:491:6:WiFiSearch_UserEventManager	0	static
../Core/Src/eventManagers.c:496:6:ReadOnly_UserEventManager	0	static
../Core/Src/eventManagers.c:501:6:ClickCancelar_UserEventManager	0	static
../Core/Src/eventManagers.c:510:6:ItemEventManager	16	static
