../Core/Src/eventManagers.c:17:13:Dashboard_OnRotateCW	16	static
../Core/Src/eventManagers.c:34:13:Dashboard_OnRotateCCW	16	static
../Core/Src/eventManagers.c:76:13:Dashboard_OnLongPress	0	static
../Core/Src/eventManagers.c:123:13:Menu_OnLongPress	0	static
../Core/Src/eventManagers.c:148:13:About_OnRotate	8	static
../Core/Src/eventManagers.c:175:13:About_OnLongPress	8	static
../Core/Src/eventManagers.c:202:13:MotorTest_OnRotateCW	0	static
../Core/Src/eventManagers.c:219:13:MotorTest_OnRotateCCW	0	static
../Core/Src/eventManagers.c:236:13:MotorTest_OnShortPress	0	static
../Core/Src/eventManagers.c:255:13:MotorTest_OnEncLongPress	0	static
../Core/Src/eventManagers.c:263:13:MotorTest_OnUserButton	0	static
../Core/Src/eventManagers.c:273:13:MotorTest_OnLongPress	8	static
../Core/Src/eventManagers.c:314:13:WiFiSearch_OnLongPress	8	static
../Core/Src/eventManagers.c:354:13:ReadOnly_OnLongPress	8	static
../Core/Src/eventManagers.c:64:13:Dashboard_OnUserButton	8	static
../Core/Src/eventManagers.c:163:13:About_OnShortPress	8	static
../Core/Src/eventManagers.c:300:13:WiFiSearch_OnShortPress	8	static
../Core/Src/eventManagers.c:343:13:ReadOnly_OnShortPress	8	static
../Core/Src/eventManagers.c:118:13:Menu_OnEncLongPress	0	static
../Core/Src/eventManagers.c:113:13:Menu_OnShortPress	0	static
../Core/Src/eventManagers.c:107:13:Menu_OnRotateCCW	8	static
../Core/Src/eventManagers.c:101:13:Menu_OnRotateCW	8	static
../Core/Src/eventManagers.c:51:13:Dashboard_OnShortPress	8	static
../Core/Src/eventManagers.c:380:6:GenericEventManager	0	static
../Core/Src/eventManagers.c:431:6:dashboardEventManager	0	static,ignoring_inline_asm
../Core/Src/eventManagers.c:437:6:menuEventManager	0	static,ignoring_inline_asm
../Core/Src/eventManagers.c:443:6:About_UserEventManager	0	static
../Core/Src/eventManagers.c:448:6:motorTestEventManager	0	static
../Core/Src/eventManagers.c:453:6:WiFiSearch_UserEventManager	0	static
../Core/Src/eventManagers.c:458:6:ReadOnly_UserEventManager	0	static
../Core/Src/eventManagers.c:467:6:ItemEventManager	16	static
