../Core/Src/eventManagers.c:19:13:Dashboard_OnRotateCW	16	static
../Core/Src/eventManagers.c:37:13:Dashboard_OnRotateCCW	16	static
../Core/Src/eventManagers.c:83:13:Dashboard_OnLongPress	0	static
../Core/Src/eventManagers.c:132:13:Menu_OnUserButton	0	static
../Core/Src/eventManagers.c:144:13:Menu_OnLongPress	0	static
../Core/Src/eventManagers.c:162:13:About_OnRotate	8	static
../Core/Src/eventManagers.c:190:13:About_OnLongPress	8	static
../Core/Src/eventManagers.c:217:13:MotorTest_OnRotateCW	0	static
../Core/Src/eventManagers.c:234:13:MotorTest_OnRotateCCW	0	static
../Core/Src/eventManagers.c:251:13:MotorTest_OnShortPress	0	static
../Core/Src/eventManagers.c:270:13:MotorTest_OnEncLongPress	0	static
../Core/Src/eventManagers.c:278:13:MotorTest_OnUserButton	0	static
../Core/Src/eventManagers.c:288:13:MotorTest_OnLongPress	8	static
../Core/Src/eventManagers.c:334:13:WiFiSearch_OnLongPress	8	static
../Core/Src/eventManagers.c:376:6:ReadOnly_OnLongPress	8	static
../Core/Src/eventManagers.c:364:13:ReadOnly_OnShortPress	8	static
../Core/Src/eventManagers.c:127:13:Menu_OnEncLongPress	0	static
../Core/Src/eventManagers.c:398:6:NotificationDismiss_OnShortPress	8	static
../Core/Src/eventManagers.c:69:13:Dashboard_OnUserButton	8	static
../Core/Src/eventManagers.c:177:13:About_OnShortPress	8	static
../Core/Src/eventManagers.c:122:13:Menu_OnShortPress	0	static
../Core/Src/eventManagers.c:116:13:Menu_OnRotateCCW	8	static
../Core/Src/eventManagers.c:110:13:Menu_OnRotateCW	8	static
../Core/Src/eventManagers.c:315:13:WiFiSearch_OnShortPress	8	static
../Core/Src/eventManagers.c:55:13:Dashboard_OnShortPress	8	static
../Core/Src/eventManagers.c:405:6:NotificationDismiss_OnLongPress	0	static
../Core/Src/eventManagers.c:426:6:GenericEventManager	0	static
../Core/Src/eventManagers.c:473:6:Dashboard_ResetModeConfirmState	0	static
../Core/Src/eventManagers.c:483:6:dashboardEventManager	0	static,ignoring_inline_asm
../Core/Src/eventManagers.c:489:6:menuEventManager	0	static,ignoring_inline_asm
../Core/Src/eventManagers.c:495:6:About_UserEventManager	0	static
../Core/Src/eventManagers.c:500:6:motorTestEventManager	0	static
../Core/Src/eventManagers.c:505:6:WiFiSearch_UserEventManager	0	static
../Core/Src/eventManagers.c:510:6:ReadOnly_UserEventManager	0	static
../Core/Src/eventManagers.c:515:6:ClickCancelar_UserEventManager	0	static
../Core/Src/eventManagers.c:524:6:ItemEventManager	16	static
