../Core/Src/eventManagers.c:17:13:Dashboard_OnRotateCW	16	static
../Core/Src/eventManagers.c:34:13:Dashboard_OnRotateCCW	16	static
../Core/Src/eventManagers.c:76:13:Dashboard_OnLongPress	0	static
../Core/Src/eventManagers.c:123:13:Menu_OnUserButton	0	static
../Core/Src/eventManagers.c:135:13:Menu_OnLongPress	0	static
../Core/Src/eventManagers.c:153:13:About_OnRotate	8	static
../Core/Src/eventManagers.c:180:13:About_OnLongPress	8	static
../Core/Src/eventManagers.c:207:13:MotorTest_OnRotateCW	0	static
../Core/Src/eventManagers.c:224:13:MotorTest_OnRotateCCW	0	static
../Core/Src/eventManagers.c:241:13:MotorTest_OnShortPress	0	static
../Core/Src/eventManagers.c:260:13:MotorTest_OnEncLongPress	0	static
../Core/Src/eventManagers.c:268:13:MotorTest_OnUserButton	0	static
../Core/Src/eventManagers.c:278:13:MotorTest_OnLongPress	8	static
../Core/Src/eventManagers.c:321:13:WiFiSearch_OnLongPress	8	static
../Core/Src/eventManagers.c:362:13:ReadOnly_OnLongPress	8	static
../Core/Src/eventManagers.c:64:13:Dashboard_OnUserButton	8	static
../Core/Src/eventManagers.c:168:13:About_OnShortPress	8	static
../Core/Src/eventManagers.c:305:13:WiFiSearch_OnShortPress	8	static
../Core/Src/eventManagers.c:351:13:ReadOnly_OnShortPress	8	static
../Core/Src/eventManagers.c:118:13:Menu_OnEncLongPress	0	static
../Core/Src/eventManagers.c:113:13:Menu_OnShortPress	0	static
../Core/Src/eventManagers.c:107:13:Menu_OnRotateCCW	8	static
../Core/Src/eventManagers.c:101:13:Menu_OnRotateCW	8	static
../Core/Src/eventManagers.c:51:13:Dashboard_OnShortPress	8	static
../Core/Src/eventManagers.c:388:6:GenericEventManager	0	static
../Core/Src/eventManagers.c:439:6:dashboardEventManager	0	static,ignoring_inline_asm
../Core/Src/eventManagers.c:445:6:menuEventManager	0	static,ignoring_inline_asm
../Core/Src/eventManagers.c:451:6:About_UserEventManager	0	static
../Core/Src/eventManagers.c:456:6:motorTestEventManager	0	static
../Core/Src/eventManagers.c:461:6:WiFiSearch_UserEventManager	0	static
../Core/Src/eventManagers.c:466:6:ReadOnly_UserEventManager	0	static
../Core/Src/eventManagers.c:475:6:ItemEventManager	16	static
