../Core/Inc/i2c_manager.h:68:20:I2C_Manager_ReleaseBus	4	static
../Core/Src/i2c_manager.c:15:6:I2C_Manager_Init	24	static
../Core/Src/i2c_manager.c:29:19:I2C_Manager_RegisterDevice	32	static
../Core/Src/i2c_manager.c:47:19:I2C_Manager_SetRequestPending	24	static
../Core/Src/i2c_manager.c:57:19:I2C_Manager_RequestAccess	24	static
../Core/Src/i2c_manager.c:78:6:I2C_Manager_OnDMAComplete	8	static
../Core/Src/i2c_manager.c:86:9:I2C_Manager_GetAddress	24	static
../Core/Src/i2c_manager.c:96:6:I2C_Manager_ScanBus	16	static,ignoring_inline_asm
../Core/Src/i2c_manager.c:107:6:I2C_Manager_Update	16	static
../Core/Src/i2c_manager.c:130:19:I2C_Manager_IsAddressReady	16	static
