../Core/Src/main.c:143:6:MPU_Data_Ready	0	static
../Core/Src/main.c:92:6:OledUtils_Clear_Wrapper	0	static
../Core/Src/main.c:96:6:OLED_Is_Ready	0	static,ignoring_inline_asm
../Core/Src/main.c:285:6:SystemClock_Config	88	static,ignoring_inline_asm
../Core/Src/main.c:331:19:uart1_send_bytes	16	static
../Core/Src/main.c:349:6:initCarMode	16	static
../Core/Src/main.c:367:6:UserBtn_MainTask	0	static
../Core/Src/main.c:382:6:Encoder_MainTask	16	static
../Core/Src/main.c:425:6:initTCRTLib	24	static
../Core/Src/main.c:461:6:TCRT_MainTask	8	static
../Core/Src/main.c:495:6:My_TimerCalcFunc	8	static
../Core/Src/main.c:517:6:InitMotorTask	8	static,ignoring_inline_asm
../Core/Src/main.c:541:6:Motor_MainTask	16	static
../Core/Src/main.c:595:6:MPU_MainTask	24	static,ignoring_inline_asm
../Core/Src/main.c:653:6:i2cManager_MainTask	0	static
../Core/Src/main.c:658:6:OLED_MainTask	8	static,ignoring_inline_asm
../Core/Src/main.c:692:6:initMenuSystemTask	24	static
../Core/Src/main.c:153:5:main	24	static,ignoring_inline_asm
../Core/Src/main.c:711:6:Error_Handler	0	static,ignoring_inline_asm
