../Core/Src/main.c:347:6:MPU_Data_Ready	0	static
../Core/Src/main.c:153:6:OledUtils_Clear_Wrapper	0	static
../Core/Src/main.c:1071:20:my_send_bytes_dma	16	static
../Core/Src/main.c:1086:6:on_uner_packet	48	static
../Core/Src/main.c:157:6:OLED_Is_Ready	0	static,ignoring_inline_asm
../Core/Src/main.c:168:6:setMode_IDLE	0	static
../Core/Src/main.c:171:6:setMode_FOLLOW	0	static
../Core/Src/main.c:174:6:setMode_TEST	0	static
../Core/Src/main.c:328:6:clearScreenWrapper	0	static
../Core/Src/main.c:333:6:drawItemWrapper	0	static
../Core/Src/main.c:342:6:renderFnWrapper	0	static
../Core/Src/main.c:351:6:USART1_DMA_CheckRx	24	static
../Core/Src/main.c:507:6:SystemClock_Config	88	static,ignoring_inline_asm
../Core/Src/main.c:1035:20:uart1_send_bytes	8	static
../Core/Src/main.c:1042:6:Uart1_RxFeedParser_FromDMA	24	static
../Core/Src/main.c:1098:6:initUNERProtocol	8	static
../Core/Src/main.c:1118:6:initCarMode	24	static
../Core/Src/main.c:1137:6:UserBtn_MainTask	0	static
../Core/Src/main.c:1152:6:Encoder_MainTask	16	static
../Core/Src/main.c:1195:6:initTCRTLib	24	static
../Core/Src/main.c:1231:6:TCRT_MainTask	8	static
../Core/Src/main.c:1265:6:My_TimerCalcFunc	8	static
../Core/Src/main.c:1287:6:InitMotorTask	8	static,ignoring_inline_asm
../Core/Src/main.c:1311:6:Motor_MainTask	16	static
../Core/Src/main.c:1365:6:MPU_MainTask	24	static,ignoring_inline_asm
../Core/Src/main.c:1423:6:i2cManager_MainTask	0	static
../Core/Src/main.c:1428:6:OLED_MainTask	8	static,ignoring_inline_asm
../Core/Src/main.c:1460:6:initMenuSystemTask	24	static
../Core/Src/main.c:389:5:main	120	static,ignoring_inline_asm
../Core/Src/main.c:1479:6:Error_Handler	0	static,ignoring_inline_asm
