C:/Users/kobac/OneDrive/Escritorio/Facultad/Microcontroladores/Auto Proyecto/HAL Libs/TCRT5000/Inc/tcrt5000.h:373:20:TCRT5000_IsReady	16	static
C:/Users/kobac/OneDrive/Escritorio/Facultad/Microcontroladores/Auto Proyecto/HAL Libs/TCRT5000/Inc/tcrt5000.h:383:20:TCRT5000_ClearReady	16	static
../Core/Src/main.c:132:26:HAL_UART1_TxDMA_Wrapper	16	static
../Core/Src/main.c:137:26:HAL_UART1_RxDMA_Wrapper	16	static
../Core/Src/main.c:143:13:MyRxHandler	24	static
../Core/Src/main.c:153:6:USART1_PrintString	16	static
../Core/Src/main.c:163:5:main	8	static
../Core/Src/main.c:244:6:SystemClock_Config	88	static
../Core/Src/main.c:292:13:MX_ADC1_Init	24	static
../Core/Src/main.c:399:13:MX_I2C1_Init	8	static
../Core/Src/main.c:433:13:MX_TIM2_Init	64	static
../Core/Src/main.c:504:13:MX_TIM3_Init	32	static
../Core/Src/main.c:549:13:MX_USART1_UART_Init	8	static
../Core/Src/main.c:582:13:MX_DMA_Init	16	static
../Core/Src/main.c:612:13:MX_GPIO_Init	40	static
../Core/Src/main.c:657:6:HAL_UART_TxCpltCallback	16	static,ignoring_inline_asm
../Core/Src/main.c:663:6:initUsartBufferHandler	4	static
../Core/Src/main.c:671:6:initCarMode	8	static
../Core/Src/main.c:685:6:UserBtn_MainTask	8	static
../Core/Src/main.c:699:6:initTCRTLib	24	static
../Core/Src/main.c:735:6:TCRT_MainTask	40	static,ignoring_inline_asm
../Core/Src/main.c:772:6:My_TimerCalcFunc	32	static
../Core/Src/main.c:795:6:InitMotorTask	8	static
../Core/Src/main.c:817:6:Motor_MainTask	8	static
../Core/Src/main.c:833:6:Error_Handler	4	static,ignoring_inline_asm
