../Core/Src/main.c:92:26:HAL_UART1_TxDMA_Wrapper	16	static
../Core/Src/main.c:97:26:HAL_UART1_RxDMA_Wrapper	16	static
../Core/Src/main.c:103:13:MyRxHandler	24	static
../Core/Src/main.c:113:6:USART1_PrintString	16	static
../Core/Src/main.c:123:5:main	16	static
../Core/Src/main.c:218:6:SystemClock_Config	88	static
../Core/Src/main.c:266:13:MX_ADC1_Init	24	static
../Core/Src/main.c:373:13:MX_TIM3_Init	64	static
../Core/Src/main.c:431:13:MX_USART1_UART_Init	8	static
../Core/Src/main.c:462:13:MX_DMA_Init	16	static
../Core/Src/main.c:486:13:MX_GPIO_Init	40	static
../Core/Src/main.c:526:6:initUsartBufferHandler	4	static
../Core/Src/main.c:534:6:initCarMode	4	static
../Core/Src/main.c:553:6:Error_Handler	4	static,ignoring_inline_asm
