../Core/Src/main.c:291:6:clearScreenWrapper	0	static
../Core/Src/main.c:296:6:drawItemWrapper	0	static
../Core/Src/main.c:365:6:MPU_Data_Ready	0	static
../Core/Src/main.c:372:13:MyRxHandler	16	static
../Core/Src/main.c:311:6:OLED_DMA_Complete_I2CManager	0	static,ignoring_inline_asm
../Core/Src/main.c:318:6:OLED_GrantAccess_I2CManager	0	static
../Core/Src/main.c:323:6:OLED_RequestBusUse_I2CManager	0	static
../Core/Src/main.c:353:6:MPU_RequestBusUse_I2CManager	0	static,ignoring_inline_asm
../Core/Src/main.c:328:6:OLED_ReleaseBusUse_I2CManager	8	static,ignoring_inline_asm
../Core/Src/main.c:359:6:MPU_ReleaseBusUse_I2CManager	8	static,ignoring_inline_asm
../Core/Src/main.c:343:6:MPU_DMA_Complete_I2CManager	0	static
../Core/Src/main.c:348:6:MPU_GrantAccessCallback_I2CManager	0	static
../Core/Src/main.c:286:26:HAL_UART1_RxDMA_Wrapper	0	static
../Core/Src/main.c:281:26:HAL_UART1_TxDMA_Wrapper	0	static
../Core/Src/main.c:334:6:OLED_Is_Ready	0	static
../Core/Src/main.c:1266:6:My_TimerCalcFunc	8	static
../Core/Src/main.c:305:6:renderFnWrapper	0	static
../Core/Src/main.c:120:6:USART1_PrintString	0	static
../Core/Src/main.c:127:6:submenu1_Open	8	static
../Core/Src/main.c:131:6:submenu2_Open	8	static
../Core/Src/main.c:135:6:submenu3_Open	8	static
../Core/Src/main.c:139:6:setMode_IDLE	0	static
../Core/Src/main.c:143:6:setMode_FOLLOW	0	static
../Core/Src/main.c:147:6:setMode_TEST	0	static
../Core/Src/main.c:548:6:SystemClock_Config	88	static,ignoring_inline_asm
../Core/Src/main.c:1074:6:HAL_UART_TxCpltCallback	0	static
../Core/Src/main.c:1079:6:initUsartBufferHandler	0	static
../Core/Src/main.c:1087:6:initCarMode	16	static
../Core/Src/main.c:1107:6:UserBtn_MainTask	8	static,ignoring_inline_asm
../Core/Src/main.c:1128:6:Encoder_MainTask	16	static
../Core/Src/main.c:1187:6:initTCRTLib	24	static
../Core/Src/main.c:1223:6:TCRT_MainTask	8	static
../Core/Src/main.c:1287:6:InitMotorTask	8	static,ignoring_inline_asm
../Core/Src/main.c:1311:6:Motor_MainTask	0	static
../Core/Src/main.c:1320:6:MPU_MainTask	8	static,ignoring_inline_asm
../Core/Src/main.c:1352:6:i2cManager_MainTask	0	static
../Core/Src/main.c:1357:6:OLED_MainTask	16	static
../Core/Src/main.c:1397:6:initMenuSystemTask	16	static
../Core/Src/main.c:397:5:main	136	static,ignoring_inline_asm
../Core/Src/main.c:1412:6:Error_Handler	0	static,ignoring_inline_asm
