../Core/Src/main.c:285:6:clearScreenWrapper	0	static
../Core/Src/main.c:290:6:drawItemWrapper	0	static
../Core/Src/main.c:299:6:renderFnWrapper	0	static
../Core/Src/main.c:1178:6:My_TimerCalcFunc	0	static
../Core/Src/main.c:322:13:MyRxHandler	16	static
../Core/Src/main.c:305:6:OLED_DMA_Complete_I2CManager	8	static
../Core/Src/main.c:311:6:OLED_GrantAccess_I2CManager	8	static
../Core/Src/main.c:316:6:OLED_RequestBusUse_I2CManager	8	static
../Core/Src/main.c:280:26:HAL_UART1_RxDMA_Wrapper	8	static
../Core/Src/main.c:275:26:HAL_UART1_TxDMA_Wrapper	8	static
../Core/Src/main.c:929:13:MX_GPIO_Init	64	static
../Core/Src/main.c:899:13:MX_DMA_Init	16	static
../Core/Src/main.c:115:6:USART1_PrintString	8	static
../Core/Src/main.c:122:6:submenu1_Open	8	static
../Core/Src/main.c:126:6:submenu2_Open	8	static
../Core/Src/main.c:130:6:submenu3_Open	8	static
../Core/Src/main.c:134:6:setMode_IDLE	8	static
../Core/Src/main.c:138:6:setMode_FOLLOW	8	static
../Core/Src/main.c:142:6:setMode_TEST	8	static
../Core/Src/main.c:1000:6:HAL_UART_TxCpltCallback	8	static
../Core/Src/main.c:1005:6:initUsartBufferHandler	0	static
../Core/Src/main.c:1013:6:initCarMode	16	static
../Core/Src/main.c:1033:6:UserBtn_MainTask	8	static,ignoring_inline_asm
../Core/Src/main.c:1052:6:Encoder_MainTask	72	static
../Core/Src/main.c:1096:6:initTCRTLib	24	static
../Core/Src/main.c:1132:6:TCRT_MainTask	24	static
../Core/Src/main.c:1223:6:Motor_MainTask	8	static
../Core/Src/main.c:1232:6:MPU_MainTask	0	static
../Core/Src/main.c:1238:6:i2cManager_MainTask	8	static
../Core/Src/main.c:1243:6:OLED_MainTask	8	static
../Core/Src/main.c:1277:6:initMenuSystemTask	16	static
../Core/Src/main.c:1292:6:Error_Handler	0	static,ignoring_inline_asm
../Core/Src/main.c:772:13:MX_TIM3_Init	32	static
../Core/Src/main.c:522:13:MX_ADC1_Init	24	static
../Core/Src/main.c:866:13:MX_USART1_UART_Init	8	static
../Core/Src/main.c:629:13:MX_I2C1_Init	8	static
../Core/Src/main.c:701:13:MX_TIM2_Init	64	static
../Core/Src/main.c:663:13:MX_SPI2_Init	8	static
../Core/Src/main.c:817:13:MX_TIM4_Init	56	static
../Core/Src/main.c:474:6:SystemClock_Config	88	static
../Core/Src/main.c:1199:6:InitMotorTask	8	static
../Core/Src/main.c:347:5:main	16	static,ignoring_inline_asm
