../Core/Src/main.c:241:6:clearScreenWrapper	0	static
../Core/Src/main.c:246:6:drawItemWrapper	0	static
../Core/Src/main.c:78:6:submenu1_Open	0	static
../Core/Src/main.c:79:6:submenu2_Open	0	static
../Core/Src/main.c:80:6:submenu3_Open	0	static
../Core/Src/main.c:261:6:OLED_DMA_Complete_I2CManager	0	static
../Core/Src/main.c:267:6:OLED_GrantAccess_I2CManager	0	static
../Core/Src/main.c:272:6:OLED_RequestBusUse_I2CManager	0	static
../Core/Src/main.c:278:13:MyRxHandler	16	static
../Core/Src/main.c:224:26:HAL_UART1_RxDMA_Wrapper	0	static
../Core/Src/main.c:219:26:HAL_UART1_TxDMA_Wrapper	0	static
../Core/Src/main.c:1034:6:My_TimerCalcFunc	8	static
../Core/Src/main.c:255:6:renderFnWrapper	0	static
../Core/Src/main.c:229:6:setMode_IDLE	0	static
../Core/Src/main.c:233:6:setMode_FOLLOW	0	static
../Core/Src/main.c:237:6:setMode_TEST	0	static
../Core/Src/main.c:288:6:USART1_PrintString	0	static
../Core/Src/main.c:415:6:SystemClock_Config	88	static,ignoring_inline_asm
../Core/Src/main.c:915:6:HAL_UART_TxCpltCallback	0	static
../Core/Src/main.c:920:6:initUsartBufferHandler	0	static
../Core/Src/main.c:928:6:initCarMode	0	static
../Core/Src/main.c:942:6:UserBtn_MainTask	8	static
../Core/Src/main.c:956:6:initTCRTLib	24	static
../Core/Src/main.c:992:6:TCRT_MainTask	32	static,ignoring_inline_asm
../Core/Src/main.c:1057:6:InitMotorTask	8	static,ignoring_inline_asm
../Core/Src/main.c:1079:6:Motor_MainTask	0	static
../Core/Src/main.c:1088:6:MPU_MainTask	0	static
../Core/Src/main.c:1094:6:i2cManager_MainTask	0	static
../Core/Src/main.c:1099:6:OLED_MainTask	0	static
../Core/Src/main.c:1120:6:initMenuSystemTask	16	static
../Core/Src/main.c:299:5:main	112	static,ignoring_inline_asm
../Core/Src/main.c:1136:6:Error_Handler	0	static,ignoring_inline_asm
