../Core/Src/main.c:492:6:MPU_Data_Ready	0	static
../Core/Src/main.c:499:13:MyRxHandler	16	static
../Core/Src/main.c:136:6:OledUtils_Clear_Wrapper	0	static
../Core/Src/main.c:140:6:OledUtils_DrawItem_Wrapper	0	static
../Core/Src/main.c:150:6:OledUtils_RenderDashboard_Wrapper	16	static
../Core/Src/main.c:172:6:MenuSys_RenderMenu_Wrapper	24	static
../Core/Src/main.c:210:6:MenuSys_GoBack_Wrapper	0	static
../Core/Src/main.c:250:6:OledUtils_RenderValoresMPU_Wrapper	8	static,ignoring_inline_asm
../Core/Src/main.c:446:6:OLED_DMA_Complete_I2CManager	0	static
../Core/Src/main.c:452:6:OLED_GrantAccess_I2CManager	0	static,ignoring_inline_asm
../Core/Src/main.c:458:6:OLED_RequestBusUse_I2CManager	0	static,ignoring_inline_asm
../Core/Src/main.c:480:6:MPU_RequestBusUse_I2CManager	0	static,ignoring_inline_asm
../Core/Src/main.c:464:6:OLED_ReleaseBusUse_I2CManager	0	static
../Core/Src/main.c:486:6:MPU_ReleaseBusUse_I2CManager	8	static,ignoring_inline_asm
../Core/Src/main.c:469:6:MPU_DMA_Complete_I2CManager	0	static
../Core/Src/main.c:474:6:MPU_GrantAccessCallback_I2CManager	0	static,ignoring_inline_asm
../Core/Src/main.c:421:26:HAL_UART1_RxDMA_Wrapper	0	static
../Core/Src/main.c:416:26:HAL_UART1_TxDMA_Wrapper	0	static
../Core/Src/main.c:123:6:onRenderComplete	0	static,ignoring_inline_asm
../Core/Src/main.c:265:6:OLED_Is_Ready	0	static,ignoring_inline_asm
../Core/Src/main.c:1404:6:My_TimerCalcFunc	8	static
../Core/Src/main.c:231:6:OledUtils_RenderValoresIR_Wrapper	16	static
../Core/Src/main.c:132:6:USART1_PrintString	0	static
../Core/Src/main.c:274:6:setMode_IDLE	0	static
../Core/Src/main.c:278:6:setMode_FOLLOW	0	static
../Core/Src/main.c:282:6:setMode_TEST	0	static
../Core/Src/main.c:214:6:OledUtils_RenderRadar_Wrapper	16	static,ignoring_inline_asm
../Core/Src/main.c:426:6:clearScreenWrapper	0	static
../Core/Src/main.c:431:6:drawItemWrapper	0	static
../Core/Src/main.c:440:6:renderFnWrapper	0	static
../Core/Src/main.c:682:6:SystemClock_Config	88	static,ignoring_inline_asm
../Core/Src/main.c:1214:6:HAL_UART_TxCpltCallback	0	static
../Core/Src/main.c:1219:6:initUsartBufferHandler	0	static
../Core/Src/main.c:1227:6:initCarMode	16	static
../Core/Src/main.c:1250:6:UserBtn_MainTask	24	static,ignoring_inline_asm
../Core/Src/main.c:1275:6:Encoder_MainTask	8	static,ignoring_inline_asm
../Core/Src/main.c:1325:6:initTCRTLib	24	static
../Core/Src/main.c:1361:6:TCRT_MainTask	8	static
../Core/Src/main.c:1425:6:InitMotorTask	8	static,ignoring_inline_asm
../Core/Src/main.c:1449:6:Motor_MainTask	0	static
../Core/Src/main.c:1458:6:MPU_MainTask	24	static,ignoring_inline_asm
../Core/Src/main.c:1516:6:i2cManager_MainTask	0	static
../Core/Src/main.c:1521:6:OLED_MainTask	8	static,ignoring_inline_asm
../Core/Src/main.c:1584:6:initMenuSystemTask	16	static
../Core/Src/main.c:524:5:main	136	static,ignoring_inline_asm
../Core/Src/main.c:1599:6:Error_Handler	0	static,ignoring_inline_asm
