C:/Users/kobac/OneDrive/Escritorio/Facultad/Microcontroladores/Auto Proyecto/HAL Libs/TCRT5000/Inc/tcrt5000.h:373:20:TCRT5000_IsReady	16	static
C:/Users/kobac/OneDrive/Escritorio/Facultad/Microcontroladores/Auto Proyecto/HAL Libs/TCRT5000/Inc/tcrt5000.h:383:20:TCRT5000_ClearReady	16	static
../Core/Src/main.c:127:26:HAL_UART1_TxDMA_Wrapper	16	static
../Core/Src/main.c:132:26:HAL_UART1_RxDMA_Wrapper	16	static
../Core/Src/main.c:138:13:MyRxHandler	24	static
../Core/Src/main.c:148:6:USART1_PrintString	16	static
../Core/Src/main.c:158:5:main	8	static
../Core/Src/main.c:238:6:SystemClock_Config	88	static
../Core/Src/main.c:286:13:MX_ADC1_Init	24	static
../Core/Src/main.c:393:13:MX_TIM3_Init	32	static
../Core/Src/main.c:438:13:MX_TIM4_Init	64	static
../Core/Src/main.c:509:13:MX_USART1_UART_Init	8	static
../Core/Src/main.c:542:13:MX_DMA_Init	16	static
../Core/Src/main.c:566:13:MX_GPIO_Init	40	static
../Core/Src/main.c:611:6:HAL_UART_TxCpltCallback	16	static,ignoring_inline_asm
../Core/Src/main.c:617:6:initUsartBufferHandler	4	static
../Core/Src/main.c:625:6:initCarMode	8	static
../Core/Src/main.c:639:6:UserBtn_MainTask	8	static
../Core/Src/main.c:653:6:initTCRTLib	24	static
../Core/Src/main.c:689:6:TCRT_MainTask	40	static,ignoring_inline_asm
../Core/Src/main.c:726:6:My_TimerCalcFunc	32	static
../Core/Src/main.c:746:6:InitMotorTask	8	static
../Core/Src/main.c:768:6:Motor_MainTask	8	static
../Core/Src/main.c:784:6:Error_Handler	4	static,ignoring_inline_asm
