C:/Users/kobac/OneDrive/Escritorio/Facultad/Microcontroladores/Auto Proyecto/HAL Libs/TCRT5000/Inc/tcrt5000.h:373:20:TCRT5000_IsReady	16	static
C:/Users/kobac/OneDrive/Escritorio/Facultad/Microcontroladores/Auto Proyecto/HAL Libs/TCRT5000/Inc/tcrt5000.h:383:20:TCRT5000_ClearReady	16	static
../Core/Src/main.c:136:26:HAL_UART1_TxDMA_Wrapper	16	static
../Core/Src/main.c:141:26:HAL_UART1_RxDMA_Wrapper	16	static
../Core/Src/main.c:147:13:MyRxHandler	24	static
../Core/Src/main.c:157:6:USART1_PrintString	16	static
../Core/Src/main.c:161:6:OLED_DMA_COMPLETE_MOCKUP	8	static
../Core/Src/main.c:165:6:OLED_I2C_GRANTED_MOCKUP	8	static
../Core/Src/main.c:176:5:main	24	static,ignoring_inline_asm
../Core/Src/main.c:278:6:SystemClock_Config	88	static
../Core/Src/main.c:326:13:MX_ADC1_Init	24	static
../Core/Src/main.c:433:13:MX_I2C1_Init	8	static
../Core/Src/main.c:467:13:MX_TIM2_Init	64	static
../Core/Src/main.c:538:13:MX_TIM3_Init	32	static
../Core/Src/main.c:583:13:MX_USART1_UART_Init	8	static
../Core/Src/main.c:616:13:MX_DMA_Init	16	static
../Core/Src/main.c:646:13:MX_GPIO_Init	40	static
../Core/Src/main.c:691:6:HAL_UART_TxCpltCallback	16	static,ignoring_inline_asm
../Core/Src/main.c:697:6:initUsartBufferHandler	4	static
../Core/Src/main.c:705:6:initCarMode	8	static
../Core/Src/main.c:719:6:UserBtn_MainTask	8	static
../Core/Src/main.c:733:6:initTCRTLib	24	static
../Core/Src/main.c:769:6:TCRT_MainTask	40	static,ignoring_inline_asm
../Core/Src/main.c:806:6:My_TimerCalcFunc	32	static
../Core/Src/main.c:829:6:InitMotorTask	8	static
../Core/Src/main.c:851:6:Motor_MainTask	8	static
../Core/Src/main.c:860:6:i2cManager_MainTask	8	static
../Core/Src/main.c:864:6:MPU_MainTask	4	static
../Core/Src/main.c:877:6:Error_Handler	4	static,ignoring_inline_asm
