C:/Users/kobac/OneDrive/Escritorio/Facultad/Microcontroladores/Auto Proyecto/HAL Libs/TCRT5000/Inc/tcrt5000.h:349:20:TCRT5000_IsReady	16	static
C:/Users/kobac/OneDrive/Escritorio/Facultad/Microcontroladores/Auto Proyecto/HAL Libs/TCRT5000/Inc/tcrt5000.h:359:20:TCRT5000_ClearReady	16	static
../Core/Src/main.c:105:26:HAL_UART1_TxDMA_Wrapper	16	static
../Core/Src/main.c:110:26:HAL_UART1_RxDMA_Wrapper	16	static
../Core/Src/main.c:116:13:MyRxHandler	24	static
../Core/Src/main.c:126:6:USART1_PrintString	16	static
../Core/Src/main.c:136:5:main	16	static
../Core/Src/main.c:264:6:SystemClock_Config	88	static
../Core/Src/main.c:312:13:MX_ADC1_Init	24	static
../Core/Src/main.c:419:13:MX_TIM3_Init	32	static
../Core/Src/main.c:464:13:MX_USART1_UART_Init	8	static
../Core/Src/main.c:495:13:MX_DMA_Init	16	static
../Core/Src/main.c:519:13:MX_GPIO_Init	40	static
../Core/Src/main.c:559:6:initUsartBufferHandler	4	static
../Core/Src/main.c:567:6:initCarMode	4	static
../Core/Src/main.c:580:6:initTCRTLib	16	static
../Core/Src/main.c:601:6:Error_Handler	4	static,ignoring_inline_asm
