../Core/Src/main.c:399:6:MPU_Data_Ready	0	static
../Core/Src/main.c:406:13:MyRxHandler	16	static
../Core/Src/main.c:126:6:OledUtils_Clear_Wrapper	0	static
../Core/Src/main.c:130:6:OledUtils_DrawItem_Wrapper	0	static
../Core/Src/main.c:140:6:OledUtils_RenderDashboard_Wrapper	0	static
../Core/Src/main.c:152:6:MenuSys_RenderMenu_Wrapper	0	static
../Core/Src/main.c:159:6:MenuSys_GoBack_Wrapper	0	static
../Core/Src/main.c:354:6:OLED_DMA_Complete_I2CManager	0	static,ignoring_inline_asm
../Core/Src/main.c:361:6:OLED_GrantAccess_I2CManager	0	static
../Core/Src/main.c:366:6:OLED_RequestBusUse_I2CManager	0	static
../Core/Src/main.c:387:6:MPU_RequestBusUse_I2CManager	0	static,ignoring_inline_asm
../Core/Src/main.c:371:6:OLED_ReleaseBusUse_I2CManager	8	static,ignoring_inline_asm
../Core/Src/main.c:393:6:MPU_ReleaseBusUse_I2CManager	8	static,ignoring_inline_asm
../Core/Src/main.c:377:6:MPU_DMA_Complete_I2CManager	0	static
../Core/Src/main.c:382:6:MPU_GrantAccessCallback_I2CManager	0	static
../Core/Src/main.c:329:26:HAL_UART1_RxDMA_Wrapper	0	static
../Core/Src/main.c:324:26:HAL_UART1_TxDMA_Wrapper	0	static
../Core/Src/main.c:163:6:OLED_Is_Ready	0	static,ignoring_inline_asm
../Core/Src/main.c:172:6:onMenuRenderComplete	0	static,ignoring_inline_asm
../Core/Src/main.c:1300:6:My_TimerCalcFunc	8	static
../Core/Src/main.c:122:6:USART1_PrintString	0	static
../Core/Src/main.c:182:6:setMode_IDLE	0	static
../Core/Src/main.c:186:6:setMode_FOLLOW	0	static
../Core/Src/main.c:190:6:setMode_TEST	0	static
../Core/Src/main.c:334:6:clearScreenWrapper	0	static
../Core/Src/main.c:339:6:drawItemWrapper	0	static
../Core/Src/main.c:348:6:renderFnWrapper	0	static
../Core/Src/main.c:586:6:SystemClock_Config	88	static,ignoring_inline_asm
../Core/Src/main.c:1112:6:HAL_UART_TxCpltCallback	0	static
../Core/Src/main.c:1117:6:initUsartBufferHandler	0	static
../Core/Src/main.c:1125:6:initCarMode	16	static
../Core/Src/main.c:1148:6:UserBtn_MainTask	16	static,ignoring_inline_asm
../Core/Src/main.c:1171:6:Encoder_MainTask	8	static,ignoring_inline_asm
../Core/Src/main.c:1221:6:initTCRTLib	24	static
../Core/Src/main.c:1257:6:TCRT_MainTask	8	static
../Core/Src/main.c:1321:6:InitMotorTask	8	static,ignoring_inline_asm
../Core/Src/main.c:1345:6:Motor_MainTask	0	static
../Core/Src/main.c:1354:6:MPU_MainTask	8	static,ignoring_inline_asm
../Core/Src/main.c:1386:6:i2cManager_MainTask	0	static
../Core/Src/main.c:1391:6:OLED_MainTask	16	static,ignoring_inline_asm
../Core/Src/main.c:1453:6:initMenuSystemTask	16	static
../Core/Src/main.c:431:5:main	136	static,ignoring_inline_asm
../Core/Src/main.c:1468:6:Error_Handler	0	static,ignoring_inline_asm
