../Core/Src/main.c:167:6:setMode_IDLE	0	static
../Core/Src/main.c:170:6:setMode_FOLLOW	0	static
../Core/Src/main.c:173:6:setMode_TEST	0	static
../Core/Src/main.c:323:6:MPU_Data_Ready	0	static
../Core/Src/main.c:152:6:OledUtils_Clear_Wrapper	0	static
../Core/Src/main.c:1045:20:my_send_bytes_dma	16	static
../Core/Src/main.c:1060:6:on_uner_packet	48	static
../Core/Src/main.c:156:6:OLED_Is_Ready	0	static,ignoring_inline_asm
../Core/Src/main.c:304:6:clearScreenWrapper	0	static
../Core/Src/main.c:309:6:drawItemWrapper	0	static
../Core/Src/main.c:318:6:renderFnWrapper	0	static
../Core/Src/main.c:327:6:USART1_DMA_CheckRx	24	static
../Core/Src/main.c:481:6:SystemClock_Config	88	static,ignoring_inline_asm
../Core/Src/main.c:1009:20:uart1_send_bytes	8	static
../Core/Src/main.c:1016:6:Uart1_RxFeedParser_FromDMA	24	static
../Core/Src/main.c:1072:6:initUNERProtocol	8	static
../Core/Src/main.c:1092:6:initCarMode	24	static
../Core/Src/main.c:1111:6:UserBtn_MainTask	0	static
../Core/Src/main.c:1126:6:Encoder_MainTask	16	static
../Core/Src/main.c:1169:6:initTCRTLib	24	static
../Core/Src/main.c:1205:6:TCRT_MainTask	8	static
../Core/Src/main.c:1239:6:My_TimerCalcFunc	8	static
../Core/Src/main.c:1261:6:InitMotorTask	8	static,ignoring_inline_asm
../Core/Src/main.c:1285:6:Motor_MainTask	16	static
../Core/Src/main.c:1339:6:MPU_MainTask	24	static,ignoring_inline_asm
../Core/Src/main.c:1397:6:i2cManager_MainTask	0	static
../Core/Src/main.c:1402:6:OLED_MainTask	8	static,ignoring_inline_asm
../Core/Src/main.c:1434:6:initMenuSystemTask	24	static
../Core/Src/main.c:365:5:main	120	static,ignoring_inline_asm
../Core/Src/main.c:1453:6:Error_Handler	0	static,ignoring_inline_asm
