C:/Users/kobac/OneDrive/Escritorio/Facultad/Microcontroladores/Auto Proyecto/HAL Libs/TCRT5000/Inc/tcrt5000.h:373:20:TCRT5000_IsReady	16	static
C:/Users/kobac/OneDrive/Escritorio/Facultad/Microcontroladores/Auto Proyecto/HAL Libs/TCRT5000/Inc/tcrt5000.h:383:20:TCRT5000_ClearReady	16	static
../Core/Src/main.c:110:26:HAL_UART1_TxDMA_Wrapper	16	static
../Core/Src/main.c:115:26:HAL_UART1_RxDMA_Wrapper	16	static
../Core/Src/main.c:121:13:MyRxHandler	24	static
../Core/Src/main.c:131:6:USART1_PrintString	16	static
../Core/Src/main.c:141:5:main	8	static
../Core/Src/main.c:218:6:SystemClock_Config	88	static
../Core/Src/main.c:266:13:MX_ADC1_Init	24	static
../Core/Src/main.c:373:13:MX_TIM3_Init	32	static
../Core/Src/main.c:418:13:MX_USART1_UART_Init	8	static
../Core/Src/main.c:451:13:MX_DMA_Init	16	static
../Core/Src/main.c:475:13:MX_GPIO_Init	40	static
../Core/Src/main.c:520:6:HAL_UART_TxCpltCallback	16	static,ignoring_inline_asm
../Core/Src/main.c:526:6:initUsartBufferHandler	4	static
../Core/Src/main.c:534:6:initCarMode	8	static
../Core/Src/main.c:548:6:UserBtn_MainTask	8	static
../Core/Src/main.c:561:6:initTCRTLib	24	static
../Core/Src/main.c:597:6:TCRT_MainTask	40	static,ignoring_inline_asm
../Core/Src/main.c:641:6:Error_Handler	4	static,ignoring_inline_asm
