../Core/Src/main.c:260:6:clearScreenWrapper	0	static
../Core/Src/main.c:265:6:drawItemWrapper	0	static
../Core/Src/main.c:297:13:MyRxHandler	16	static
../Core/Src/main.c:280:6:OLED_DMA_Complete_I2CManager	0	static
../Core/Src/main.c:286:6:OLED_GrantAccess_I2CManager	0	static
../Core/Src/main.c:291:6:OLED_RequestBusUse_I2CManager	0	static
../Core/Src/main.c:255:26:HAL_UART1_RxDMA_Wrapper	0	static
../Core/Src/main.c:250:26:HAL_UART1_TxDMA_Wrapper	0	static
../Core/Src/main.c:1124:6:My_TimerCalcFunc	8	static
../Core/Src/main.c:274:6:renderFnWrapper	0	static
../Core/Src/main.c:113:6:USART1_PrintString	0	static
../Core/Src/main.c:120:6:submenu1_Open	8	static
../Core/Src/main.c:124:6:submenu2_Open	8	static
../Core/Src/main.c:128:6:submenu3_Open	8	static
../Core/Src/main.c:132:6:setMode_IDLE	0	static
../Core/Src/main.c:137:6:setMode_FOLLOW	0	static
../Core/Src/main.c:142:6:setMode_TEST	0	static
../Core/Src/main.c:433:6:SystemClock_Config	88	static,ignoring_inline_asm
../Core/Src/main.c:959:6:HAL_UART_TxCpltCallback	0	static
../Core/Src/main.c:964:6:initUsartBufferHandler	0	static
../Core/Src/main.c:972:6:initCarMode	16	static
../Core/Src/main.c:992:6:UserBtn_MainTask	8	static
../Core/Src/main.c:1003:6:Encoder_MainTask	72	static
../Core/Src/main.c:1047:6:initTCRTLib	24	static
../Core/Src/main.c:1083:6:TCRT_MainTask	8	static
../Core/Src/main.c:1145:6:InitMotorTask	8	static,ignoring_inline_asm
../Core/Src/main.c:1169:6:Motor_MainTask	0	static
../Core/Src/main.c:1178:6:MPU_MainTask	0	static
../Core/Src/main.c:1184:6:i2cManager_MainTask	0	static
../Core/Src/main.c:1189:6:OLED_MainTask	0	static
../Core/Src/main.c:1210:6:initMenuSystemTask	16	static
../Core/Src/main.c:314:5:main	120	static,ignoring_inline_asm
../Core/Src/main.c:1226:6:Error_Handler	0	static,ignoring_inline_asm
