../Core/Src/main.c:156:6:OLED_DMA_Complete_I2CManager	0	static
../Core/Src/main.c:162:6:OLED_GrantAccess_I2CManager	0	static
../Core/Src/main.c:167:6:OLED_RequestBusUse_I2CManager	0	static
../Core/Src/main.c:173:13:MyRxHandler	16	static
../Core/Src/main.c:150:26:HAL_UART1_RxDMA_Wrapper	0	static
../Core/Src/main.c:145:26:HAL_UART1_TxDMA_Wrapper	0	static
../Core/Src/main.c:832:6:My_TimerCalcFunc	8	static
../Core/Src/main.c:183:6:USART1_PrintString	0	static
../Core/Src/main.c:306:6:SystemClock_Config	88	static,ignoring_inline_asm
../Core/Src/main.c:719:6:HAL_UART_TxCpltCallback	0	static
../Core/Src/main.c:724:6:initUsartBufferHandler	0	static
../Core/Src/main.c:732:6:initCarMode	0	static
../Core/Src/main.c:746:6:UserBtn_MainTask	8	static
../Core/Src/main.c:760:6:initTCRTLib	24	static
../Core/Src/main.c:796:6:TCRT_MainTask	8	static
../Core/Src/main.c:855:6:InitMotorTask	8	static,ignoring_inline_asm
../Core/Src/main.c:877:6:Motor_MainTask	0	static
../Core/Src/main.c:886:6:MPU_MainTask	0	static
../Core/Src/main.c:892:6:i2cManager_MainTask	0	static
../Core/Src/main.c:897:6:OLED_MainTask	0	static
../Core/Src/main.c:194:5:main	104	static,ignoring_inline_asm
../Core/Src/main.c:919:6:Error_Handler	0	static,ignoring_inline_asm
