../Core/Src/main.c:91:26:HAL_UART1_TxDMA_Wrapper	16	static
../Core/Src/main.c:96:26:HAL_UART1_RxDMA_Wrapper	16	static
../Core/Src/main.c:102:13:MyRxHandler	24	static
../Core/Src/main.c:118:5:main	16	static,ignoring_inline_asm
../Core/Src/main.c:215:6:SystemClock_Config	88	static
../Core/Src/main.c:263:13:MX_ADC1_Init	24	static
../Core/Src/main.c:370:13:MX_TIM3_Init	64	static
../Core/Src/main.c:428:13:MX_USART1_UART_Init	8	static
../Core/Src/main.c:459:13:MX_DMA_Init	16	static
../Core/Src/main.c:483:13:MX_GPIO_Init	40	static
../Core/Src/main.c:523:6:initUsartBufferHandler	4	static
../Core/Src/main.c:531:6:initCarMode	8	static
../Core/Src/main.c:552:6:Error_Handler	4	static,ignoring_inline_asm
