../Core/Src/main.c:141:6:MPU_Data_Ready	0	static
../Core/Src/main.c:90:6:OledUtils_Clear_Wrapper	0	static
../Core/Src/main.c:94:6:OLED_Is_Ready	0	static,ignoring_inline_asm
../Core/Src/main.c:145:6:USART1_DMA_CheckRx	8	static
../Core/Src/main.c:283:6:SystemClock_Config	88	static,ignoring_inline_asm
../Core/Src/main.c:329:19:uart1_send_bytes	16	static
../Core/Src/main.c:347:6:initCarMode	16	static
../Core/Src/main.c:366:6:UserBtn_MainTask	0	static
../Core/Src/main.c:381:6:Encoder_MainTask	16	static
../Core/Src/main.c:424:6:initTCRTLib	24	static
../Core/Src/main.c:460:6:TCRT_MainTask	8	static
../Core/Src/main.c:494:6:My_TimerCalcFunc	8	static
../Core/Src/main.c:516:6:InitMotorTask	8	static,ignoring_inline_asm
../Core/Src/main.c:540:6:Motor_MainTask	16	static
../Core/Src/main.c:594:6:MPU_MainTask	24	static,ignoring_inline_asm
../Core/Src/main.c:652:6:i2cManager_MainTask	0	static
../Core/Src/main.c:657:6:OLED_MainTask	8	static,ignoring_inline_asm
../Core/Src/main.c:691:6:initMenuSystemTask	24	static
../Core/Src/main.c:163:5:main	16	static,ignoring_inline_asm
../Core/Src/main.c:710:6:Error_Handler	0	static,ignoring_inline_asm
