../Core/Src/main.c:398:6:MPU_Data_Ready	0	static
../Core/Src/main.c:405:13:MyRxHandler	16	static
../Core/Src/main.c:126:6:OledUtils_Clear_Wrapper	0	static
../Core/Src/main.c:130:6:OledUtils_DrawItem_Wrapper	0	static
../Core/Src/main.c:140:6:OledUtils_RenderDashboard_Wrapper	0	static
../Core/Src/main.c:152:6:MenuSys_RenderMenu_Wrapper	0	static
../Core/Src/main.c:159:6:MenuSys_GoBack_Wrapper	0	static
../Core/Src/main.c:353:6:OLED_DMA_Complete_I2CManager	0	static,ignoring_inline_asm
../Core/Src/main.c:360:6:OLED_GrantAccess_I2CManager	0	static
../Core/Src/main.c:365:6:OLED_RequestBusUse_I2CManager	0	static
../Core/Src/main.c:386:6:MPU_RequestBusUse_I2CManager	0	static,ignoring_inline_asm
../Core/Src/main.c:370:6:OLED_ReleaseBusUse_I2CManager	8	static,ignoring_inline_asm
../Core/Src/main.c:392:6:MPU_ReleaseBusUse_I2CManager	8	static,ignoring_inline_asm
../Core/Src/main.c:376:6:MPU_DMA_Complete_I2CManager	0	static
../Core/Src/main.c:381:6:MPU_GrantAccessCallback_I2CManager	0	static
../Core/Src/main.c:328:26:HAL_UART1_RxDMA_Wrapper	0	static
../Core/Src/main.c:323:26:HAL_UART1_TxDMA_Wrapper	0	static
../Core/Src/main.c:163:6:OLED_Is_Ready	0	static,ignoring_inline_asm
../Core/Src/main.c:172:6:onMenuRenderComplete	0	static
../Core/Src/main.c:1296:6:My_TimerCalcFunc	8	static
../Core/Src/main.c:122:6:USART1_PrintString	0	static
../Core/Src/main.c:181:6:setMode_IDLE	0	static
../Core/Src/main.c:185:6:setMode_FOLLOW	0	static
../Core/Src/main.c:189:6:setMode_TEST	0	static
../Core/Src/main.c:333:6:clearScreenWrapper	0	static
../Core/Src/main.c:338:6:drawItemWrapper	0	static
../Core/Src/main.c:347:6:renderFnWrapper	0	static
../Core/Src/main.c:585:6:SystemClock_Config	88	static,ignoring_inline_asm
../Core/Src/main.c:1111:6:HAL_UART_TxCpltCallback	0	static
../Core/Src/main.c:1116:6:initUsartBufferHandler	0	static
../Core/Src/main.c:1124:6:initCarMode	16	static
../Core/Src/main.c:1144:6:UserBtn_MainTask	16	static,ignoring_inline_asm
../Core/Src/main.c:1167:6:Encoder_MainTask	8	static,ignoring_inline_asm
../Core/Src/main.c:1217:6:initTCRTLib	24	static
../Core/Src/main.c:1253:6:TCRT_MainTask	8	static
../Core/Src/main.c:1317:6:InitMotorTask	8	static,ignoring_inline_asm
../Core/Src/main.c:1341:6:Motor_MainTask	0	static
../Core/Src/main.c:1350:6:MPU_MainTask	8	static,ignoring_inline_asm
../Core/Src/main.c:1382:6:i2cManager_MainTask	0	static
../Core/Src/main.c:1387:6:OLED_MainTask	16	static,ignoring_inline_asm
../Core/Src/main.c:1449:6:initMenuSystemTask	16	static
../Core/Src/main.c:430:5:main	136	static,ignoring_inline_asm
../Core/Src/main.c:1464:6:Error_Handler	0	static,ignoring_inline_asm
