../Core/Src/main.c:161:6:MPU_Data_Ready	0	static
../Core/Src/main.c:100:6:OledUtils_Clear_Wrapper	0	static
../Core/Src/main.c:104:6:OLED_Is_Ready	0	static,ignoring_inline_asm
../Core/Src/main.c:165:6:USART1_DMA_CheckRx	0	static
../Core/Src/main.c:303:6:SystemClock_Config	88	static,ignoring_inline_asm
../Core/Src/main.c:862:19:uart1_send_bytes	16	static
../Core/Src/main.c:880:6:initCarMode	24	static
../Core/Src/main.c:899:6:UserBtn_MainTask	0	static
../Core/Src/main.c:914:6:Encoder_MainTask	16	static
../Core/Src/main.c:957:6:initTCRTLib	24	static
../Core/Src/main.c:993:6:TCRT_MainTask	8	static
../Core/Src/main.c:1027:6:My_TimerCalcFunc	8	static
../Core/Src/main.c:1049:6:InitMotorTask	8	static,ignoring_inline_asm
../Core/Src/main.c:1073:6:Motor_MainTask	16	static
../Core/Src/main.c:1127:6:MPU_MainTask	24	static,ignoring_inline_asm
../Core/Src/main.c:1185:6:i2cManager_MainTask	0	static
../Core/Src/main.c:1190:6:OLED_MainTask	8	static,ignoring_inline_asm
../Core/Src/main.c:1224:6:initMenuSystemTask	24	static
../Core/Src/main.c:183:5:main	120	static,ignoring_inline_asm
../Core/Src/main.c:1243:6:Error_Handler	0	static,ignoring_inline_asm
