../Core/Src/main.c:353:6:MPU_Data_Ready	0	static
../Core/Src/main.c:156:6:OledUtils_Clear_Wrapper	0	static
../Core/Src/main.c:160:6:OLED_Is_Ready	0	static,ignoring_inline_asm
../Core/Src/main.c:171:6:setMode_IDLE	0	static
../Core/Src/main.c:174:6:setMode_FOLLOW	0	static
../Core/Src/main.c:177:6:setMode_TEST	0	static
../Core/Src/main.c:334:6:clearScreenWrapper	0	static
../Core/Src/main.c:339:6:drawItemWrapper	0	static
../Core/Src/main.c:348:6:renderFnWrapper	0	static
../Core/Src/main.c:357:6:USART1_DMA_CheckRx	0	static
../Core/Src/main.c:492:6:SystemClock_Config	88	static,ignoring_inline_asm
../Core/Src/main.c:1051:19:uart1_send_bytes	16	static
../Core/Src/main.c:1069:6:initUart1DmaRx	0	static
../Core/Src/main.c:1077:6:initCarMode	24	static
../Core/Src/main.c:1096:6:UserBtn_MainTask	0	static
../Core/Src/main.c:1111:6:Encoder_MainTask	16	static
../Core/Src/main.c:1154:6:initTCRTLib	24	static
../Core/Src/main.c:1190:6:TCRT_MainTask	8	static
../Core/Src/main.c:1224:6:My_TimerCalcFunc	8	static
../Core/Src/main.c:1246:6:InitMotorTask	8	static,ignoring_inline_asm
../Core/Src/main.c:1270:6:Motor_MainTask	16	static
../Core/Src/main.c:1324:6:MPU_MainTask	24	static,ignoring_inline_asm
../Core/Src/main.c:1382:6:i2cManager_MainTask	0	static
../Core/Src/main.c:1387:6:OLED_MainTask	8	static,ignoring_inline_asm
../Core/Src/main.c:1419:6:initMenuSystemTask	24	static
../Core/Src/main.c:374:5:main	120	static,ignoring_inline_asm
../Core/Src/main.c:1438:6:Error_Handler	0	static,ignoring_inline_asm
