../Core/Src/main.c:149:6:setMode_IDLE	0	static
../Core/Src/main.c:152:6:setMode_FOLLOW	0	static
../Core/Src/main.c:155:6:setMode_TEST	0	static
../Core/Src/main.c:354:6:MPU_Data_Ready	0	static
../Core/Src/main.c:136:6:OledUtils_Clear_Wrapper	0	static
../Core/Src/main.c:308:6:OLED_DMA_Complete_I2CManager	0	static
../Core/Src/main.c:314:6:OLED_GrantAccess_I2CManager	0	static,ignoring_inline_asm
../Core/Src/main.c:320:6:OLED_RequestBusUse_I2CManager	0	static,ignoring_inline_asm
../Core/Src/main.c:342:6:MPU_RequestBusUse_I2CManager	0	static,ignoring_inline_asm
../Core/Src/main.c:326:6:OLED_ReleaseBusUse_I2CManager	0	static
../Core/Src/main.c:348:6:MPU_ReleaseBusUse_I2CManager	8	static,ignoring_inline_asm
../Core/Src/main.c:331:6:MPU_DMA_Complete_I2CManager	0	static
../Core/Src/main.c:336:6:MPU_GrantAccessCallback_I2CManager	0	static,ignoring_inline_asm
../Core/Src/main.c:1101:20:my_send_bytes_dma	16	static
../Core/Src/main.c:140:6:OLED_Is_Ready	0	static,ignoring_inline_asm
../Core/Src/main.c:1116:6:on_uner_packet	48	static
../Core/Src/main.c:288:6:clearScreenWrapper	0	static
../Core/Src/main.c:293:6:drawItemWrapper	0	static
../Core/Src/main.c:302:6:renderFnWrapper	0	static
../Core/Src/main.c:358:6:USART1_DMA_CheckRx	24	static
../Core/Src/main.c:537:6:SystemClock_Config	88	static,ignoring_inline_asm
../Core/Src/main.c:1065:20:uart1_send_bytes	8	static
../Core/Src/main.c:1072:6:Uart1_RxFeedParser_FromDMA	24	static
../Core/Src/main.c:1128:6:initUNERProtocol	8	static
../Core/Src/main.c:1148:6:initCarMode	16	static
../Core/Src/main.c:1171:6:UserBtn_MainTask	8	static
../Core/Src/main.c:1187:6:Encoder_MainTask	8	static
../Core/Src/main.c:1211:6:initTCRTLib	24	static
../Core/Src/main.c:1247:6:TCRT_MainTask	8	static
../Core/Src/main.c:1281:6:My_TimerCalcFunc	8	static
../Core/Src/main.c:1303:6:InitMotorTask	8	static,ignoring_inline_asm
../Core/Src/main.c:1327:6:Motor_MainTask	16	static
../Core/Src/main.c:1381:6:MPU_MainTask	24	static,ignoring_inline_asm
../Core/Src/main.c:1439:6:i2cManager_MainTask	0	static
../Core/Src/main.c:1444:6:OLED_MainTask	8	static,ignoring_inline_asm
../Core/Src/main.c:1507:6:initMenuSystemTask	16	static
../Core/Src/main.c:396:5:main	136	static,ignoring_inline_asm
../Core/Src/main.c:1523:6:Error_Handler	0	static,ignoring_inline_asm
