../Core/Src/main.c:285:6:clearScreenWrapper	0	static
../Core/Src/main.c:290:6:drawItemWrapper	0	static
../Core/Src/main.c:299:6:renderFnWrapper	0	static
../Core/Src/main.c:1216:6:My_TimerCalcFunc	0	static
../Core/Src/main.c:328:13:MyRxHandler	16	static
../Core/Src/main.c:305:6:OLED_DMA_Complete_I2CManager	8	static
../Core/Src/main.c:311:6:OLED_GrantAccess_I2CManager	8	static
../Core/Src/main.c:316:6:OLED_RequestBusUse_I2CManager	8	static
../Core/Src/main.c:321:6:OLED_ReleaseBusUse_I2CManager	8	static,ignoring_inline_asm
../Core/Src/main.c:280:26:HAL_UART1_RxDMA_Wrapper	8	static
../Core/Src/main.c:275:26:HAL_UART1_TxDMA_Wrapper	8	static
../Core/Src/main.c:927:13:MX_GPIO_Init	64	static
../Core/Src/main.c:897:13:MX_DMA_Init	16	static
../Core/Src/main.c:115:6:USART1_PrintString	8	static
../Core/Src/main.c:122:6:submenu1_Open	8	static
../Core/Src/main.c:126:6:submenu2_Open	8	static
../Core/Src/main.c:130:6:submenu3_Open	8	static
../Core/Src/main.c:134:6:setMode_IDLE	8	static
../Core/Src/main.c:138:6:setMode_FOLLOW	8	static
../Core/Src/main.c:142:6:setMode_TEST	8	static
../Core/Src/main.c:998:6:HAL_UART_TxCpltCallback	8	static
../Core/Src/main.c:1003:6:initUsartBufferHandler	0	static
../Core/Src/main.c:1011:6:initCarMode	16	static
../Core/Src/main.c:1031:6:UserBtn_MainTask	8	static
../Core/Src/main.c:1056:6:Encoder_MainTask	16	static,ignoring_inline_asm
../Core/Src/main.c:1134:6:initTCRTLib	24	static
../Core/Src/main.c:1170:6:TCRT_MainTask	24	static
../Core/Src/main.c:1261:6:Motor_MainTask	8	static
../Core/Src/main.c:1270:6:MPU_MainTask	0	static
../Core/Src/main.c:1276:6:i2cManager_MainTask	8	static
../Core/Src/main.c:1281:6:OLED_MainTask	8	static,ignoring_inline_asm
../Core/Src/main.c:1323:6:initMenuSystemTask	16	static
../Core/Src/main.c:1338:6:Error_Handler	0	static,ignoring_inline_asm
../Core/Src/main.c:770:13:MX_TIM3_Init	32	static
../Core/Src/main.c:520:13:MX_ADC1_Init	24	static
../Core/Src/main.c:864:13:MX_USART1_UART_Init	8	static
../Core/Src/main.c:627:13:MX_I2C1_Init	8	static
../Core/Src/main.c:699:13:MX_TIM2_Init	64	static
../Core/Src/main.c:661:13:MX_SPI2_Init	8	static
../Core/Src/main.c:815:13:MX_TIM4_Init	56	static
../Core/Src/main.c:472:6:SystemClock_Config	88	static
../Core/Src/main.c:1237:6:InitMotorTask	8	static
../Core/Src/main.c:353:5:main	16	static,ignoring_inline_asm
