../Core/Src/main.c:161:6:MPU_Data_Ready	0	static
../Core/Src/main.c:99:6:OledUtils_Clear_Wrapper	0	static
../Core/Src/main.c:103:6:OLED_Is_Ready	0	static,ignoring_inline_asm
../Core/Src/main.c:165:6:USART1_DMA_CheckRx	0	static
../Core/Src/main.c:300:6:SystemClock_Config	88	static,ignoring_inline_asm
../Core/Src/main.c:859:19:uart1_send_bytes	16	static
../Core/Src/main.c:877:6:initUart1DmaRx	0	static
../Core/Src/main.c:885:6:initCarMode	24	static
../Core/Src/main.c:904:6:UserBtn_MainTask	0	static
../Core/Src/main.c:919:6:Encoder_MainTask	16	static
../Core/Src/main.c:962:6:initTCRTLib	24	static
../Core/Src/main.c:998:6:TCRT_MainTask	8	static
../Core/Src/main.c:1032:6:My_TimerCalcFunc	8	static
../Core/Src/main.c:1054:6:InitMotorTask	8	static,ignoring_inline_asm
../Core/Src/main.c:1078:6:Motor_MainTask	16	static
../Core/Src/main.c:1132:6:MPU_MainTask	24	static,ignoring_inline_asm
../Core/Src/main.c:1190:6:i2cManager_MainTask	0	static
../Core/Src/main.c:1195:6:OLED_MainTask	8	static,ignoring_inline_asm
../Core/Src/main.c:1229:6:initMenuSystemTask	24	static
../Core/Src/main.c:182:5:main	120	static,ignoring_inline_asm
../Core/Src/main.c:1248:6:Error_Handler	0	static,ignoring_inline_asm
