../Core/Src/menusystem.c:22:6:MenuSys_IsItemVisible	0	static
../Core/Src/menusystem.c:183:15:MenuSys_FindFirstVisibleIndexFrom	16	static
../Core/Src/menusystem.c:205:15:MenuSys_FindNextVisibleIndex	16	static
../Core/Src/menusystem.c:194:15:MenuSys_FindLastVisibleIndexBefore	16	static
../Core/Src/menusystem.c:217:15:MenuSys_ComputeLastVisibleIndex	24	static
../Core/Src/menusystem.c:28:6:MenuSys_FlushScreenReport	8	static
../Core/Src/menusystem.c:41:6:MenuSys_FlushMenuSelectionReport	8	static
../Core/Src/menusystem.c:58:6:MenuSys_SetCurrentMenuSelection	4	static
../Core/Src/menusystem.c:115:6:MenuSys_ClearCurrentMenuSelection	0	static
../Core/Src/menusystem.c:82:6:MenuSys_SetCurrentScreenCode	16	static
../Core/Src/menusystem.c:104:6:MenuSys_SetCurrentMenuScreenCode	0	static
../Core/Src/menusystem.c:173:14:MenuSys_GetCurrentScreenCode	0	static
../Core/Src/menusystem.c:178:9:MenuSys_GetCurrentScreenSource	0	static
../Core/Src/menusystem.c:234:6:MenuSys_Init	8	static
../Core/Src/menusystem.c:260:6:MenuSys_SetCallbacks	0	static
../Core/Src/menusystem.c:281:6:MenuSys_MoveCursorUp	16	static
../Core/Src/menusystem.c:317:6:MenuSys_MoveCursorDown	16	static
../Core/Src/menusystem.c:360:6:MenuSys_OpenSubMenu	16	static
../Core/Src/menusystem.c:378:6:MenuSys_ResetMenu	8	static
../Core/Src/menusystem.c:394:6:MenuSys_NavigateBack	24	static
../Core/Src/menusystem.c:454:6:MenuSys_NavigateToMain	0	static
../Core/Src/menusystem.c:462:6:MenuSys_RenderMenu	24	static
../Core/Src/menusystem.c:508:6:MenuSys_HandleClick	24	static
