../Core/Src/menusystem.c:25:6:MenuSys_IsItemVisible	0	static
../Core/Src/menusystem.c:228:15:MenuSys_FindFirstVisibleIndexFrom	16	static
../Core/Src/menusystem.c:250:15:MenuSys_FindNextVisibleIndex	16	static
../Core/Src/menusystem.c:239:15:MenuSys_FindLastVisibleIndexBefore	16	static
../Core/Src/menusystem.c:262:15:MenuSys_ComputeLastVisibleIndex	24	static
../Core/Src/menusystem.c:31:6:MenuSys_FlushScreenReport	8	static
../Core/Src/menusystem.c:44:6:MenuSys_FlushMenuSelectionReport	8	static
../Core/Src/menusystem.c:61:6:MenuSys_SetCurrentMenuSelection	4	static
../Core/Src/menusystem.c:123:6:MenuSys_ClearCurrentMenuSelection	0	static
../Core/Src/menusystem.c:187:13:MenuSys_UpdateSelectionFromCurrentMenu	32	static
../Core/Src/menusystem.c:85:6:MenuSys_ReportCurrentMenuSelection	0	static
../Core/Src/menusystem.c:90:6:MenuSys_SetCurrentScreenCode	16	static
../Core/Src/menusystem.c:112:6:MenuSys_SetCurrentMenuScreenCode	0	static
../Core/Src/menusystem.c:218:14:MenuSys_GetCurrentScreenCode	0	static
../Core/Src/menusystem.c:223:9:MenuSys_GetCurrentScreenSource	0	static
../Core/Src/menusystem.c:279:6:MenuSys_Init	8	static
../Core/Src/menusystem.c:305:6:MenuSys_SetCallbacks	0	static
../Core/Src/menusystem.c:326:6:MenuSys_MoveCursorUp	16	static
../Core/Src/menusystem.c:355:6:MenuSys_MoveCursorDown	16	static
../Core/Src/menusystem.c:391:6:MenuSys_OpenSubMenu	16	static
../Core/Src/menusystem.c:409:6:MenuSys_ResetMenu	8	static
../Core/Src/menusystem.c:425:6:MenuSys_NavigateBack	24	static
../Core/Src/menusystem.c:485:6:MenuSys_NavigateToMain	0	static
../Core/Src/menusystem.c:493:6:MenuSys_RenderMenu	24	static
../Core/Src/menusystem.c:539:6:MenuSys_HandleClick	24	static
