../Core/Src/menusystem.c:17:6:MenuSys_IsItemVisible	0	static
../Core/Src/menusystem.c:23:15:MenuSys_FindFirstVisibleIndexFrom	16	static
../Core/Src/menusystem.c:45:15:MenuSys_FindNextVisibleIndex	24	static
../Core/Src/menusystem.c:34:15:MenuSys_FindLastVisibleIndexBefore	16	static
../Core/Src/menusystem.c:57:15:MenuSys_ComputeLastVisibleIndex	24	static
../Core/Src/menusystem.c:74:6:MenuSys_Init	8	static
../Core/Src/menusystem.c:88:6:MenuSys_SetCallbacks	0	static
../Core/Src/menusystem.c:109:6:MenuSys_MoveCursorUp	8	static
../Core/Src/menusystem.c:131:6:MenuSys_MoveCursorDown	8	static
../Core/Src/menusystem.c:158:6:MenuSys_OpenSubMenu	16	static
../Core/Src/menusystem.c:174:6:MenuSys_ResetMenu	8	static
../Core/Src/menusystem.c:209:6:MenuSys_NavigateToMain	0	static
../Core/Src/menusystem.c:216:6:MenuSys_RenderMenu	24	static
../Core/Src/menusystem.c:188:6:MenuSys_NavigateBack	16	static
../Core/Src/menusystem.c:260:6:MenuSys_HandleClick	24	static
