../Core/Src/menusystem.c:18:6:MenuSys_IsItemVisible	0	static
../Core/Src/menusystem.c:75:15:MenuSys_FindFirstVisibleIndexFrom	16	static
../Core/Src/menusystem.c:97:15:MenuSys_FindNextVisibleIndex	16	static
../Core/Src/menusystem.c:86:15:MenuSys_FindLastVisibleIndexBefore	16	static
../Core/Src/menusystem.c:109:15:MenuSys_ComputeLastVisibleIndex	24	static
../Core/Src/menusystem.c:24:6:MenuSys_FlushScreenReport	8	static
../Core/Src/menusystem.c:37:6:MenuSys_SetCurrentScreenCode	0	static
../Core/Src/menusystem.c:54:6:MenuSys_SetCurrentMenuScreenCode	0	static
../Core/Src/menusystem.c:65:14:MenuSys_GetCurrentScreenCode	0	static
../Core/Src/menusystem.c:70:9:MenuSys_GetCurrentScreenSource	0	static
../Core/Src/menusystem.c:126:6:MenuSys_Init	8	static
../Core/Src/menusystem.c:146:6:MenuSys_SetCallbacks	0	static
../Core/Src/menusystem.c:167:6:MenuSys_MoveCursorUp	8	static
../Core/Src/menusystem.c:189:6:MenuSys_MoveCursorDown	8	static
../Core/Src/menusystem.c:216:6:MenuSys_OpenSubMenu	16	static
../Core/Src/menusystem.c:233:6:MenuSys_ResetMenu	8	static
../Core/Src/menusystem.c:248:6:MenuSys_NavigateBack	24	static
../Core/Src/menusystem.c:308:6:MenuSys_NavigateToMain	0	static
../Core/Src/menusystem.c:316:6:MenuSys_RenderMenu	24	static
../Core/Src/menusystem.c:362:6:MenuSys_HandleClick	24	static
