../Core/Src/menusystem.c:24:13:changeMenu	0	static
../Core/Src/menusystem.c:38:13:updateRender	0	static
../Core/Src/menusystem.c:51:6:initMenuSystem	0	static
../Core/Src/menusystem.c:60:6:MenuSystem_SetCallbacks	0	static
../Core/Src/menusystem.c:75:6:moveCursorUp	0	static
../Core/Src/menusystem.c:89:6:moveCursorDown	0	static
../Core/Src/menusystem.c:103:6:selectCurrentItem	8	static
../Core/Src/menusystem.c:122:6:navigateBackInMenu	8	static
../Core/Src/menusystem.c:139:6:navigateToMainMenu	8	static
../Core/Src/menusystem.c:151:6:submenuFn	8	static
