../Core/Src/menusystem.c:24:13:changeMenu	0	static
../Core/Src/menusystem.c:43:13:updateRender	0	static
../Core/Src/menusystem.c:56:6:initMenuSystem	0	static
../Core/Src/menusystem.c:65:6:MenuSystem_SetCallbacks	0	static
../Core/Src/menusystem.c:80:6:moveCursorUp	0	static
../Core/Src/menusystem.c:100:6:moveCursorDown	0	static
../Core/Src/menusystem.c:121:6:selectCurrentItem	8	static
../Core/Src/menusystem.c:140:6:navigateBackInMenu	8	static
../Core/Src/menusystem.c:157:6:navigateToMainMenu	8	static
../Core/Src/menusystem.c:169:6:submenuFn	8	static
