../Core/Src/menusystem.c:21:6:initMenuSystem	0	static
../Core/Src/menusystem.c:29:6:MenuSystem_SetCallbacks	0	static
../Core/Src/menusystem.c:44:6:moveCursorUp	0	static
../Core/Src/menusystem.c:58:6:moveCursorDown	0	static
../Core/Src/menusystem.c:84:6:displayMenu	8	static
../Core/Src/menusystem.c:104:6:volver	0	static
../Core/Src/menusystem.c:120:6:navigateToMainMenu	8	static
../Core/Src/menusystem.c:134:6:navigateBackInMenu	8	static
../Core/Src/menusystem.c:153:6:submenuFn	0	static
../Core/Src/menusystem.c:68:6:selectCurrentItem	0	static
