../Core/Src/motor_control.c:16:19:Motor_Init	48	static
../Core/Src/motor_control.c:73:6:Motor_SetLeftForward	0	static
../Core/Src/motor_control.c:84:6:Motor_SetLeftBackward	8	static
../Core/Src/motor_control.c:95:6:Motor_SetRightForward	0	static
../Core/Src/motor_control.c:106:6:Motor_SetRightBackward	8	static
../Core/Src/motor_control.c:116:6:Motor_StopLeft	0	static
../Core/Src/motor_control.c:126:6:Motor_StopRight	0	static
../Core/Src/motor_control.c:136:6:Motor_StopBoth	8	static
../Core/Src/motor_control.c:148:6:Motor_SetBoth	8	static
