../Core/Src/motor_control.c:18:19:Motor_Init	48	static
../Core/Src/motor_control.c:75:6:Motor_SetLeftForward	0	static
../Core/Src/motor_control.c:86:6:Motor_SetLeftBackward	8	static
../Core/Src/motor_control.c:97:6:Motor_SetRightForward	0	static
../Core/Src/motor_control.c:108:6:Motor_SetRightBackward	8	static
../Core/Src/motor_control.c:118:6:Motor_StopLeft	0	static
../Core/Src/motor_control.c:128:6:Motor_StopRight	0	static
../Core/Src/motor_control.c:138:6:Motor_StopBoth	8	static
../Core/Src/motor_control.c:150:6:Motor_SetBoth	8	static
