../Core/Src/mpu6050.c:19:19:MPU6050_Init	0	static
../Core/Src/mpu6050.c:62:19:MPU6050_Configure	56	static
../Core/Src/mpu6050.c:92:6:MPU6050_CheckTrigger	8	static,ignoring_inline_asm
../Core/Src/mpu6050.c:104:26:MPU6050_GetData	0	static
../Core/Src/mpu6050.c:108:6:MPU6050_Convert	16	static
../Core/Src/mpu6050.c:122:6:MPU_DMA_CompleteCallback	8	static,ignoring_inline_asm
../Core/Src/mpu6050.c:130:6:MPU_DMARX_CompleteCallback	8	static,ignoring_inline_asm
../Core/Src/mpu6050.c:148:6:MPU_GrantAccessCallback	8	static,ignoring_inline_asm
../Core/Src/mpu6050.c:168:6:MPU_GrantAccessRXCallback	0	static,ignoring_inline_asm
../Core/Src/mpu6050.c:175:19:MPU6050_ReadWhoAmI	24	static
