../Core/Src/mpu6050.c:24:26:MPU6050_RequestRead	16	static
../Core/Src/mpu6050.c:305:13:MPU_I2C_Error	8	static
../Core/Src/mpu6050.c:287:13:MPU_I2C_RxComplete	8	static
../Core/Src/mpu6050.c:266:13:MPU_I2C_TxComplete	8	static
../Core/Src/mpu6050.c:244:13:MPU_I2C_RequestApproved	8	static
../Core/Src/mpu6050.c:51:19:MPU6050_Init	24	static
../Core/Src/mpu6050.c:82:19:MPU6050_BindI2CManager	32	static
../Core/Src/mpu6050.c:108:19:MPU6050_Configure	48	static
../Core/Src/mpu6050.c:146:19:MPU6050_RequestAllData	0	static
../Core/Src/mpu6050.c:138:6:MPU6050_CheckTrigger	0	static
../Core/Src/mpu6050.c:150:19:MPU6050_RequestAccel	0	static
../Core/Src/mpu6050.c:154:19:MPU6050_RequestGyro	0	static
../Core/Src/mpu6050.c:158:19:MPU6050_RequestTemp	0	static
../Core/Src/mpu6050.c:162:19:MPU6050_RequestOrientation	0	static
../Core/Src/mpu6050.c:166:26:MPU6050_GetData	0	static
../Core/Src/mpu6050.c:170:6:MPU6050_GetOrientation	0	static
../Core/Src/mpu6050.c:181:6:MPU6050_Convert	20	static
../Core/Src/mpu6050.c:321:19:MPU6050_ReadWhoAmI	24	static
../Core/Src/mpu6050.c:332:6:MPU6050_CalibrateGyro	0	static,ignoring_inline_asm
