../Core/Src/oled_utils.c:192:15:Oled_AppendChar	8	static
../Core/Src/oled_utils.c:215:15:Oled_AppendUnsigned	40	static
../Core/Src/oled_utils.c:93:13:Oled_ClearBox	24	static
../Core/Src/oled_utils.c:49:13:OledUtils_SetScreenCode	0	static
../Core/Src/oled_utils.c:362:13:Oled_DrawXBM	24	static,ignoring_inline_asm
../Core/Src/oled_utils.c:441:13:OledUtils_DrawSimpleNotificationStrike	24	static
../Core/Src/oled_utils.c:69:13:Oled_DrawStr	8	static,ignoring_inline_asm
../Core/Src/oled_utils.c:1350:13:Oled_DrawCenteredLine	32	static
../Core/Src/oled_utils.c:76:13:Oled_DrawStrMax	40	static
../Core/Src/oled_utils.c:201:15:Oled_AppendText.part.0	16	static
../Core/Src/oled_utils.c:509:13:OledUtils_RenderNotification_Wrapper	8	static
../Core/Src/oled_utils.c:232:13:Oled_CopyText	16	static
../Core/Src/oled_utils.c:565:13:OledUtils_ShowNotificationTicks10msInternal	16	static
../Core/Src/oled_utils.c:422:13:OledUtils_DrawSimpleNotificationIcon	40	static,ignoring_inline_asm
../Core/Src/oled_utils.c:451:13:OledUtils_RenderSimpleNotification	56	static
../Core/Src/oled_utils.c:244:13:Oled_FormatSigned.constprop	8	static
../Core/Src/oled_utils.c:311:13:Oled_FormatPercent3.constprop	16	static
../Core/Src/oled_utils.c:327:13:Oled_FormatIp.constprop	16	static
../Core/Src/oled_utils.c:381:6:OledUtils_EnableContinuousRender	0	static
../Core/Src/oled_utils.c:386:6:OledUtils_DisableContinuousRender	0	static
../Core/Src/oled_utils.c:521:6:OledUtils_NotificationRestore	16	static
../Core/Src/oled_utils.c:610:6:OledUtils_ShowNotificationMsEx	16	static
../Core/Src/oled_utils.c:619:6:OledUtils_ShowNotificationMs	0	static
../Core/Src/oled_utils.c:624:6:OledUtils_IsNotificationShowing	0	static
../Core/Src/oled_utils.c:630:6:OledUtils_ShowSimpleNotificationMs	16	static
../Core/Src/oled_utils.c:646:6:OledUtils_IsSimpleNotificationShowing	0	static
../Core/Src/oled_utils.c:689:6:OledUtils_ReplaceNotificationMs	16	static
../Core/Src/oled_utils.c:708:6:OledUtils_ReplaceSimpleNotificationMs	16	static
../Core/Src/oled_utils.c:727:6:OledUtils_DismissNotification	0	static
../Core/Src/oled_utils.c:737:6:OledUtils_NotificationTick10ms	0	static
../Core/Src/oled_utils.c:756:6:OledUtils_MotorTest_Complete	32	static
../Core/Src/oled_utils.c:818:6:OledUtils_MotorTest_Changes	32	static
../Core/Src/oled_utils.c:867:6:OledUtils_Clear	0	static,ignoring_inline_asm
../Core/Src/oled_utils.c:875:6:OledUtils_DrawItem	32	static
../Core/Src/oled_utils.c:903:6:OledUtils_RenderDashboard	56	static
../Core/Src/oled_utils.c:976:6:OledUtils_RenderProyectScreen	24	static
../Core/Src/oled_utils.c:1015:6:OledUtils_RenderProyectInfoScreen	40	static,ignoring_inline_asm
../Core/Src/oled_utils.c:1107:6:OledUtils_RenderModeChange_ModeOnly	16	static
../Core/Src/oled_utils.c:1059:6:OledUtils_RenderModeChange_Full	32	static
../Core/Src/oled_utils.c:1160:6:OledUtils_RenderIRGraphScene	8	static
../Core/Src/oled_utils.c:1201:6:OledUtils_UpdateIRBars	40	static
../Core/Src/oled_utils.c:1234:6:OledUtils_RenderMPUScene	16	static
../Core/Src/oled_utils.c:1274:6:OledUtils_UpdateMPUValues	32	static
../Core/Src/oled_utils.c:1360:6:OledUtils_RenderWiFiSearchScene	24	static
../Core/Src/oled_utils.c:1391:6:OledUtils_UpdateWiFiSearchTimer	24	static
../Core/Src/oled_utils.c:1408:6:OledUtils_ShowWifiResults	16	static
../Core/Src/oled_utils.c:1426:6:OledUtils_RenderWiFiNotConnected	16	static
../Core/Src/oled_utils.c:1445:6:OledUtils_RenderWiFiDetails	80	static
../Core/Src/oled_utils.c:1485:6:OledUtils_RenderWiFiCredentialsWebNotification	16	static
../Core/Src/oled_utils.c:1505:6:OledUtils_SetWiFiCredentialsWebResultStatus	0	static
../Core/Src/oled_utils.c:1510:6:OledUtils_RenderWiFiCredentialsSucceededNotification	16	static
../Core/Src/oled_utils.c:1525:6:OledUtils_RenderWiFiCredentialsFailedNotification	32	static
../Core/Src/oled_utils.c:1559:6:OledUtils_SetWiFiConnectedSsid	8	static
../Core/Src/oled_utils.c:1612:6:OledUtils_RenderESPWifiConnectingNotification	16	static
../Core/Src/oled_utils.c:1617:6:OledUtils_RenderWiFiStatus	48	static
../Core/Src/oled_utils.c:1687:6:OledUtils_RenderESPWifiConnectedNotification	40	static
../Core/Src/oled_utils.c:1694:6:OledUtils_RenderESPAPStartedNotification	48	static
../Core/Src/oled_utils.c:1714:6:OledUtils_RenderESPFirmwareRequestNotification	24	static
../Core/Src/oled_utils.c:1743:6:OledUtils_RenderESPFirmwareScreen	32	static,ignoring_inline_asm
../Core/Src/oled_utils.c:1767:6:OledUtils_RenderESPResetSentNotification	24	static
