../Core/Src/oled_utils.c:78:6:OledUtils_PrintMainBuffer_Wrapper	0	static
../Core/Src/oled_utils.c:48:13:Oled_ClearBox	24	static
../Core/Src/oled_utils.c:67:13:Oled_DrawXBM	24	static
../Core/Src/oled_utils.c:42:13:Oled_DrawStr	8	static
../Core/Src/oled_utils.c:532:6:OledUtils_RenderLockScreen	16	static
../Core/Src/oled_utils.c:82:6:OledUtils_PrintOverlayBuffer_Wrapper	0	static
../Core/Src/oled_utils.c:88:6:OledUtils_EnableContinuousRender	0	static
../Core/Src/oled_utils.c:93:6:OledUtils_DisableContinuousRender	0	static
../Core/Src/oled_utils.c:97:6:OledUtils_RenderLockState	0	static
../Core/Src/oled_utils.c:114:6:OledUtils_DrawIRBars	40	static,ignoring_inline_asm
../Core/Src/oled_utils.c:143:6:OledUtils_RenderRadarGraph	16	static
../Core/Src/oled_utils.c:152:6:OledUtils_RenderRadarGraph_Objs	0	static
../Core/Src/oled_utils.c:161:6:OledUtils_DrawIRGraph	40	static
../Core/Src/oled_utils.c:186:6:OledUtils_MotorTest_Complete	32	static
../Core/Src/oled_utils.c:248:6:OledUtils_MotorTest_Changes	32	static
../Core/Src/oled_utils.c:297:6:OledUtils_RenderVerticalMenu	40	static
../Core/Src/oled_utils.c:347:6:OledUtils_Clear	0	static
../Core/Src/oled_utils.c:354:6:OledUtils_DrawItem	32	static
../Core/Src/oled_utils.c:391:6:displayMenuCustom	0	static
../Core/Src/oled_utils.c:397:6:OledUtils_RenderDashboard	32	static
../Core/Src/oled_utils.c:446:6:OledUtils_RenderValoresMPUScreen	40	static
