../Core/Src/oled_utils.c:54:6:renderDashboard_Wrapper	8	static
../Core/Src/oled_utils.c:74:6:displayMenuCustom	40	static
../Core/Src/oled_utils.c:28:6:renderMenu_Wrapper	8	static
../Core/Src/oled_utils.c:36:6:renderBack_Wrapper	8	static
../Core/Src/oled_utils.c:151:6:displayMenu	8	static
../Core/Src/oled_utils.c:161:6:renderDashboard	8	static
../Core/Src/oled_utils.c:232:6:OLED_DrawIRBars	32	static
../Core/Src/oled_utils.c:192:6:OLED_DrawIRGraph	40	static
../Core/Src/oled_utils.c:46:6:renderValoresIR_Wrapper	8	static
../Core/Src/oled_utils.c:177:6:renderValoresIR	8	static
