../Core/Src/oled_ssd1306_dma.c:46:13:OLED_DequeuePage	0	static,ignoring_inline_asm
../Core/Src/oled_ssd1306_dma.c:161:13:_setPixel	8	static
../Core/Src/oled_ssd1306_dma.c:12:13:OLED_StartNextTransfer	24	static,ignoring_inline_asm
../Core/Src/oled_ssd1306_dma.c:53:6:OLED_Is_Ready	0	static
../Core/Src/oled_ssd1306_dma.c:60:6:OLED_DMA_CompleteCallback	8	static,ignoring_inline_asm
../Core/Src/oled_ssd1306_dma.c:83:6:OLED_GrantAccessCallback	24	static,ignoring_inline_asm
../Core/Src/oled_ssd1306_dma.c:104:19:OLED_Init	0	static
../Core/Src/oled_ssd1306_dma.c:136:6:OLED_ClearBuffer	8	static
../Core/Src/oled_ssd1306_dma.c:150:6:OLED_SetCursor	0	static
../Core/Src/oled_ssd1306_dma.c:156:6:OLED_SetFont	0	static
../Core/Src/oled_ssd1306_dma.c:173:6:OLED_DrawPixel	8	static
../Core/Src/oled_ssd1306_dma.c:180:6:OLED_DrawHLine	32	static
../Core/Src/oled_ssd1306_dma.c:189:6:OLED_DrawVLine	32	static
../Core/Src/oled_ssd1306_dma.c:198:6:OLED_DrawLineXY	56	static
../Core/Src/oled_ssd1306_dma.c:228:6:OLED_DrawBox	36	static
../Core/Src/oled_ssd1306_dma.c:252:6:OLED_DrawFrame	40	static
../Core/Src/oled_ssd1306_dma.c:263:6:OLED_DrawCircle	64	static
../Core/Src/oled_ssd1306_dma.c:300:6:OLED_DrawDisc	40	static
../Core/Src/oled_ssd1306_dma.c:311:6:OLED_DrawArc	48	static
../Core/Src/oled_ssd1306_dma.c:326:6:OLED_DrawEllipse	48	static
../Core/Src/oled_ssd1306_dma.c:339:6:OLED_DrawFilledEllipse	48	static
../Core/Src/oled_ssd1306_dma.c:350:6:OLED_DrawTriangle	48	static
../Core/Src/oled_ssd1306_dma.c:370:6:OLED_DrawXBM	48	static
../Core/Src/oled_ssd1306_dma.c:361:6:OLED_DrawBitmap	24	static
../Core/Src/oled_ssd1306_dma.c:386:6:OLED_DrawStr	56	static
../Core/Src/oled_ssd1306_dma.c:427:6:OLED_SetBitmapMode	0	static
../Core/Src/oled_ssd1306_dma.c:432:6:OLED_SetFontMode	0	static
../Core/Src/oled_ssd1306_dma.c:437:19:OLED_SendBuffer	16	static,ignoring_inline_asm
../Core/Src/oled_ssd1306_dma.c:479:6:OLED_ActivateOverlay	16	static
