../Core/Src/oled_ssd1306_dma.c:51:13:OLED_DequeuePage	0	static,ignoring_inline_asm
../Core/Src/oled_ssd1306_dma.c:175:13:_setPixel	8	static
../Core/Src/oled_ssd1306_dma.c:17:13:OLED_StartNextTransfer	24	static,ignoring_inline_asm
../Core/Src/oled_ssd1306_dma.c:58:6:OLED_Is_Ready	0	static
../Core/Src/oled_ssd1306_dma.c:65:6:OLED_DMA_CompleteCallback	8	static,ignoring_inline_asm
../Core/Src/oled_ssd1306_dma.c:89:6:OLED_GrantAccessCallback	24	static
../Core/Src/oled_ssd1306_dma.c:109:19:OLED_Init	8	static
../Core/Src/oled_ssd1306_dma.c:150:6:OLED_ClearBuffer	8	static
../Core/Src/oled_ssd1306_dma.c:164:6:OLED_SetCursor	0	static
../Core/Src/oled_ssd1306_dma.c:170:6:OLED_SetFont	0	static
../Core/Src/oled_ssd1306_dma.c:187:6:OLED_DrawPixel	8	static
../Core/Src/oled_ssd1306_dma.c:194:6:OLED_DrawHLine	32	static
../Core/Src/oled_ssd1306_dma.c:203:6:OLED_DrawVLine	32	static
../Core/Src/oled_ssd1306_dma.c:212:6:OLED_DrawLineXY	56	static
../Core/Src/oled_ssd1306_dma.c:242:6:OLED_DrawBox	36	static
../Core/Src/oled_ssd1306_dma.c:266:6:OLED_DrawFrame	40	static
../Core/Src/oled_ssd1306_dma.c:277:6:OLED_DrawCircle	64	static
../Core/Src/oled_ssd1306_dma.c:314:6:OLED_DrawDisc	40	static
../Core/Src/oled_ssd1306_dma.c:325:6:OLED_DrawArc	48	static
../Core/Src/oled_ssd1306_dma.c:340:6:OLED_DrawEllipse	48	static
../Core/Src/oled_ssd1306_dma.c:353:6:OLED_DrawFilledEllipse	48	static
../Core/Src/oled_ssd1306_dma.c:364:6:OLED_DrawTriangle	48	static
../Core/Src/oled_ssd1306_dma.c:384:6:OLED_DrawXBM	48	static
../Core/Src/oled_ssd1306_dma.c:375:6:OLED_DrawBitmap	24	static
../Core/Src/oled_ssd1306_dma.c:400:6:OLED_DrawStr	56	static
../Core/Src/oled_ssd1306_dma.c:441:6:OLED_SetBitmapMode	0	static
../Core/Src/oled_ssd1306_dma.c:446:6:OLED_SetFontMode	0	static
../Core/Src/oled_ssd1306_dma.c:451:19:OLED_SendBuffer	16	static,ignoring_inline_asm
../Core/Src/oled_ssd1306_dma.c:493:6:OLED_ActivateOverlay	16	static
