../Core/Src/oled_ssd1306_dma.c:376:13:_setPixel	20	static
../Core/Src/oled_ssd1306_dma.c:70:19:OLED_SendBuffer	20	static,ignoring_inline_asm
../Core/Src/oled_ssd1306_dma.c:35:6:OLED_HideOverlayNow	0	static
../Core/Src/oled_ssd1306_dma.c:55:19:OLED_SendOverlayBuffer	0	static
../Core/Src/oled_ssd1306_dma.c:164:6:OLED_Update	4	static,ignoring_inline_asm
../Core/Src/oled_ssd1306_dma.c:207:6:OLED_DMA_CompleteCallback	8	static,ignoring_inline_asm
../Core/Src/oled_ssd1306_dma.c:306:19:OLED_Init	8	static,ignoring_inline_asm
../Core/Src/oled_ssd1306_dma.c:343:6:initOLEDSequence	8	static,ignoring_inline_asm
../Core/Src/oled_ssd1306_dma.c:351:6:OLED_ClearBuffer	8	static
../Core/Src/oled_ssd1306_dma.c:365:6:OLED_SetCursor	0	static
../Core/Src/oled_ssd1306_dma.c:371:6:OLED_SetFont	0	static
../Core/Src/oled_ssd1306_dma.c:406:6:OLED_DrawPixel	0	static
../Core/Src/oled_ssd1306_dma.c:413:6:OLED_DrawHLine	24	static
../Core/Src/oled_ssd1306_dma.c:422:6:OLED_DrawVLine	24	static
../Core/Src/oled_ssd1306_dma.c:431:6:OLED_DrawLineXY	56	static
../Core/Src/oled_ssd1306_dma.c:462:6:OLED_DrawBox	56	static
../Core/Src/oled_ssd1306_dma.c:509:6:OLED_DrawFrame	40	static
../Core/Src/oled_ssd1306_dma.c:520:6:OLED_DrawCircle	64	static
../Core/Src/oled_ssd1306_dma.c:557:6:OLED_DrawDisc	48	static
../Core/Src/oled_ssd1306_dma.c:568:6:OLED_DrawArc	56	static
../Core/Src/oled_ssd1306_dma.c:583:6:OLED_DrawEllipse	48	static
../Core/Src/oled_ssd1306_dma.c:596:6:OLED_DrawFilledEllipse	56	static
../Core/Src/oled_ssd1306_dma.c:607:6:OLED_DrawTriangle	48	static
../Core/Src/oled_ssd1306_dma.c:627:6:OLED_DrawXBM	56	static
../Core/Src/oled_ssd1306_dma.c:618:6:OLED_DrawBitmap	8	static
../Core/Src/oled_ssd1306_dma.c:643:6:OLED_DrawStr	88	static
../Core/Src/oled_ssd1306_dma.c:708:6:OLED_SetBitmapMode	0	static
../Core/Src/oled_ssd1306_dma.c:713:6:OLED_SetFontMode	0	static
../Core/Src/oled_ssd1306_dma.c:718:6:OLED_SendCommand_SetColumn	24	static
../Core/Src/oled_ssd1306_dma.c:731:6:OLED_SendCommand_SetPage	24	static
../Core/Src/oled_ssd1306_dma.c:744:6:OLED_SendData	16	static
../Core/Src/oled_ssd1306_dma.c:258:6:OLED_GrantAccessCallback	24	static,ignoring_inline_asm
../Core/Src/oled_ssd1306_dma.c:755:6:OLED_ChangeOverlayTime	0	static
../Core/Src/oled_ssd1306_dma.c:765:6:OLED_ActivateOverlay	20	static
