../Core/Src/oled_utils.c:317:6:OledUtils_RenderValoresMPUScreen.part.0	8	static
../Core/Src/oled_utils.c:25:6:OledUtils_RenderLockState	24	static,ignoring_inline_asm
../Core/Src/oled_utils.c:44:6:OledUtils_DrawIRBars	56	static,ignoring_inline_asm
../Core/Src/oled_utils.c:83:6:OledUtils_DrawIRGraph.part.0	48	static
../Core/Src/oled_utils.c:83:6:OledUtils_DrawIRGraph	0	static
../Core/Src/oled_utils.c:120:6:OledUtils_RenderValoresIR_Wrapper	16	static,ignoring_inline_asm
../Core/Src/oled_utils.c:138:6:OledUtils_RenderValoresMPU_Wrapper	0	static
../Core/Src/oled_utils.c:148:6:OledUtils_RenderVerticalMenu	64	static
../Core/Src/oled_utils.c:209:6:OledUtils_Clear	0	static
../Core/Src/oled_utils.c:216:6:OledUtils_DrawItem	40	static
../Core/Src/oled_utils.c:235:6:displayMenuCustom	0	static
../Core/Src/oled_utils.c:241:6:OledUtils_RenderDashboard	40	static
../Core/Src/oled_utils.c:317:6:OledUtils_RenderValoresMPUScreen	0	static
