../Core/Src/oled_ssd1306_dma.c:91:6:OLED_Update	0	static
../Core/Src/oled_ssd1306_dma.c:11:6:OLED_RefreshBoxFromMain	24	static
../Core/Src/oled_ssd1306_dma.c:101:19:OLED_SendBuffer	32	static,ignoring_inline_asm
../Core/Src/oled_ssd1306_dma.c:275:6:OLED_GrantAccessCallback	24	static,ignoring_inline_asm
../Core/Src/oled_ssd1306_dma.c:308:6:OLED_DequeuePage	8	static,ignoring_inline_asm
../Core/Src/oled_ssd1306_dma.c:372:19:OLED_Init	8	static
../Core/Src/oled_ssd1306_dma.c:435:6:OLED_ClearBuffer	16	static
../Core/Src/oled_ssd1306_dma.c:165:6:OLED_DMA_CompleteCallback	32	static,ignoring_inline_asm
../Core/Src/oled_ssd1306_dma.c:493:6:OLED_SetCursor	0	static
../Core/Src/oled_ssd1306_dma.c:499:6:OLED_SetFont	0	static
../Core/Src/oled_ssd1306_dma.c:512:6:_setPixel	20	static
../Core/Src/oled_ssd1306_dma.c:582:6:OLED_DrawPixel	0	static
../Core/Src/oled_ssd1306_dma.c:591:6:OLED_DrawHLine	24	static
../Core/Src/oled_ssd1306_dma.c:602:6:OLED_DrawVLine	24	static
../Core/Src/oled_ssd1306_dma.c:614:6:OLED_DrawLineXY	56	static
../Core/Src/oled_ssd1306_dma.c:635:6:OLED_DrawBox	40	static
../Core/Src/oled_ssd1306_dma.c:648:6:OLED_DrawFrame	40	static
../Core/Src/oled_ssd1306_dma.c:661:6:OLED_DrawCircle	64	static
../Core/Src/oled_ssd1306_dma.c:689:6:OLED_DrawDisc	48	static
../Core/Src/oled_ssd1306_dma.c:703:6:OLED_DrawArc	48	static
../Core/Src/oled_ssd1306_dma.c:720:6:OLED_DrawEllipse	48	static
../Core/Src/oled_ssd1306_dma.c:735:6:OLED_DrawFilledEllipse	56	static
../Core/Src/oled_ssd1306_dma.c:749:6:OLED_DrawTriangle	48	static
../Core/Src/oled_ssd1306_dma.c:771:6:OLED_DrawXBM	48	static
../Core/Src/oled_ssd1306_dma.c:762:6:OLED_DrawBitmap	8	static
../Core/Src/oled_ssd1306_dma.c:804:6:OLED_DrawStr	64	static
../Core/Src/oled_ssd1306_dma.c:856:6:OLED_ClearBox	36	static
../Core/Src/oled_ssd1306_dma.c:68:6:OLED_HideOverlayNow	32	static
../Core/Src/oled_ssd1306_dma.c:931:6:OLED_SetBitmapMode	0	static
../Core/Src/oled_ssd1306_dma.c:936:6:OLED_SetFontMode	0	static
../Core/Src/oled_ssd1306_dma.c:941:6:OLED_ChangeOverlayTime	0	static
../Core/Src/oled_ssd1306_dma.c:956:6:OLED_ActivateOverlay	0	static
