../Core/Src/oled_utils.c:176:6:renderValoresMPUScreen.part.0	8	static
../Core/Src/oled_utils.c:247:6:OLED_DrawIRBars.part.0	40	static
../Core/Src/oled_utils.c:76:6:displayMenuCustom.part.0.isra	56	static
../Core/Src/oled_utils.c:35:6:renderMenu_Wrapper	0	static
../Core/Src/oled_utils.c:56:6:renderValoresMPU_Wrapper	0	static
../Core/Src/oled_utils.c:76:6:displayMenuCustom	0	static
../Core/Src/oled_utils.c:159:6:renderDashboard	8	static
../Core/Src/oled_utils.c:64:6:renderDashboard_Wrapper	0	static
../Core/Src/oled_utils.c:176:6:renderValoresMPUScreen	0	static
../Core/Src/oled_utils.c:247:6:OLED_DrawIRBars	0	static
../Core/Src/oled_utils.c:207:6:OLED_DrawIRGraph.part.0	48	static
../Core/Src/oled_utils.c:207:6:OLED_DrawIRGraph	0	static
../Core/Src/oled_utils.c:43:6:renderValoresIR_Wrapper	8	static
