../Core/Src/oled_utils.c:26:6:OledUtils_PrintMainBuffer_Wrapper	8	static
../Core/Src/oled_utils.c:575:6:OledUtils_RenderLockScreen	24	static
../Core/Src/oled_utils.c:31:6:OledUtils_PrintOverlayBuffer_Wrapper	8	static
../Core/Src/oled_utils.c:39:6:OledUtils_EnableContinuousRender	0	static
../Core/Src/oled_utils.c:46:6:OledUtils_DisableContinuousRender	0	static
../Core/Src/oled_utils.c:52:6:OledUtils_RenderLockState	8	static
../Core/Src/oled_utils.c:79:6:OledUtils_DrawIRBars	56	static,ignoring_inline_asm
../Core/Src/oled_utils.c:113:6:OledUtils_RenderRadarGraph	32	static
../Core/Src/oled_utils.c:120:6:OledUtils_RenderRadarGraph_Objs	0	static
../Core/Src/oled_utils.c:130:6:OledUtils_DrawIRGraph	48	static
../Core/Src/oled_utils.c:164:6:OledUtils_MotorTest_Complete	40	static
../Core/Src/oled_utils.c:228:6:OledUtils_MotorTest_Changes	48	static
../Core/Src/oled_utils.c:277:6:OledUtils_RenderVerticalMenu	64	static
../Core/Src/oled_utils.c:338:6:OledUtils_Clear	0	static
../Core/Src/oled_utils.c:345:6:OledUtils_DrawItem	40	static
../Core/Src/oled_utils.c:381:6:displayMenuCustom	0	static
../Core/Src/oled_utils.c:387:6:OledUtils_RenderDashboard	32	static
../Core/Src/oled_utils.c:475:6:OledUtils_RenderValoresMPUScreen	64	static
