../Core/Src/oled_ssd1306_dma.c:104:6:OLED_HideOverlayNow	0	static
../Core/Src/oled_ssd1306_dma.c:129:19:OLED_SendBuffer	40	static
../Core/Src/oled_ssd1306_dma.c:274:6:OLED_HasPendingPages	8	static
../Core/Src/oled_ssd1306_dma.c:118:6:OLED_Update	8	static
../Core/Src/oled_ssd1306_dma.c:15:6:OLED_PrintBuffer	16	static
../Core/Src/oled_ssd1306_dma.c:47:6:OLED_RefreshBoxFromMain	24	static
../Core/Src/oled_ssd1306_dma.c:284:6:OLED_GrantAccessCallback	24	static,ignoring_inline_asm
../Core/Src/oled_ssd1306_dma.c:316:6:OLED_DequeuePage	8	static,ignoring_inline_asm
../Core/Src/oled_ssd1306_dma.c:381:19:OLED_Init	8	static
../Core/Src/oled_ssd1306_dma.c:447:6:OLED_ClearBuffer	16	static
../Core/Src/oled_ssd1306_dma.c:169:6:OLED_DMA_CompleteCallback	32	static,ignoring_inline_asm
../Core/Src/oled_ssd1306_dma.c:505:6:OLED_SetCursor	0	static
../Core/Src/oled_ssd1306_dma.c:511:6:OLED_SetFont	0	static
../Core/Src/oled_ssd1306_dma.c:524:6:_setPixel	20	static
../Core/Src/oled_ssd1306_dma.c:594:6:OLED_DrawPixel	0	static
../Core/Src/oled_ssd1306_dma.c:603:6:OLED_DrawHLine	24	static
../Core/Src/oled_ssd1306_dma.c:614:6:OLED_DrawVLine	24	static
../Core/Src/oled_ssd1306_dma.c:626:6:OLED_DrawLineXY	56	static
../Core/Src/oled_ssd1306_dma.c:647:6:OLED_DrawBox	40	static
../Core/Src/oled_ssd1306_dma.c:660:6:OLED_DrawFrame	40	static
../Core/Src/oled_ssd1306_dma.c:673:6:OLED_DrawCircle	64	static
../Core/Src/oled_ssd1306_dma.c:701:6:OLED_DrawDisc	48	static
../Core/Src/oled_ssd1306_dma.c:715:6:OLED_DrawArc	48	static
../Core/Src/oled_ssd1306_dma.c:732:6:OLED_DrawEllipse	48	static
../Core/Src/oled_ssd1306_dma.c:747:6:OLED_DrawFilledEllipse	56	static
../Core/Src/oled_ssd1306_dma.c:761:6:OLED_DrawTriangle	48	static
../Core/Src/oled_ssd1306_dma.c:783:6:OLED_DrawXBM	48	static
../Core/Src/oled_ssd1306_dma.c:774:6:OLED_DrawBitmap	8	static
../Core/Src/oled_ssd1306_dma.c:816:6:OLED_DrawStr	64	static
../Core/Src/oled_ssd1306_dma.c:883:6:OLED_ClearBox	36	static
../Core/Src/oled_ssd1306_dma.c:958:6:OLED_SetBitmapMode	0	static
../Core/Src/oled_ssd1306_dma.c:963:6:OLED_SetFontMode	0	static
../Core/Src/oled_ssd1306_dma.c:968:6:OLED_ChangeOverlayTime	0	static
../Core/Src/oled_ssd1306_dma.c:983:6:OLED_ActivateOverlay	0	static
../Core/Src/oled_ssd1306_dma.c:1002:6:OLED_SetRenderCompleteCb	0	static
