../Core/Src/oled_ssd1306_dma.c:97:13:OLED_DequeuePage	0	static,ignoring_inline_asm
../Core/Src/oled_ssd1306_dma.c:459:13:_setPixel	12	static
../Core/Src/oled_ssd1306_dma.c:114:6:OLED_Is_Ready	0	static
../Core/Src/oled_ssd1306_dma.c:153:19:OLED_SendBuffer	20	static,ignoring_inline_asm
../Core/Src/oled_ssd1306_dma.c:118:6:OLED_HideOverlayNow	8	static
../Core/Src/oled_ssd1306_dma.c:138:19:OLED_SendOverlayBuffer	8	static
../Core/Src/oled_ssd1306_dma.c:247:6:OLED_Update	8	static,ignoring_inline_asm
../Core/Src/oled_ssd1306_dma.c:290:6:OLED_DMA_CompleteCallback	8	static,ignoring_inline_asm
../Core/Src/oled_ssd1306_dma.c:389:19:OLED_Init	0	static,ignoring_inline_asm
../Core/Src/oled_ssd1306_dma.c:426:6:initOLEDSequence	8	static,ignoring_inline_asm
../Core/Src/oled_ssd1306_dma.c:434:6:OLED_ClearBuffer	8	static
../Core/Src/oled_ssd1306_dma.c:448:6:OLED_SetCursor	0	static
../Core/Src/oled_ssd1306_dma.c:454:6:OLED_SetFont	0	static
../Core/Src/oled_ssd1306_dma.c:489:6:OLED_DrawPixel	8	static
../Core/Src/oled_ssd1306_dma.c:496:6:OLED_DrawHLine	32	static
../Core/Src/oled_ssd1306_dma.c:505:6:OLED_DrawVLine	32	static
../Core/Src/oled_ssd1306_dma.c:514:6:OLED_DrawLineXY	56	static
../Core/Src/oled_ssd1306_dma.c:545:6:OLED_DrawBox	48	static
../Core/Src/oled_ssd1306_dma.c:592:6:OLED_DrawFrame	40	static
../Core/Src/oled_ssd1306_dma.c:603:6:OLED_DrawCircle	64	static
../Core/Src/oled_ssd1306_dma.c:640:6:OLED_DrawDisc	40	static
../Core/Src/oled_ssd1306_dma.c:651:6:OLED_DrawArc	48	static
../Core/Src/oled_ssd1306_dma.c:666:6:OLED_DrawEllipse	48	static
../Core/Src/oled_ssd1306_dma.c:679:6:OLED_DrawFilledEllipse	48	static
../Core/Src/oled_ssd1306_dma.c:690:6:OLED_DrawTriangle	48	static
../Core/Src/oled_ssd1306_dma.c:710:6:OLED_DrawXBM	48	static
../Core/Src/oled_ssd1306_dma.c:701:6:OLED_DrawBitmap	24	static
../Core/Src/oled_ssd1306_dma.c:726:6:OLED_DrawStr	72	static
../Core/Src/oled_ssd1306_dma.c:791:6:OLED_SetBitmapMode	0	static
../Core/Src/oled_ssd1306_dma.c:796:6:OLED_SetFontMode	0	static
../Core/Src/oled_ssd1306_dma.c:801:6:OLED_SendCommand_SetColumn	24	static
../Core/Src/oled_ssd1306_dma.c:814:6:OLED_SendCommand_SetPage	24	static
../Core/Src/oled_ssd1306_dma.c:827:6:OLED_SendData	16	static
../Core/Src/oled_ssd1306_dma.c:341:6:OLED_GrantAccessCallback	24	static,ignoring_inline_asm
../Core/Src/oled_ssd1306_dma.c:838:6:OLED_ChangeOverlayTime	0	static
../Core/Src/oled_ssd1306_dma.c:848:6:OLED_ActivateOverlay	8	static
