../Core/Src/oled_ssd1306_dma.c:47:13:OLED_DequeuePage	0	static,ignoring_inline_asm
../Core/Src/oled_ssd1306_dma.c:171:13:_setPixel	8	static
../Core/Src/oled_ssd1306_dma.c:13:13:OLED_StartNextTransfer	24	static,ignoring_inline_asm
../Core/Src/oled_ssd1306_dma.c:54:6:OLED_Is_Ready	0	static
../Core/Src/oled_ssd1306_dma.c:61:6:OLED_DMA_CompleteCallback	8	static,ignoring_inline_asm
../Core/Src/oled_ssd1306_dma.c:85:6:OLED_GrantAccessCallback	24	static
../Core/Src/oled_ssd1306_dma.c:105:19:OLED_Init	8	static
../Core/Src/oled_ssd1306_dma.c:146:6:OLED_ClearBuffer	8	static
../Core/Src/oled_ssd1306_dma.c:160:6:OLED_SetCursor	0	static
../Core/Src/oled_ssd1306_dma.c:166:6:OLED_SetFont	0	static
../Core/Src/oled_ssd1306_dma.c:183:6:OLED_DrawPixel	8	static
../Core/Src/oled_ssd1306_dma.c:190:6:OLED_DrawHLine	32	static
../Core/Src/oled_ssd1306_dma.c:199:6:OLED_DrawVLine	32	static
../Core/Src/oled_ssd1306_dma.c:208:6:OLED_DrawLineXY	56	static
../Core/Src/oled_ssd1306_dma.c:238:6:OLED_DrawBox	36	static
../Core/Src/oled_ssd1306_dma.c:262:6:OLED_DrawFrame	40	static
../Core/Src/oled_ssd1306_dma.c:273:6:OLED_DrawCircle	64	static
../Core/Src/oled_ssd1306_dma.c:310:6:OLED_DrawDisc	40	static
../Core/Src/oled_ssd1306_dma.c:321:6:OLED_DrawArc	48	static
../Core/Src/oled_ssd1306_dma.c:336:6:OLED_DrawEllipse	48	static
../Core/Src/oled_ssd1306_dma.c:349:6:OLED_DrawFilledEllipse	48	static
../Core/Src/oled_ssd1306_dma.c:360:6:OLED_DrawTriangle	48	static
../Core/Src/oled_ssd1306_dma.c:380:6:OLED_DrawXBM	48	static
../Core/Src/oled_ssd1306_dma.c:371:6:OLED_DrawBitmap	24	static
../Core/Src/oled_ssd1306_dma.c:396:6:OLED_DrawStr	56	static
../Core/Src/oled_ssd1306_dma.c:437:6:OLED_SetBitmapMode	0	static
../Core/Src/oled_ssd1306_dma.c:442:6:OLED_SetFontMode	0	static
../Core/Src/oled_ssd1306_dma.c:447:19:OLED_SendBuffer	16	static,ignoring_inline_asm
../Core/Src/oled_ssd1306_dma.c:489:6:OLED_ActivateOverlay	16	static
