../Core/Src/oled_ssd1306_dma.c:54:13:OLED_DequeuePage	0	static,ignoring_inline_asm
../Core/Src/oled_ssd1306_dma.c:178:13:_setPixel	8	static
../Core/Src/oled_ssd1306_dma.c:19:13:OLED_StartNextTransfer	24	static,ignoring_inline_asm
../Core/Src/oled_ssd1306_dma.c:61:6:OLED_Is_Ready	0	static
../Core/Src/oled_ssd1306_dma.c:68:6:OLED_DMA_CompleteCallback	8	static,ignoring_inline_asm
../Core/Src/oled_ssd1306_dma.c:92:6:OLED_GrantAccessCallback	24	static
../Core/Src/oled_ssd1306_dma.c:113:19:OLED_Init	0	static
../Core/Src/oled_ssd1306_dma.c:143:6:initOLEDSequence	8	static
../Core/Src/oled_ssd1306_dma.c:153:6:OLED_ClearBuffer	8	static
../Core/Src/oled_ssd1306_dma.c:167:6:OLED_SetCursor	0	static
../Core/Src/oled_ssd1306_dma.c:173:6:OLED_SetFont	0	static
../Core/Src/oled_ssd1306_dma.c:193:6:OLED_DrawPixel	8	static
../Core/Src/oled_ssd1306_dma.c:200:6:OLED_DrawHLine	32	static
../Core/Src/oled_ssd1306_dma.c:209:6:OLED_DrawVLine	32	static
../Core/Src/oled_ssd1306_dma.c:218:6:OLED_DrawLineXY	56	static
../Core/Src/oled_ssd1306_dma.c:248:6:OLED_DrawBox	36	static
../Core/Src/oled_ssd1306_dma.c:272:6:OLED_DrawFrame	40	static
../Core/Src/oled_ssd1306_dma.c:283:6:OLED_DrawCircle	64	static
../Core/Src/oled_ssd1306_dma.c:320:6:OLED_DrawDisc	40	static
../Core/Src/oled_ssd1306_dma.c:331:6:OLED_DrawArc	48	static
../Core/Src/oled_ssd1306_dma.c:346:6:OLED_DrawEllipse	48	static
../Core/Src/oled_ssd1306_dma.c:359:6:OLED_DrawFilledEllipse	48	static
../Core/Src/oled_ssd1306_dma.c:370:6:OLED_DrawTriangle	48	static
../Core/Src/oled_ssd1306_dma.c:390:6:OLED_DrawXBM	48	static
../Core/Src/oled_ssd1306_dma.c:381:6:OLED_DrawBitmap	24	static
../Core/Src/oled_ssd1306_dma.c:406:6:OLED_DrawStr	56	static
../Core/Src/oled_ssd1306_dma.c:452:6:OLED_SetBitmapMode	0	static
../Core/Src/oled_ssd1306_dma.c:457:6:OLED_SetFontMode	0	static
../Core/Src/oled_ssd1306_dma.c:462:19:OLED_SendBuffer	16	static,ignoring_inline_asm
../Core/Src/oled_ssd1306_dma.c:508:6:OLED_ActivateOverlay	16	static
