../Core/Src/oled_utils.c:81:6:OledUtils_PrintMainBuffer_Wrapper	0	static
../Core/Src/oled_utils.c:49:13:Oled_ClearBox	24	static
../Core/Src/oled_utils.c:68:13:Oled_DrawXBM	24	static,ignoring_inline_asm
../Core/Src/oled_utils.c:42:13:Oled_DrawStr	8	static,ignoring_inline_asm
../Core/Src/oled_utils.c:85:6:OledUtils_PrintOverlayBuffer_Wrapper	0	static
../Core/Src/oled_utils.c:91:6:OledUtils_EnableContinuousRender	0	static
../Core/Src/oled_utils.c:96:6:OledUtils_DisableContinuousRender	0	static
../Core/Src/oled_utils.c:100:6:OledUtils_RenderLockState	0	static
../Core/Src/oled_utils.c:117:6:OledUtils_DrawIRBars	40	static,ignoring_inline_asm
../Core/Src/oled_utils.c:146:6:OledUtils_RenderRadarGraph	16	static
../Core/Src/oled_utils.c:155:6:OledUtils_RenderRadarGraph_Objs	0	static
../Core/Src/oled_utils.c:189:6:OledUtils_MotorTest_Complete	32	static
../Core/Src/oled_utils.c:251:6:OledUtils_MotorTest_Changes	32	static
../Core/Src/oled_utils.c:350:6:OledUtils_Clear	0	static,ignoring_inline_asm
../Core/Src/oled_utils.c:164:6:OledUtils_DrawIRGraph	40	static
../Core/Src/oled_utils.c:300:6:OledUtils_RenderVerticalMenu	40	static
../Core/Src/oled_utils.c:561:6:OledUtils_RenderLockScreen	16	static
../Core/Src/oled_utils.c:358:6:OledUtils_DrawItem	32	static
../Core/Src/oled_utils.c:395:6:displayMenuCustom	0	static
../Core/Src/oled_utils.c:401:6:OledUtils_RenderDashboard	32	static
../Core/Src/oled_utils.c:464:6:OledUtils_RenderTestScreen	8	static
../Core/Src/oled_utils.c:475:6:OledUtils_RenderValoresMPUScreen	40	static
