../Core/Src/oled_ssd1306_dma.c:97:13:OLED_DequeuePage	0	static,ignoring_inline_asm
../Core/Src/oled_ssd1306_dma.c:458:13:_setPixel	12	static
../Core/Src/oled_ssd1306_dma.c:114:6:OLED_Is_Ready	0	static
../Core/Src/oled_ssd1306_dma.c:153:19:OLED_SendBuffer	20	static,ignoring_inline_asm
../Core/Src/oled_ssd1306_dma.c:118:6:OLED_HideOverlayNow	8	static
../Core/Src/oled_ssd1306_dma.c:138:19:OLED_SendOverlayBuffer	8	static
../Core/Src/oled_ssd1306_dma.c:247:6:OLED_Update	8	static,ignoring_inline_asm
../Core/Src/oled_ssd1306_dma.c:290:6:OLED_DMA_CompleteCallback	8	static,ignoring_inline_asm
../Core/Src/oled_ssd1306_dma.c:389:19:OLED_Init	0	static,ignoring_inline_asm
../Core/Src/oled_ssd1306_dma.c:425:6:initOLEDSequence	8	static,ignoring_inline_asm
../Core/Src/oled_ssd1306_dma.c:433:6:OLED_ClearBuffer	8	static
../Core/Src/oled_ssd1306_dma.c:447:6:OLED_SetCursor	0	static
../Core/Src/oled_ssd1306_dma.c:453:6:OLED_SetFont	0	static
../Core/Src/oled_ssd1306_dma.c:488:6:OLED_DrawPixel	8	static
../Core/Src/oled_ssd1306_dma.c:495:6:OLED_DrawHLine	32	static
../Core/Src/oled_ssd1306_dma.c:504:6:OLED_DrawVLine	32	static
../Core/Src/oled_ssd1306_dma.c:513:6:OLED_DrawLineXY	56	static
../Core/Src/oled_ssd1306_dma.c:544:6:OLED_DrawBox	48	static
../Core/Src/oled_ssd1306_dma.c:591:6:OLED_DrawFrame	40	static
../Core/Src/oled_ssd1306_dma.c:602:6:OLED_DrawCircle	64	static
../Core/Src/oled_ssd1306_dma.c:639:6:OLED_DrawDisc	40	static
../Core/Src/oled_ssd1306_dma.c:650:6:OLED_DrawArc	48	static
../Core/Src/oled_ssd1306_dma.c:665:6:OLED_DrawEllipse	48	static
../Core/Src/oled_ssd1306_dma.c:678:6:OLED_DrawFilledEllipse	48	static
../Core/Src/oled_ssd1306_dma.c:689:6:OLED_DrawTriangle	48	static
../Core/Src/oled_ssd1306_dma.c:709:6:OLED_DrawXBM	48	static
../Core/Src/oled_ssd1306_dma.c:700:6:OLED_DrawBitmap	24	static
../Core/Src/oled_ssd1306_dma.c:725:6:OLED_DrawStr	72	static
../Core/Src/oled_ssd1306_dma.c:790:6:OLED_SetBitmapMode	0	static
../Core/Src/oled_ssd1306_dma.c:795:6:OLED_SetFontMode	0	static
../Core/Src/oled_ssd1306_dma.c:800:6:OLED_SendCommand_SetColumn	24	static
../Core/Src/oled_ssd1306_dma.c:813:6:OLED_SendCommand_SetPage	24	static
../Core/Src/oled_ssd1306_dma.c:826:6:OLED_SendData	16	static
../Core/Src/oled_ssd1306_dma.c:341:6:OLED_GrantAccessCallback	24	static,ignoring_inline_asm
../Core/Src/oled_ssd1306_dma.c:837:6:OLED_ChangeOverlayTime	0	static
../Core/Src/oled_ssd1306_dma.c:847:6:OLED_ActivateOverlay	8	static
