../Core/Src/oled_utils.c:81:6:displayMenuCustom.part.0.isra	56	static
../Core/Src/oled_utils.c:35:6:renderMenu_Wrapper	0	static
../Core/Src/oled_utils.c:81:6:displayMenuCustom	0	static
../Core/Src/oled_utils.c:164:6:renderDashboard	8	static
../Core/Src/oled_utils.c:69:6:renderDashboard_Wrapper	0	static
../Core/Src/oled_utils.c:176:6:renderValoresMPUScreen	8	static
../Core/Src/oled_utils.c:56:6:renderValoresMPU_Wrapper	8	static
../Core/Src/oled_utils.c:230:6:OLED_DrawIRBars	40	static
../Core/Src/oled_utils.c:192:6:OLED_DrawIRGraph	48	static
../Core/Src/oled_utils.c:43:6:renderValoresIR_Wrapper	8	static
