../Core/Src/oled_utils.c:80:6:OledUtils_PrintMainBuffer_Wrapper	0	static
../Core/Src/oled_utils.c:49:13:Oled_ClearBox	24	static
../Core/Src/oled_utils.c:68:13:Oled_DrawXBM	24	static,ignoring_inline_asm
../Core/Src/oled_utils.c:42:13:Oled_DrawStr	8	static,ignoring_inline_asm
../Core/Src/oled_utils.c:84:6:OledUtils_PrintOverlayBuffer_Wrapper	0	static
../Core/Src/oled_utils.c:90:6:OledUtils_EnableContinuousRender	0	static
../Core/Src/oled_utils.c:95:6:OledUtils_DisableContinuousRender	0	static
../Core/Src/oled_utils.c:99:6:OledUtils_RenderLockState	0	static
../Core/Src/oled_utils.c:116:6:OledUtils_DrawIRBars	40	static,ignoring_inline_asm
../Core/Src/oled_utils.c:145:6:OledUtils_RenderRadarGraph	16	static
../Core/Src/oled_utils.c:154:6:OledUtils_RenderRadarGraph_Objs	0	static
../Core/Src/oled_utils.c:188:6:OledUtils_MotorTest_Complete	32	static
../Core/Src/oled_utils.c:250:6:OledUtils_MotorTest_Changes	32	static
../Core/Src/oled_utils.c:349:6:OledUtils_Clear	0	static,ignoring_inline_asm
../Core/Src/oled_utils.c:163:6:OledUtils_DrawIRGraph	40	static
../Core/Src/oled_utils.c:299:6:OledUtils_RenderVerticalMenu	40	static
../Core/Src/oled_utils.c:542:6:OledUtils_RenderLockScreen	16	static
../Core/Src/oled_utils.c:357:6:OledUtils_DrawItem	32	static
../Core/Src/oled_utils.c:394:6:displayMenuCustom	0	static
../Core/Src/oled_utils.c:400:6:OledUtils_RenderDashboard	32	static
../Core/Src/oled_utils.c:445:6:OledUtils_RenderTestScreen	8	static
../Core/Src/oled_utils.c:456:6:OledUtils_RenderValoresMPUScreen	40	static
