../Core/Src/oled_utils.c:185:6:renderValoresMPUScreen.part.0	8	static
../Core/Src/oled_utils.c:77:6:displayMenuCustom.part.0.isra	56	static
../Core/Src/oled_utils.c:35:6:renderMenu_Wrapper	0	static
../Core/Src/oled_utils.c:57:6:renderValoresMPU_Wrapper	0	static
../Core/Src/oled_utils.c:77:6:displayMenuCustom	0	static
../Core/Src/oled_utils.c:160:6:renderDashboard	32	static
../Core/Src/oled_utils.c:65:6:renderDashboard_Wrapper	0	static
../Core/Src/oled_utils.c:185:6:renderValoresMPUScreen	0	static
../Core/Src/oled_utils.c:256:6:OLED_DrawIRBars	56	static,ignoring_inline_asm
../Core/Src/oled_utils.c:216:6:OLED_DrawIRGraph.part.0	48	static
../Core/Src/oled_utils.c:216:6:OLED_DrawIRGraph	0	static
../Core/Src/oled_utils.c:43:6:renderValoresIR_Wrapper	8	static,ignoring_inline_asm
