../Core/Src/oled_ssd1306_dma.c:12:13:OLED_StartNextTransfer	24	static,ignoring_inline_asm
../Core/Src/oled_ssd1306_dma.c:49:6:OLED_Is_Ready	0	static
../Core/Src/oled_ssd1306_dma.c:56:6:OLED_DMA_CompleteCallback	0	static,ignoring_inline_asm
../Core/Src/oled_ssd1306_dma.c:79:6:OLED_GrantAccessCallback	32	static,ignoring_inline_asm
../Core/Src/oled_ssd1306_dma.c:100:19:OLED_Init	8	static
../Core/Src/oled_ssd1306_dma.c:130:6:OLED_ClearBuffer	8	static
../Core/Src/oled_ssd1306_dma.c:144:6:OLED_SetCursor	0	static
../Core/Src/oled_ssd1306_dma.c:150:6:OLED_SetFont	0	static
../Core/Src/oled_ssd1306_dma.c:155:6:OLED_DrawStr	72	static
../Core/Src/oled_ssd1306_dma.c:209:19:OLED_SendBuffer	24	static,ignoring_inline_asm
../Core/Src/oled_ssd1306_dma.c:251:6:OLED_ActivateOverlay	24	static
