../Core/Src/oled_ssd1306_dma.c:18:13:OLED_DequeuePage	0	static,ignoring_inline_asm
../Core/Src/oled_ssd1306_dma.c:380:13:_setPixel	12	static
../Core/Src/oled_ssd1306_dma.c:35:6:OLED_Is_Ready	0	static
../Core/Src/oled_ssd1306_dma.c:74:19:OLED_SendBuffer	20	static,ignoring_inline_asm
../Core/Src/oled_ssd1306_dma.c:39:6:OLED_HideOverlayNow	8	static
../Core/Src/oled_ssd1306_dma.c:59:19:OLED_SendOverlayBuffer	8	static
../Core/Src/oled_ssd1306_dma.c:168:6:OLED_Update	8	static,ignoring_inline_asm
../Core/Src/oled_ssd1306_dma.c:211:6:OLED_DMA_CompleteCallback	8	static,ignoring_inline_asm
../Core/Src/oled_ssd1306_dma.c:310:19:OLED_Init	0	static,ignoring_inline_asm
../Core/Src/oled_ssd1306_dma.c:347:6:initOLEDSequence	8	static,ignoring_inline_asm
../Core/Src/oled_ssd1306_dma.c:355:6:OLED_ClearBuffer	8	static
../Core/Src/oled_ssd1306_dma.c:369:6:OLED_SetCursor	0	static
../Core/Src/oled_ssd1306_dma.c:375:6:OLED_SetFont	0	static
../Core/Src/oled_ssd1306_dma.c:410:6:OLED_DrawPixel	8	static
../Core/Src/oled_ssd1306_dma.c:417:6:OLED_DrawHLine	32	static
../Core/Src/oled_ssd1306_dma.c:426:6:OLED_DrawVLine	32	static
../Core/Src/oled_ssd1306_dma.c:435:6:OLED_DrawLineXY	56	static
../Core/Src/oled_ssd1306_dma.c:466:6:OLED_DrawBox	48	static
../Core/Src/oled_ssd1306_dma.c:513:6:OLED_DrawFrame	40	static
../Core/Src/oled_ssd1306_dma.c:524:6:OLED_DrawCircle	64	static
../Core/Src/oled_ssd1306_dma.c:561:6:OLED_DrawDisc	40	static
../Core/Src/oled_ssd1306_dma.c:572:6:OLED_DrawArc	48	static
../Core/Src/oled_ssd1306_dma.c:587:6:OLED_DrawEllipse	48	static
../Core/Src/oled_ssd1306_dma.c:600:6:OLED_DrawFilledEllipse	48	static
../Core/Src/oled_ssd1306_dma.c:611:6:OLED_DrawTriangle	48	static
../Core/Src/oled_ssd1306_dma.c:631:6:OLED_DrawXBM	48	static
../Core/Src/oled_ssd1306_dma.c:622:6:OLED_DrawBitmap	24	static
../Core/Src/oled_ssd1306_dma.c:647:6:OLED_DrawStr	72	static
../Core/Src/oled_ssd1306_dma.c:712:6:OLED_SetBitmapMode	0	static
../Core/Src/oled_ssd1306_dma.c:717:6:OLED_SetFontMode	0	static
../Core/Src/oled_ssd1306_dma.c:722:6:OLED_SendCommand_SetColumn	24	static
../Core/Src/oled_ssd1306_dma.c:735:6:OLED_SendCommand_SetPage	24	static
../Core/Src/oled_ssd1306_dma.c:748:6:OLED_SendData	16	static
../Core/Src/oled_ssd1306_dma.c:262:6:OLED_GrantAccessCallback	24	static,ignoring_inline_asm
../Core/Src/oled_ssd1306_dma.c:759:6:OLED_ChangeOverlayTime	0	static
../Core/Src/oled_ssd1306_dma.c:769:6:OLED_ActivateOverlay	8	static
