../Core/Src/oled_utils.c:73:13:Oled_ClearBox	24	static
../Core/Src/oled_utils.c:119:13:Oled_DrawXBM	24	static,ignoring_inline_asm
../Core/Src/oled_utils.c:49:13:Oled_DrawStr	8	static,ignoring_inline_asm
../Core/Src/oled_utils.c:56:13:Oled_DrawStrMax	40	static
../Core/Src/oled_utils.c:29:13:OledUtils_SetScreenCode	0	static
../Core/Src/oled_utils.c:191:6:OledUtils_RenderNotification_Wrapper	8	static
../Core/Src/oled_utils.c:89:13:Oled_FormatIp.constprop	24	static
../Core/Src/oled_utils.c:138:6:OledUtils_PrintMainBuffer_Wrapper	0	static
../Core/Src/oled_utils.c:142:6:OledUtils_PrintOverlayBuffer_Wrapper	0	static
../Core/Src/oled_utils.c:148:6:OledUtils_EnableContinuousRender	0	static
../Core/Src/oled_utils.c:153:6:OledUtils_DisableContinuousRender	0	static
../Core/Src/oled_utils.c:157:6:OledUtils_RenderLockState	0	static
../Core/Src/oled_utils.c:203:6:OledUtils_NotificationRestore	16	static
../Core/Src/oled_utils.c:244:6:OledUtils_ShowNotificationTicks10msEx	16	static
../Core/Src/oled_utils.c:286:6:OledUtils_ShowNotificationTicks10ms	0	static
../Core/Src/oled_utils.c:291:6:OledUtils_ShowNotificationMsEx	4	static
../Core/Src/oled_utils.c:300:6:OledUtils_ShowNotificationMs	0	static
../Core/Src/oled_utils.c:305:6:OledUtils_IsNotificationShowing	0	static
../Core/Src/oled_utils.c:311:6:OledUtils_ReplaceNotificationMs	16	static
../Core/Src/oled_utils.c:348:6:OledUtils_DismissNotification	0	static
../Core/Src/oled_utils.c:358:6:OledUtils_NotificationTick10ms	0	static
../Core/Src/oled_utils.c:382:6:OledUtils_DrawIRBars	40	static,ignoring_inline_asm
../Core/Src/oled_utils.c:411:6:OledUtils_RenderRadarGraph	16	static
../Core/Src/oled_utils.c:420:6:OledUtils_RenderRadarGraph_Objs	0	static
../Core/Src/oled_utils.c:454:6:OledUtils_MotorTest_Complete	32	static
../Core/Src/oled_utils.c:516:6:OledUtils_MotorTest_Changes	32	static
../Core/Src/oled_utils.c:616:6:OledUtils_Clear	0	static,ignoring_inline_asm
../Core/Src/oled_utils.c:429:6:OledUtils_DrawIRGraph	32	static
../Core/Src/oled_utils.c:565:6:OledUtils_RenderVerticalMenu	40	static
../Core/Src/oled_utils.c:1004:6:OledUtils_RenderLockScreen	24	static
../Core/Src/oled_utils.c:624:6:OledUtils_DrawItem	32	static
../Core/Src/oled_utils.c:658:6:displayMenuCustom	0	static
../Core/Src/oled_utils.c:664:6:OledUtils_RenderDashboard	56	static
../Core/Src/oled_utils.c:735:6:OledUtils_RenderTestScreen	0	static
../Core/Src/oled_utils.c:741:6:OledUtils_RenderStartupNotification	16	static,ignoring_inline_asm
../Core/Src/oled_utils.c:755:6:OledUtils_RenderProyectScreen	32	static
../Core/Src/oled_utils.c:794:6:OledUtils_RenderProyectInfoScreen	16	static
../Core/Src/oled_utils.c:865:6:OledUtils_RenderModeChange_ModeOnly	16	static
../Core/Src/oled_utils.c:817:6:OledUtils_RenderModeChange_Full	24	static
../Core/Src/oled_utils.c:917:6:OledUtils_RenderValoresMPUScreen	40	static
../Core/Src/oled_utils.c:1047:6:OledUtils_ESPConnSucceeded	16	static
../Core/Src/oled_utils.c:1072:6:OledUtils_ESPConnFailed	16	static
../Core/Src/oled_utils.c:1098:6:OledUtils_RenderIRGraphScene	8	static
../Core/Src/oled_utils.c:1139:6:OledUtils_UpdateIRBars	40	static
../Core/Src/oled_utils.c:1172:6:OledUtils_RenderMPUScene	8	static
../Core/Src/oled_utils.c:1212:6:OledUtils_UpdateMPUValues	32	static
../Core/Src/oled_utils.c:1267:6:OledUtils_RenderWarningTimeConfig	40	static
../Core/Src/oled_utils.c:1297:6:OledUtils_RenderWiFiSearchScene	24	static
../Core/Src/oled_utils.c:1329:6:OledUtils_UpdateWiFiSearchTimer	24	static
../Core/Src/oled_utils.c:1349:6:OledUtils_RenderWiFiNotConnected	16	static
../Core/Src/oled_utils.c:1368:6:OledUtils_SetWiFiConnectedSsid	8	static
../Core/Src/oled_utils.c:1383:6:OledUtils_RenderWiFiConnecting	24	static
../Core/Src/oled_utils.c:1399:6:OledUtils_RenderWiFiConnected	24	static
../Core/Src/oled_utils.c:1421:6:OledUtils_RenderESPWifiConnectingNotification	0	static
../Core/Src/oled_utils.c:1426:6:OledUtils_RenderWiFiSearchCompleteNotification	16	static
../Core/Src/oled_utils.c:1446:6:OledUtils_RenderWiFiSearchCanceledNotification	16	static
../Core/Src/oled_utils.c:1463:6:OledUtils_RenderControllerConnected	16	static
../Core/Src/oled_utils.c:1480:6:OledUtils_RenderControllerDisconnected	16	static
../Core/Src/oled_utils.c:1503:6:OledUtils_RenderCommandReceivedNotification	16	static
../Core/Src/oled_utils.c:1520:6:OledUtils_RenderWiFiStatus	40	static
../Core/Src/oled_utils.c:1594:6:OledUtils_RenderESPBootReceivedNotification	16	static,ignoring_inline_asm
../Core/Src/oled_utils.c:1611:6:OledUtils_RenderESPWifiConnectedNotification	32	static
../Core/Src/oled_utils.c:1620:6:OledUtils_RenderESPModeChangedNotification	16	static
../Core/Src/oled_utils.c:1637:6:OledUtils_RenderESPUsbConnectedNotification	16	static
../Core/Src/oled_utils.c:1654:6:OledUtils_RenderESPUsbDisconnectedNotification	16	static
../Core/Src/oled_utils.c:1671:6:OledUtils_RenderESPWebServerUpNotification	16	static
../Core/Src/oled_utils.c:1688:6:OledUtils_RenderESPWebClientConnectedNotification	16	static
../Core/Src/oled_utils.c:1705:6:OledUtils_RenderESPWebClientDisconnectedNotification	16	static
../Core/Src/oled_utils.c:1724:6:OledUtils_RenderESPAPStartedNotification	48	static
../Core/Src/oled_utils.c:1748:6:OledUtils_RenderPingReceivedNotification	16	static
../Core/Src/oled_utils.c:1765:6:OledUtils_RenderESPCheckingConnectionNotification	8	static
../Core/Src/oled_utils.c:1781:6:OledUtils_RenderESPFirmwareRequestNotification	24	static
../Core/Src/oled_utils.c:1811:6:OledUtils_RenderESPFirmwareScreen	24	static
../Core/Src/oled_utils.c:1833:6:OledUtils_RenderESPFirmwareReceivedNotification	16	static
../Core/Src/oled_utils.c:1851:6:OledUtils_RenderPermissionDeniedNotification	16	static
../Core/Src/oled_utils.c:1866:6:OledUtils_RenderESPResetSentNotification	24	static
../Core/Src/oled_utils.c:1897:6:OledUtils_RenderESPCheckConnectionRequiredNotification	8	static
../Core/Src/oled_utils.c:1913:6:OledUtils_ShowWifiResults	24	static
