../Core/Src/oled_utils.c:73:13:Oled_ClearBox	24	static
../Core/Src/oled_utils.c:119:13:Oled_DrawXBM	24	static,ignoring_inline_asm
../Core/Src/oled_utils.c:49:13:Oled_DrawStr	8	static,ignoring_inline_asm
../Core/Src/oled_utils.c:56:13:Oled_DrawStrMax	40	static
../Core/Src/oled_utils.c:29:13:OledUtils_SetScreenCode	0	static
../Core/Src/oled_utils.c:191:6:OledUtils_RenderNotification_Wrapper	8	static
../Core/Src/oled_utils.c:89:13:Oled_FormatIp.constprop	24	static
../Core/Src/oled_utils.c:138:6:OledUtils_PrintMainBuffer_Wrapper	0	static
../Core/Src/oled_utils.c:142:6:OledUtils_PrintOverlayBuffer_Wrapper	0	static
../Core/Src/oled_utils.c:148:6:OledUtils_EnableContinuousRender	0	static
../Core/Src/oled_utils.c:153:6:OledUtils_DisableContinuousRender	0	static
../Core/Src/oled_utils.c:157:6:OledUtils_RenderLockState	0	static
../Core/Src/oled_utils.c:203:6:OledUtils_NotificationRestore	16	static
../Core/Src/oled_utils.c:244:6:OledUtils_ShowNotificationTicks10msEx	16	static
../Core/Src/oled_utils.c:286:6:OledUtils_ShowNotificationTicks10ms	0	static
../Core/Src/oled_utils.c:291:6:OledUtils_ShowNotificationMsEx	4	static
../Core/Src/oled_utils.c:300:6:OledUtils_ShowNotificationMs	0	static
../Core/Src/oled_utils.c:305:6:OledUtils_IsNotificationShowing	0	static
../Core/Src/oled_utils.c:311:6:OledUtils_ReplaceNotificationMs	16	static
../Core/Src/oled_utils.c:348:6:OledUtils_DismissNotification	0	static
../Core/Src/oled_utils.c:358:6:OledUtils_NotificationTick10ms	0	static
../Core/Src/oled_utils.c:382:6:OledUtils_DrawIRBars	40	static,ignoring_inline_asm
../Core/Src/oled_utils.c:411:6:OledUtils_RenderRadarGraph	16	static
../Core/Src/oled_utils.c:420:6:OledUtils_RenderRadarGraph_Objs	0	static
../Core/Src/oled_utils.c:454:6:OledUtils_MotorTest_Complete	32	static
../Core/Src/oled_utils.c:516:6:OledUtils_MotorTest_Changes	32	static
../Core/Src/oled_utils.c:616:6:OledUtils_Clear	0	static,ignoring_inline_asm
../Core/Src/oled_utils.c:429:6:OledUtils_DrawIRGraph	32	static
../Core/Src/oled_utils.c:565:6:OledUtils_RenderVerticalMenu	40	static
../Core/Src/oled_utils.c:1003:6:OledUtils_RenderLockScreen	24	static
../Core/Src/oled_utils.c:624:6:OledUtils_DrawItem	32	static
../Core/Src/oled_utils.c:658:6:displayMenuCustom	0	static
../Core/Src/oled_utils.c:664:6:OledUtils_RenderDashboard	56	static
../Core/Src/oled_utils.c:734:6:OledUtils_RenderTestScreen	0	static
../Core/Src/oled_utils.c:740:6:OledUtils_RenderStartupNotification	16	static,ignoring_inline_asm
../Core/Src/oled_utils.c:754:6:OledUtils_RenderProyectScreen	32	static
../Core/Src/oled_utils.c:793:6:OledUtils_RenderProyectInfoScreen	16	static
../Core/Src/oled_utils.c:864:6:OledUtils_RenderModeChange_ModeOnly	16	static
../Core/Src/oled_utils.c:816:6:OledUtils_RenderModeChange_Full	24	static
../Core/Src/oled_utils.c:916:6:OledUtils_RenderValoresMPUScreen	40	static
../Core/Src/oled_utils.c:1046:6:OledUtils_ESPConnSucceeded	16	static
../Core/Src/oled_utils.c:1071:6:OledUtils_ESPConnFailed	16	static
../Core/Src/oled_utils.c:1097:6:OledUtils_RenderIRGraphScene	8	static
../Core/Src/oled_utils.c:1138:6:OledUtils_UpdateIRBars	40	static
../Core/Src/oled_utils.c:1171:6:OledUtils_RenderMPUScene	8	static
../Core/Src/oled_utils.c:1211:6:OledUtils_UpdateMPUValues	32	static
../Core/Src/oled_utils.c:1266:6:OledUtils_RenderWarningTimeConfig	40	static
../Core/Src/oled_utils.c:1296:6:OledUtils_RenderWiFiSearchScene	24	static
../Core/Src/oled_utils.c:1328:6:OledUtils_UpdateWiFiSearchTimer	24	static
../Core/Src/oled_utils.c:1348:6:OledUtils_RenderWiFiNotConnected	16	static
../Core/Src/oled_utils.c:1367:6:OledUtils_SetWiFiConnectedSsid	8	static
../Core/Src/oled_utils.c:1382:6:OledUtils_RenderWiFiConnecting	24	static
../Core/Src/oled_utils.c:1398:6:OledUtils_RenderWiFiConnected	24	static
../Core/Src/oled_utils.c:1420:6:OledUtils_RenderESPWifiConnectingNotification	0	static
../Core/Src/oled_utils.c:1425:6:OledUtils_RenderWiFiSearchCompleteNotification	16	static
../Core/Src/oled_utils.c:1445:6:OledUtils_RenderWiFiSearchCanceledNotification	16	static
../Core/Src/oled_utils.c:1462:6:OledUtils_RenderControllerConnected	16	static
../Core/Src/oled_utils.c:1479:6:OledUtils_RenderControllerDisconnected	16	static
../Core/Src/oled_utils.c:1502:6:OledUtils_RenderCommandReceivedNotification	16	static
../Core/Src/oled_utils.c:1519:6:OledUtils_RenderWiFiStatus	40	static
../Core/Src/oled_utils.c:1593:6:OledUtils_RenderESPBootReceivedNotification	16	static,ignoring_inline_asm
../Core/Src/oled_utils.c:1610:6:OledUtils_RenderESPWifiConnectedNotification	32	static
../Core/Src/oled_utils.c:1619:6:OledUtils_RenderESPModeChangedNotification	16	static
../Core/Src/oled_utils.c:1636:6:OledUtils_RenderESPUsbConnectedNotification	16	static
../Core/Src/oled_utils.c:1653:6:OledUtils_RenderESPUsbDisconnectedNotification	16	static
../Core/Src/oled_utils.c:1670:6:OledUtils_RenderESPWebServerUpNotification	16	static
../Core/Src/oled_utils.c:1687:6:OledUtils_RenderESPWebClientConnectedNotification	16	static
../Core/Src/oled_utils.c:1704:6:OledUtils_RenderESPWebClientDisconnectedNotification	16	static
../Core/Src/oled_utils.c:1723:6:OledUtils_RenderESPAPStartedNotification	48	static
../Core/Src/oled_utils.c:1747:6:OledUtils_RenderPingReceivedNotification	16	static
../Core/Src/oled_utils.c:1764:6:OledUtils_RenderESPCheckingConnectionNotification	8	static
../Core/Src/oled_utils.c:1780:6:OledUtils_RenderESPFirmwareRequestNotification	24	static
../Core/Src/oled_utils.c:1810:6:OledUtils_RenderESPFirmwareScreen	24	static,ignoring_inline_asm
../Core/Src/oled_utils.c:1834:6:OledUtils_RenderESPFirmwareReceivedNotification	16	static
../Core/Src/oled_utils.c:1852:6:OledUtils_RenderPermissionDeniedNotification	16	static
../Core/Src/oled_utils.c:1867:6:OledUtils_RenderESPResetSentNotification	24	static
../Core/Src/oled_utils.c:1898:6:OledUtils_RenderESPCheckConnectionRequiredNotification	8	static
../Core/Src/oled_utils.c:1914:6:OledUtils_ShowWifiResults	24	static
