../Core/Src/oled_ssd1306_dma.c:44:6:OLED_Update	4	static
../Core/Src/oled_ssd1306_dma.c:72:19:OLED_SendBuffer	32	static,ignoring_inline_asm
../Core/Src/oled_ssd1306_dma.c:214:6:OLED_GrantAccessCallback	24	static,ignoring_inline_asm
../Core/Src/oled_ssd1306_dma.c:253:6:OLED_DequeuePage	8	static,ignoring_inline_asm
../Core/Src/oled_ssd1306_dma.c:317:19:OLED_Init	8	static
../Core/Src/oled_ssd1306_dma.c:376:6:initOLEDSequence	0	static
../Core/Src/oled_ssd1306_dma.c:395:6:OLED_ClearBuffer	16	static
../Core/Src/oled_ssd1306_dma.c:19:6:OLED_HideOverlayNow	0	static
../Core/Src/oled_ssd1306_dma.c:125:6:OLED_DMA_CompleteCallback	32	static,ignoring_inline_asm
../Core/Src/oled_ssd1306_dma.c:442:6:OLED_SetCursor	0	static
../Core/Src/oled_ssd1306_dma.c:448:6:OLED_SetFont	0	static
../Core/Src/oled_ssd1306_dma.c:461:6:_setPixel	20	static
../Core/Src/oled_ssd1306_dma.c:531:6:OLED_DrawPixel	0	static
../Core/Src/oled_ssd1306_dma.c:540:6:OLED_DrawHLine	24	static
../Core/Src/oled_ssd1306_dma.c:551:6:OLED_DrawVLine	24	static
../Core/Src/oled_ssd1306_dma.c:563:6:OLED_DrawLineXY	56	static
../Core/Src/oled_ssd1306_dma.c:584:6:OLED_DrawBox	40	static
../Core/Src/oled_ssd1306_dma.c:597:6:OLED_DrawFrame	40	static
../Core/Src/oled_ssd1306_dma.c:610:6:OLED_DrawCircle	64	static
../Core/Src/oled_ssd1306_dma.c:638:6:OLED_DrawDisc	48	static
../Core/Src/oled_ssd1306_dma.c:652:6:OLED_DrawArc	48	static
../Core/Src/oled_ssd1306_dma.c:669:6:OLED_DrawEllipse	48	static
../Core/Src/oled_ssd1306_dma.c:684:6:OLED_DrawFilledEllipse	56	static
../Core/Src/oled_ssd1306_dma.c:698:6:OLED_DrawTriangle	48	static
../Core/Src/oled_ssd1306_dma.c:720:6:OLED_DrawXBM	56	static
../Core/Src/oled_ssd1306_dma.c:711:6:OLED_DrawBitmap	8	static
../Core/Src/oled_ssd1306_dma.c:739:6:OLED_DrawStr	64	static
../Core/Src/oled_ssd1306_dma.c:788:6:OLED_ClearBox	36	static
../Core/Src/oled_ssd1306_dma.c:832:6:OLED_SetBitmapMode	0	static
../Core/Src/oled_ssd1306_dma.c:837:6:OLED_SetFontMode	0	static
../Core/Src/oled_ssd1306_dma.c:842:6:OLED_ChangeOverlayTime	0	static
../Core/Src/oled_ssd1306_dma.c:857:6:OLED_ActivateOverlay	0	static
