../Core/Src/oled_utils.c:94:6:OledUtils_PrintMainBuffer_Wrapper	0	static
../Core/Src/oled_utils.c:49:13:Oled_ClearBox	24	static
../Core/Src/oled_utils.c:68:13:Oled_DrawXBM	24	static,ignoring_inline_asm
../Core/Src/oled_utils.c:42:13:Oled_DrawStr	8	static,ignoring_inline_asm
../Core/Src/oled_utils.c:148:6:OledUtils_RenderNotification_Wrapper	8	static
../Core/Src/oled_utils.c:98:6:OledUtils_PrintOverlayBuffer_Wrapper	0	static
../Core/Src/oled_utils.c:104:6:OledUtils_EnableContinuousRender	0	static
../Core/Src/oled_utils.c:109:6:OledUtils_DisableContinuousRender	0	static
../Core/Src/oled_utils.c:113:6:OledUtils_RenderLockState	0	static
../Core/Src/oled_utils.c:160:6:OledUtils_NotificationRestore	16	static
../Core/Src/oled_utils.c:201:6:OledUtils_ShowNotificationTicks10msEx	16	static
../Core/Src/oled_utils.c:243:6:OledUtils_ShowNotificationTicks10ms	0	static
../Core/Src/oled_utils.c:248:6:OledUtils_ShowNotificationMsEx	4	static
../Core/Src/oled_utils.c:257:6:OledUtils_ShowNotificationMs	0	static
../Core/Src/oled_utils.c:262:6:OledUtils_DismissNotification	0	static
../Core/Src/oled_utils.c:272:6:OledUtils_NotificationTick10ms	0	static
../Core/Src/oled_utils.c:296:6:OledUtils_DrawIRBars	40	static,ignoring_inline_asm
../Core/Src/oled_utils.c:325:6:OledUtils_RenderRadarGraph	16	static
../Core/Src/oled_utils.c:334:6:OledUtils_RenderRadarGraph_Objs	0	static
../Core/Src/oled_utils.c:368:6:OledUtils_MotorTest_Complete	32	static
../Core/Src/oled_utils.c:430:6:OledUtils_MotorTest_Changes	32	static
../Core/Src/oled_utils.c:529:6:OledUtils_Clear	0	static,ignoring_inline_asm
../Core/Src/oled_utils.c:343:6:OledUtils_DrawIRGraph	40	static
../Core/Src/oled_utils.c:479:6:OledUtils_RenderVerticalMenu	40	static
../Core/Src/oled_utils.c:907:6:OledUtils_RenderLockScreen	16	static
../Core/Src/oled_utils.c:537:6:OledUtils_DrawItem	32	static
../Core/Src/oled_utils.c:571:6:displayMenuCustom	0	static
../Core/Src/oled_utils.c:577:6:OledUtils_RenderDashboard	32	static
../Core/Src/oled_utils.c:644:6:OledUtils_RenderTestScreen	0	static
../Core/Src/oled_utils.c:649:6:OledUtils_RenderStartupNotification	16	static,ignoring_inline_asm
../Core/Src/oled_utils.c:663:6:OledUtils_RenderProyectScreen	32	static
../Core/Src/oled_utils.c:701:6:OledUtils_RenderProyectInfoScreen	16	static
../Core/Src/oled_utils.c:770:6:OledUtils_RenderModeChange_ModeOnly	16	static
../Core/Src/oled_utils.c:723:6:OledUtils_RenderModeChange_Full	24	static
../Core/Src/oled_utils.c:821:6:OledUtils_RenderValoresMPUScreen	40	static
../Core/Src/oled_utils.c:927:6:OledUtils_ESPConnSucceeded	16	static
../Core/Src/oled_utils.c:951:6:OledUtils_ESPConnFailed	16	static
../Core/Src/oled_utils.c:976:6:OledUtils_RenderIRGraphScene	8	static
../Core/Src/oled_utils.c:1016:6:OledUtils_UpdateIRBars	40	static
../Core/Src/oled_utils.c:1049:6:OledUtils_RenderMPUScene	8	static
../Core/Src/oled_utils.c:1088:6:OledUtils_UpdateMPUValues	32	static
../Core/Src/oled_utils.c:1143:6:OledUtils_RenderWarningTimeConfig	40	static
../Core/Src/oled_utils.c:1172:6:OledUtils_RenderWiFiSearchScene	24	static
../Core/Src/oled_utils.c:1203:6:OledUtils_UpdateWiFiSearchTimer	24	static
../Core/Src/oled_utils.c:1223:6:OledUtils_RenderWiFiStatus	16	static
../Core/Src/oled_utils.c:1243:6:OledUtils_RenderWiFiNotConnected	16	static
../Core/Src/oled_utils.c:1265:6:OledUtils_RenderWiFiSearchCompleteNotification	16	static
../Core/Src/oled_utils.c:1284:6:OledUtils_RenderWiFiSearchCanceledNotification	16	static
../Core/Src/oled_utils.c:1300:6:OledUtils_RenderControllerConnected	16	static
../Core/Src/oled_utils.c:1316:6:OledUtils_RenderControllerDisconnected	16	static
../Core/Src/oled_utils.c:1338:6:OledUtils_RenderCommandReceivedNotification	0	static
../Core/Src/oled_utils.c:1354:6:OledUtils_RenderPingReceivedNotification	16	static
../Core/Src/oled_utils.c:1370:6:OledUtils_RenderESPCheckingConnectionNotification	8	static
../Core/Src/oled_utils.c:1385:6:OledUtils_RenderESPFirmwareRequestNotification	24	static
../Core/Src/oled_utils.c:1414:6:OledUtils_RenderESPResetSentNotification	24	static
../Core/Src/oled_utils.c:1444:6:OledUtils_RenderESPCheckConnectionRequiredNotification	8	static
../Core/Src/oled_utils.c:1459:6:OledUtils_ShowWifiResults	24	static
