../Core/Src/oled_utils.c:81:6:OledUtils_PrintMainBuffer_Wrapper	0	static
../Core/Src/oled_utils.c:49:13:Oled_ClearBox	24	static
../Core/Src/oled_utils.c:68:13:Oled_DrawXBM	24	static,ignoring_inline_asm
../Core/Src/oled_utils.c:42:13:Oled_DrawStr	8	static,ignoring_inline_asm
../Core/Src/oled_utils.c:140:13:OledUtils_NotificationRestore	16	static
../Core/Src/oled_utils.c:128:13:OledUtils_RenderNotification_Wrapper	8	static
../Core/Src/oled_utils.c:85:6:OledUtils_PrintOverlayBuffer_Wrapper	0	static
../Core/Src/oled_utils.c:91:6:OledUtils_EnableContinuousRender	0	static
../Core/Src/oled_utils.c:96:6:OledUtils_DisableContinuousRender	0	static
../Core/Src/oled_utils.c:100:6:OledUtils_RenderLockState	0	static
../Core/Src/oled_utils.c:175:6:OledUtils_ShowNotificationTicks10ms	24	static
../Core/Src/oled_utils.c:210:6:OledUtils_ShowNotificationMs	0	static
../Core/Src/oled_utils.c:216:6:OledUtils_DismissNotification	0	static
../Core/Src/oled_utils.c:226:6:OledUtils_NotificationTick10ms	0	static
../Core/Src/oled_utils.c:250:6:OledUtils_DrawIRBars	40	static,ignoring_inline_asm
../Core/Src/oled_utils.c:279:6:OledUtils_RenderRadarGraph	16	static
../Core/Src/oled_utils.c:288:6:OledUtils_RenderRadarGraph_Objs	0	static
../Core/Src/oled_utils.c:322:6:OledUtils_MotorTest_Complete	32	static
../Core/Src/oled_utils.c:384:6:OledUtils_MotorTest_Changes	32	static
../Core/Src/oled_utils.c:483:6:OledUtils_Clear	0	static,ignoring_inline_asm
../Core/Src/oled_utils.c:297:6:OledUtils_DrawIRGraph	40	static
../Core/Src/oled_utils.c:433:6:OledUtils_RenderVerticalMenu	40	static
../Core/Src/oled_utils.c:852:6:OledUtils_RenderLockScreen	16	static
../Core/Src/oled_utils.c:491:6:OledUtils_DrawItem	32	static
../Core/Src/oled_utils.c:525:6:displayMenuCustom	0	static
../Core/Src/oled_utils.c:531:6:OledUtils_RenderDashboard	32	static
../Core/Src/oled_utils.c:600:6:OledUtils_RenderTestScreen	0	static
../Core/Src/oled_utils.c:608:6:OledUtils_RenderProyectScreen	32	static
../Core/Src/oled_utils.c:646:6:OledUtils_RenderProyectInfoScreen	16	static
../Core/Src/oled_utils.c:715:6:OledUtils_RenderModeChange_ModeOnly	16	static
../Core/Src/oled_utils.c:668:6:OledUtils_RenderModeChange_Full	24	static
../Core/Src/oled_utils.c:766:6:OledUtils_RenderValoresMPUScreen	40	static
../Core/Src/oled_utils.c:872:6:OledUtils_ESPConnSucceeded	16	static
../Core/Src/oled_utils.c:896:6:OledUtils_ESPConnFailed	16	static
../Core/Src/oled_utils.c:921:6:OledUtils_RenderIRGraphScene	8	static
../Core/Src/oled_utils.c:961:6:OledUtils_UpdateIRBars	40	static
../Core/Src/oled_utils.c:994:6:OledUtils_RenderMPUScene	8	static
../Core/Src/oled_utils.c:1033:6:OledUtils_UpdateMPUValues	32	static
../Core/Src/oled_utils.c:1088:6:OledUtils_RenderWarningTimeConfig	40	static
../Core/Src/oled_utils.c:1117:6:OledUtils_RenderWiFiSearchScene	24	static
../Core/Src/oled_utils.c:1148:6:OledUtils_UpdateWiFiSearchTimer	24	static
../Core/Src/oled_utils.c:1169:6:OledUtils_RenderWiFiSearchCompleteNotification	16	static
../Core/Src/oled_utils.c:1189:6:OledUtils_ShowWifiResults	24	static
