../Core/Src/oled_ssd1306_dma.c:384:13:_setPixel	20	static
../Core/Src/oled_ssd1306_dma.c:44:6:OLED_Update	0	static
../Core/Src/oled_ssd1306_dma.c:57:19:OLED_SendBuffer	40	static,ignoring_inline_asm
../Core/Src/oled_ssd1306_dma.c:184:6:OLED_GrantAccessCallback	32	static,ignoring_inline_asm
../Core/Src/oled_ssd1306_dma.c:214:6:OLED_DequeuePage	0	static
../Core/Src/oled_ssd1306_dma.c:239:19:OLED_Init	8	static
../Core/Src/oled_ssd1306_dma.c:298:6:initOLEDSequence	0	static
../Core/Src/oled_ssd1306_dma.c:317:6:OLED_ClearBuffer	16	static
../Core/Src/oled_ssd1306_dma.c:19:6:OLED_HideOverlayNow	0	static
../Core/Src/oled_ssd1306_dma.c:114:6:OLED_DMA_CompleteCallback	32	static,ignoring_inline_asm
../Core/Src/oled_ssd1306_dma.c:365:6:OLED_SetCursor	0	static
../Core/Src/oled_ssd1306_dma.c:371:6:OLED_SetFont	0	static
../Core/Src/oled_ssd1306_dma.c:480:6:OLED_DrawPixel	0	static
../Core/Src/oled_ssd1306_dma.c:489:6:OLED_DrawHLine	24	static
../Core/Src/oled_ssd1306_dma.c:500:6:OLED_DrawVLine	24	static
../Core/Src/oled_ssd1306_dma.c:512:6:OLED_DrawLineXY	56	static
../Core/Src/oled_ssd1306_dma.c:533:6:OLED_DrawBox	32	static
../Core/Src/oled_ssd1306_dma.c:546:6:OLED_DrawFrame	32	static
../Core/Src/oled_ssd1306_dma.c:559:6:OLED_DrawCircle	56	static
../Core/Src/oled_ssd1306_dma.c:587:6:OLED_DrawDisc	48	static
../Core/Src/oled_ssd1306_dma.c:601:6:OLED_DrawArc	48	static
../Core/Src/oled_ssd1306_dma.c:618:6:OLED_DrawEllipse	48	static
../Core/Src/oled_ssd1306_dma.c:633:6:OLED_DrawFilledEllipse	56	static
../Core/Src/oled_ssd1306_dma.c:647:6:OLED_DrawTriangle	40	static
../Core/Src/oled_ssd1306_dma.c:669:6:OLED_DrawXBM	48	static
../Core/Src/oled_ssd1306_dma.c:660:6:OLED_DrawBitmap	8	static
../Core/Src/oled_ssd1306_dma.c:688:6:OLED_DrawStr	56	static
../Core/Src/oled_ssd1306_dma.c:733:6:OLED_ClearBox	36	static
../Core/Src/oled_ssd1306_dma.c:811:6:OLED_SetBitmapMode	0	static
../Core/Src/oled_ssd1306_dma.c:816:6:OLED_SetFontMode	0	static
../Core/Src/oled_ssd1306_dma.c:821:6:OLED_ChangeOverlayTime	0	static
../Core/Src/oled_ssd1306_dma.c:836:6:OLED_ActivateOverlay	0	static
