../Core/Src/oled_ssd1306_dma.c:45:13:OLED_DequeuePage	0	static
../Core/Src/oled_ssd1306_dma.c:157:13:_setPixel	8	static
../Core/Src/oled_ssd1306_dma.c:14:13:OLED_StartNextTransfer	24	static,ignoring_inline_asm
../Core/Src/oled_ssd1306_dma.c:51:6:OLED_Is_Ready	0	static
../Core/Src/oled_ssd1306_dma.c:58:6:OLED_DMA_CompleteCallback	8	static,ignoring_inline_asm
../Core/Src/oled_ssd1306_dma.c:81:6:OLED_GrantAccessCallback	24	static,ignoring_inline_asm
../Core/Src/oled_ssd1306_dma.c:102:19:OLED_Init	0	static
../Core/Src/oled_ssd1306_dma.c:132:6:OLED_ClearBuffer	8	static
../Core/Src/oled_ssd1306_dma.c:146:6:OLED_SetCursor	0	static
../Core/Src/oled_ssd1306_dma.c:152:6:OLED_SetFont	0	static
../Core/Src/oled_ssd1306_dma.c:172:6:OLED_DrawPixel	8	static
../Core/Src/oled_ssd1306_dma.c:179:6:OLED_DrawHLine	32	static
../Core/Src/oled_ssd1306_dma.c:188:6:OLED_DrawVLine	32	static
../Core/Src/oled_ssd1306_dma.c:197:6:OLED_DrawLineXY	56	static
../Core/Src/oled_ssd1306_dma.c:227:6:OLED_DrawBox	36	static
../Core/Src/oled_ssd1306_dma.c:251:6:OLED_DrawFrame	40	static
../Core/Src/oled_ssd1306_dma.c:262:6:OLED_DrawCircle	64	static
../Core/Src/oled_ssd1306_dma.c:299:6:OLED_DrawDisc	40	static
../Core/Src/oled_ssd1306_dma.c:310:6:OLED_DrawArc	48	static
../Core/Src/oled_ssd1306_dma.c:325:6:OLED_DrawEllipse	48	static
../Core/Src/oled_ssd1306_dma.c:338:6:OLED_DrawFilledEllipse	48	static
../Core/Src/oled_ssd1306_dma.c:349:6:OLED_DrawTriangle	48	static
../Core/Src/oled_ssd1306_dma.c:369:6:OLED_DrawXBM	48	static
../Core/Src/oled_ssd1306_dma.c:360:6:OLED_DrawBitmap	24	static
../Core/Src/oled_ssd1306_dma.c:385:6:OLED_DrawStr	56	static
../Core/Src/oled_ssd1306_dma.c:431:6:OLED_SetBitmapMode	0	static
../Core/Src/oled_ssd1306_dma.c:436:6:OLED_SetFontMode	0	static
../Core/Src/oled_ssd1306_dma.c:441:19:OLED_SendBuffer	16	static,ignoring_inline_asm
../Core/Src/oled_ssd1306_dma.c:483:6:OLED_ActivateOverlay	16	static
