../Core/Src/permissions.c:126:13:Permission_EmitFor	16	static
../Core/Src/permissions.c:142:13:Permission_Emit	0	static
../Core/Src/permissions.c:153:13:Permission_RequestRender	0	static
../Core/Src/permissions.c:170:13:Permission_RestoreUiContext	8	static
../Core/Src/permissions.c:280:13:Permission_HasActiveRequest	0	static
../Core/Src/permissions.c:147:13:Permission_ClearPin	0	static
../Core/Src/permissions.c:225:13:Permission_MarkResult	8	static
../Core/Src/permissions.c:188:13:Permission_ClearPendingRequest	0	static
../Core/Src/permissions.c:217:13:Permission_CancelRequest	8	static
../Core/Src/permissions.c:254:13:Permission_Grant	24	static
../Core/Src/permissions.c:385:13:Permission_DrawText	32	static
../Core/Src/permissions.c:323:13:Permission_TrySendValidation	16	static
../Core/Src/permissions.c:551:6:Permission_HandleUserEvent	16	static
../Core/Src/permissions.c:299:13:Permission_ApplyDeniedState	8	static
../Core/Src/permissions.c:439:13:Permission_RenderPinForm	88	static
../Core/Src/permissions.c:613:6:Permission_RenderPinEntry	64	static
../Core/Src/permissions.c:451:6:Permission_Init	0	static
../Core/Src/permissions.c:461:6:Permission_Task	24	static
../Core/Src/permissions.c:478:6:Permission_IsAuthorized	0	static
../Core/Src/permissions.c:492:6:Permission_IsAuthorizedNow	8	static
../Core/Src/permissions.c:497:6:Permission_Request	24	static
../Core/Src/permissions.c:534:6:Permission_Revoke	0	static
../Core/Src/permissions.c:544:6:Permission_RevokeAll	8	static
../Core/Src/permissions.c:665:6:Permission_OnValidationResult	12	static
../Core/Src/permissions.c:687:6:Permission_GrantCurrentRequest	8	static
../Core/Src/permissions.c:697:6:Permission_ApplyRemoteResult	16	static
../Core/Src/permissions.c:722:6:Permission_SetEventCallback	0	static
../Core/Src/permissions.c:727:13:Permission_GetState	0	static
../Core/Src/permissions.c:732:16:Permission_GetRequestedPermission	0	static
