../Core/Src/permissions.c:99:13:Permission_EmitFor	16	static
../Core/Src/permissions.c:115:13:Permission_Emit	0	static
../Core/Src/permissions.c:126:13:Permission_RequestRender	0	static
../Core/Src/permissions.c:143:13:Permission_RestoreUiContext	8	static
../Core/Src/permissions.c:120:13:Permission_ClearPin	0	static
../Core/Src/permissions.c:161:13:Permission_ClearPendingRequest	0	static
../Core/Src/permissions.c:190:13:Permission_CancelRequest	8	static
../Core/Src/permissions.c:309:13:Permission_DrawText	32	static
../Core/Src/permissions.c:253:13:Permission_TrySendValidation	16	static
../Core/Src/permissions.c:282:13:Permission_SubmitPin	16	static
../Core/Src/permissions.c:466:6:Permission_HandleUserEvent	8	static
../Core/Src/permissions.c:354:13:Permission_RenderPinForm	80	static
../Core/Src/permissions.c:525:6:Permission_RenderPinEntry	48	static
../Core/Src/permissions.c:366:6:Permission_Init	0	static
../Core/Src/permissions.c:376:6:Permission_Task	24	static
../Core/Src/permissions.c:393:6:Permission_IsAuthorized	0	static
../Core/Src/permissions.c:407:6:Permission_IsAuthorizedNow	8	static
../Core/Src/permissions.c:412:6:Permission_Request	24	static
../Core/Src/permissions.c:449:6:Permission_Revoke	0	static
../Core/Src/permissions.c:459:6:Permission_RevokeAll	8	static
../Core/Src/permissions.c:573:6:Permission_OnValidationResult	24	static
../Core/Src/permissions.c:615:6:Permission_SetEventCallback	0	static
../Core/Src/permissions.c:620:13:Permission_GetState	0	static
../Core/Src/permissions.c:625:16:Permission_GetRequestedPermission	0	static
