../Core/Src/screenWrappers.c:14:6:OledUtils_DrawItem_Wrapper	0	static
../Core/Src/screenWrappers.c:25:6:OledUtils_RenderDashboard_Wrapper	8	static,ignoring_inline_asm
../Core/Src/screenWrappers.c:49:6:MenuSys_RenderMenu_Wrapper	24	static
../Core/Src/screenWrappers.c:88:6:MenuSys_GoBack_Wrapper	0	static
../Core/Src/screenWrappers.c:92:6:OledUtils_RenderMotorTest_Wrapper	16	static,ignoring_inline_asm
../Core/Src/screenWrappers.c:108:6:OledUtils_RenderRadar_Wrapper	16	static,ignoring_inline_asm
../Core/Src/screenWrappers.c:126:6:OledUtils_RenderValoresIR_Wrapper	16	static
../Core/Src/screenWrappers.c:147:6:OledUtils_RenderValoresMPU_Wrapper	8	static,ignoring_inline_asm
../Core/Src/screenWrappers.c:163:6:onRenderComplete	0	static,ignoring_inline_asm
