../Core/Src/screenWrappers.c:37:6:OledUtils_RenderDashboard_Wrapper	8	static,ignoring_inline_asm
../Core/Src/screenWrappers.c:14:16:MenuSys_VisibleOffset	24	static
../Core/Src/screenWrappers.c:90:6:MenuSys_RenderMenu_Wrapper	24	static,ignoring_inline_asm
../Core/Src/screenWrappers.c:278:13:OledUtils_ShowESPNotification	8	static
../Core/Src/screenWrappers.c:26:6:OledUtils_DrawItem_Wrapper	0	static
../Core/Src/screenWrappers.c:59:6:OledUtils_RenderStartupNotification_Wrapper	8	static
../Core/Src/screenWrappers.c:71:6:OledUtils_RenderTestScreen_Wrapper	8	static,ignoring_inline_asm
../Core/Src/screenWrappers.c:130:6:MenuSys_GoBack_Wrapper	0	static
../Core/Src/screenWrappers.c:134:6:OledUtils_RenderMotorTest_Wrapper	16	static,ignoring_inline_asm
../Core/Src/screenWrappers.c:150:6:OledUtils_RenderRadar_Wrapper	16	static
../Core/Src/screenWrappers.c:166:6:OledUtils_About_Wrapper	8	static,ignoring_inline_asm
../Core/Src/screenWrappers.c:191:6:OledUtils_RenderValoresIR_Wrapper	16	static
../Core/Src/screenWrappers.c:211:6:OledUtils_RenderValoresMPU_Wrapper	16	static
../Core/Src/screenWrappers.c:231:6:OledUtils_RenderWiFiSearching_Wrapper	16	static
../Core/Src/screenWrappers.c:250:6:OledUtils_RenderWiFiConnectionStatus_Wrapper	0	static
../Core/Src/screenWrappers.c:262:6:OledUtils_RenderWiFiSearchResults_Wrapper	16	static
../Core/Src/screenWrappers.c:291:6:OledUtils_RenderESPCheckConnection_Wrapper	0	static
../Core/Src/screenWrappers.c:296:6:OledUtils_RenderESPFirmwareRequest_Wrapper	0	static
../Core/Src/screenWrappers.c:308:6:OledUtils_RenderESPResetSent_Wrapper	0	static
../Core/Src/screenWrappers.c:320:6:onRenderComplete	0	static,ignoring_inline_asm
