../Core/Src/screenWrappers.c:74:16:MenuSys_VisibleOffset	24	static
../Core/Src/screenWrappers.c:86:6:OledUtils_DrawItem_Wrapper	0	static
../Core/Src/screenWrappers.c:97:6:OledUtils_RenderDashboard_Wrapper	8	static,ignoring_inline_asm
../Core/Src/screenWrappers.c:120:6:OledUtils_RenderTestScreen_Wrapper	8	static,ignoring_inline_asm
../Core/Src/screenWrappers.c:139:6:MenuSys_RenderMenu_Wrapper	32	static,ignoring_inline_asm
../Core/Src/screenWrappers.c:184:6:MenuSys_GoBack_Wrapper	0	static
../Core/Src/screenWrappers.c:188:6:OledUtils_RenderMotorTest_Wrapper	16	static,ignoring_inline_asm
../Core/Src/screenWrappers.c:204:6:OledUtils_RenderRadar_Wrapper	16	static
../Core/Src/screenWrappers.c:220:6:OledUtils_About_Wrapper	8	static,ignoring_inline_asm
../Core/Src/screenWrappers.c:245:6:OledUtils_RenderValoresIR_Wrapper	16	static
../Core/Src/screenWrappers.c:265:6:OledUtils_RenderValoresMPU_Wrapper	16	static
../Core/Src/screenWrappers.c:285:6:OledUtils_RenderWiFiSearching_Wrapper	24	static,ignoring_inline_asm
../Core/Src/screenWrappers.c:315:6:OledUtils_RenderWiFiConnectionStatus_Wrapper	8	static,ignoring_inline_asm
../Core/Src/screenWrappers.c:329:6:OledUtils_RenderWiFiSearchResults_Wrapper	24	static,ignoring_inline_asm
../Core/Src/screenWrappers.c:352:6:onRenderComplete	0	static,ignoring_inline_asm
