../Core/Src/screenWrappers.c:78:16:MenuSys_VisibleOffset	24	static
../Core/Src/screenWrappers.c:376:6:OledUtils_RenderWiFiSearchResults_Wrapper	24	static,ignoring_inline_asm
../Core/Src/screenWrappers.c:90:6:OledUtils_DrawItem_Wrapper	0	static
../Core/Src/screenWrappers.c:101:6:OledUtils_RenderDashboard_Wrapper	8	static,ignoring_inline_asm
../Core/Src/screenWrappers.c:127:6:OledUtils_RenderTestScreen_Wrapper	8	static,ignoring_inline_asm
../Core/Src/screenWrappers.c:149:6:MenuSys_RenderMenu_Wrapper	32	static,ignoring_inline_asm
../Core/Src/screenWrappers.c:194:6:MenuSys_GoBack_Wrapper	0	static
../Core/Src/screenWrappers.c:198:6:OledUtils_RenderMotorTest_Wrapper	16	static,ignoring_inline_asm
../Core/Src/screenWrappers.c:217:6:OledUtils_RenderRadar_Wrapper	16	static
../Core/Src/screenWrappers.c:236:6:OledUtils_About_Wrapper	8	static,ignoring_inline_asm
../Core/Src/screenWrappers.c:266:6:OledUtils_RenderValoresIR_Wrapper	16	static
../Core/Src/screenWrappers.c:289:6:OledUtils_RenderValoresMPU_Wrapper	16	static
../Core/Src/screenWrappers.c:312:6:OledUtils_RenderWiFiSearching_Wrapper	24	static,ignoring_inline_asm
../Core/Src/screenWrappers.c:352:6:OledUtils_RenderWiFiConnectionStatus_Wrapper	16	static,ignoring_inline_asm
../Core/Src/screenWrappers.c:363:6:OledUtils_RenderESPFirmwareScreen_Wrapper	8	static
../Core/Src/screenWrappers.c:402:6:onRenderComplete	0	static,ignoring_inline_asm
