../Core/Src/screenWrappers.c:16:16:MenuSys_VisibleOffset	24	static
../Core/Src/screenWrappers.c:28:6:OledUtils_DrawItem_Wrapper	0	static
../Core/Src/screenWrappers.c:39:6:OledUtils_RenderDashboard_Wrapper	8	static,ignoring_inline_asm
../Core/Src/screenWrappers.c:62:6:OledUtils_RenderTestScreen_Wrapper	8	static,ignoring_inline_asm
../Core/Src/screenWrappers.c:81:6:MenuSys_RenderMenu_Wrapper	32	static,ignoring_inline_asm
../Core/Src/screenWrappers.c:126:6:MenuSys_GoBack_Wrapper	0	static
../Core/Src/screenWrappers.c:130:6:OledUtils_RenderMotorTest_Wrapper	16	static,ignoring_inline_asm
../Core/Src/screenWrappers.c:146:6:OledUtils_RenderRadar_Wrapper	16	static
../Core/Src/screenWrappers.c:162:6:OledUtils_About_Wrapper	8	static,ignoring_inline_asm
../Core/Src/screenWrappers.c:187:6:OledUtils_RenderValoresIR_Wrapper	16	static
../Core/Src/screenWrappers.c:207:6:OledUtils_RenderValoresMPU_Wrapper	16	static
../Core/Src/screenWrappers.c:227:6:OledUtils_RenderWiFiSearching_Wrapper	16	static,ignoring_inline_asm
../Core/Src/screenWrappers.c:248:6:OledUtils_RenderWiFiConnectionStatus_Wrapper	8	static,ignoring_inline_asm
../Core/Src/screenWrappers.c:262:6:OledUtils_RenderWiFiSearchResults_Wrapper	16	static
../Core/Src/screenWrappers.c:278:6:onRenderComplete	0	static,ignoring_inline_asm
