../Core/Src/screenWrappers.c:38:6:OledUtils_RenderDashboard_Wrapper	8	static,ignoring_inline_asm
../Core/Src/screenWrappers.c:15:16:MenuSys_VisibleOffset	24	static
../Core/Src/screenWrappers.c:91:6:MenuSys_RenderMenu_Wrapper	32	static,ignoring_inline_asm
../Core/Src/screenWrappers.c:288:13:OledUtils_ShowESPNotification	8	static
../Core/Src/screenWrappers.c:27:6:OledUtils_DrawItem_Wrapper	0	static
../Core/Src/screenWrappers.c:60:6:OledUtils_RenderStartupNotification_Wrapper	8	static
../Core/Src/screenWrappers.c:72:6:OledUtils_RenderTestScreen_Wrapper	8	static,ignoring_inline_asm
../Core/Src/screenWrappers.c:136:6:MenuSys_GoBack_Wrapper	0	static
../Core/Src/screenWrappers.c:140:6:OledUtils_RenderMotorTest_Wrapper	16	static,ignoring_inline_asm
../Core/Src/screenWrappers.c:156:6:OledUtils_RenderRadar_Wrapper	16	static
../Core/Src/screenWrappers.c:172:6:OledUtils_About_Wrapper	8	static,ignoring_inline_asm
../Core/Src/screenWrappers.c:197:6:OledUtils_RenderValoresIR_Wrapper	16	static
../Core/Src/screenWrappers.c:217:6:OledUtils_RenderValoresMPU_Wrapper	16	static
../Core/Src/screenWrappers.c:237:6:OledUtils_RenderWiFiSearching_Wrapper	16	static,ignoring_inline_asm
../Core/Src/screenWrappers.c:258:6:OledUtils_RenderWiFiConnectionStatus_Wrapper	8	static,ignoring_inline_asm
../Core/Src/screenWrappers.c:272:6:OledUtils_RenderWiFiSearchResults_Wrapper	16	static
../Core/Src/screenWrappers.c:301:6:OledUtils_RenderESPCheckConnection_Wrapper	8	static,ignoring_inline_asm
../Core/Src/screenWrappers.c:308:6:OledUtils_RenderESPFirmwareRequest_Wrapper	8	static,ignoring_inline_asm
../Core/Src/screenWrappers.c:323:6:OledUtils_RenderESPResetSent_Wrapper	8	static,ignoring_inline_asm
../Core/Src/screenWrappers.c:338:6:onRenderComplete	0	static,ignoring_inline_asm
