../Core/Src/screenWrappers.c:49:6:OledUtils_RenderDashboard_Wrapper	8	static,ignoring_inline_asm
../Core/Src/screenWrappers.c:16:13:OledUtils_OnHide_SendFirmwareRequest	0	static
../Core/Src/screenWrappers.c:21:13:OledUtils_OnHide_SendESPReset	0	static
../Core/Src/screenWrappers.c:26:16:MenuSys_VisibleOffset	24	static
../Core/Src/screenWrappers.c:103:6:MenuSys_RenderMenu_Wrapper	32	static,ignoring_inline_asm
../Core/Src/screenWrappers.c:300:13:OledUtils_ShowESPNotification.constprop	16	static
../Core/Src/screenWrappers.c:38:6:OledUtils_DrawItem_Wrapper	0	static
../Core/Src/screenWrappers.c:72:6:OledUtils_RenderStartupNotification_Wrapper	8	static
../Core/Src/screenWrappers.c:84:6:OledUtils_RenderTestScreen_Wrapper	8	static,ignoring_inline_asm
../Core/Src/screenWrappers.c:148:6:MenuSys_GoBack_Wrapper	0	static
../Core/Src/screenWrappers.c:152:6:OledUtils_RenderMotorTest_Wrapper	16	static,ignoring_inline_asm
../Core/Src/screenWrappers.c:168:6:OledUtils_RenderRadar_Wrapper	16	static
../Core/Src/screenWrappers.c:184:6:OledUtils_About_Wrapper	8	static,ignoring_inline_asm
../Core/Src/screenWrappers.c:209:6:OledUtils_RenderValoresIR_Wrapper	16	static
../Core/Src/screenWrappers.c:229:6:OledUtils_RenderValoresMPU_Wrapper	16	static
../Core/Src/screenWrappers.c:249:6:OledUtils_RenderWiFiSearching_Wrapper	16	static,ignoring_inline_asm
../Core/Src/screenWrappers.c:270:6:OledUtils_RenderWiFiConnectionStatus_Wrapper	8	static,ignoring_inline_asm
../Core/Src/screenWrappers.c:284:6:OledUtils_RenderWiFiSearchResults_Wrapper	16	static
../Core/Src/screenWrappers.c:313:6:OledUtils_RenderESPCheckConnection_Wrapper	8	static,ignoring_inline_asm
../Core/Src/screenWrappers.c:320:6:OledUtils_RenderESPFirmwareRequest_Wrapper	0	static
../Core/Src/screenWrappers.c:334:6:OledUtils_RenderESPResetSent_Wrapper	0	static
../Core/Src/screenWrappers.c:348:6:onRenderComplete	0	static,ignoring_inline_asm
