../Core/Src/screenWrappers.c:105:16:MenuSys_VisibleOffset	24	static
../Core/Src/screenWrappers.c:353:6:OledUtils_RenderWiFiSearchResults_Wrapper	24	static
../Core/Src/screenWrappers.c:31:6:WiFiScan_ClearResults	16	static
../Core/Src/screenWrappers.c:117:6:OledUtils_DrawItem_Wrapper	0	static
../Core/Src/screenWrappers.c:128:6:OledUtils_RenderDashboard_Wrapper	8	static,ignoring_inline_asm
../Core/Src/screenWrappers.c:158:6:MenuSys_RenderMenu_Wrapper	32	static,ignoring_inline_asm
../Core/Src/screenWrappers.c:203:6:MenuSys_GoBack_Wrapper	0	static
../Core/Src/screenWrappers.c:207:6:OledUtils_RenderMotorTest_Wrapper	16	static,ignoring_inline_asm
../Core/Src/screenWrappers.c:226:6:OledUtils_About_Wrapper	8	static,ignoring_inline_asm
../Core/Src/screenWrappers.c:256:6:OledUtils_RenderValoresIR_Wrapper	16	static
../Core/Src/screenWrappers.c:279:6:OledUtils_RenderValoresMPU_Wrapper	16	static
../Core/Src/screenWrappers.c:302:6:OledUtils_RenderWiFiSearching_Wrapper	24	static,ignoring_inline_asm
../Core/Src/screenWrappers.c:329:6:OledUtils_RenderWiFiConnectionStatus_Wrapper	16	static,ignoring_inline_asm
../Core/Src/screenWrappers.c:340:6:OledUtils_RenderESPFirmwareScreen_Wrapper	8	static
../Core/Src/screenWrappers.c:370:6:OledUtils_RenderWiFiDetails_Wrapper	32	static
../Core/Src/screenWrappers.c:397:6:onRenderComplete	0	static,ignoring_inline_asm
