../Core/Src/screenWrappers.c:48:6:OledUtils_RenderDashboard_Wrapper	8	static,ignoring_inline_asm
../Core/Src/screenWrappers.c:15:13:OledUtils_OnHide_SendFirmwareRequest	0	static
../Core/Src/screenWrappers.c:20:13:OledUtils_OnHide_SendESPReset	0	static
../Core/Src/screenWrappers.c:25:16:MenuSys_VisibleOffset	24	static
../Core/Src/screenWrappers.c:102:6:MenuSys_RenderMenu_Wrapper	32	static,ignoring_inline_asm
../Core/Src/screenWrappers.c:299:13:OledUtils_ShowESPNotification.constprop	16	static
../Core/Src/screenWrappers.c:37:6:OledUtils_DrawItem_Wrapper	0	static
../Core/Src/screenWrappers.c:71:6:OledUtils_RenderStartupNotification_Wrapper	8	static
../Core/Src/screenWrappers.c:83:6:OledUtils_RenderTestScreen_Wrapper	8	static,ignoring_inline_asm
../Core/Src/screenWrappers.c:147:6:MenuSys_GoBack_Wrapper	0	static
../Core/Src/screenWrappers.c:151:6:OledUtils_RenderMotorTest_Wrapper	16	static,ignoring_inline_asm
../Core/Src/screenWrappers.c:167:6:OledUtils_RenderRadar_Wrapper	16	static
../Core/Src/screenWrappers.c:183:6:OledUtils_About_Wrapper	8	static,ignoring_inline_asm
../Core/Src/screenWrappers.c:208:6:OledUtils_RenderValoresIR_Wrapper	16	static
../Core/Src/screenWrappers.c:228:6:OledUtils_RenderValoresMPU_Wrapper	16	static
../Core/Src/screenWrappers.c:248:6:OledUtils_RenderWiFiSearching_Wrapper	16	static,ignoring_inline_asm
../Core/Src/screenWrappers.c:269:6:OledUtils_RenderWiFiConnectionStatus_Wrapper	8	static,ignoring_inline_asm
../Core/Src/screenWrappers.c:283:6:OledUtils_RenderWiFiSearchResults_Wrapper	16	static
../Core/Src/screenWrappers.c:314:6:OledUtils_RenderESPCheckConnection_Wrapper	8	static,ignoring_inline_asm
../Core/Src/screenWrappers.c:321:6:OledUtils_RenderESPFirmwareRequest_Wrapper	0	static
../Core/Src/screenWrappers.c:335:6:OledUtils_RenderESPResetSent_Wrapper	0	static
../Core/Src/screenWrappers.c:349:6:onRenderComplete	0	static,ignoring_inline_asm
