../Core/Src/ssd1306.c:116:16:OLED_QueueHasPending	0	static
../Core/Src/ssd1306.c:356:13:OLED_I2C_Error	0	static
../Core/Src/ssd1306.c:450:13:ssd1306_WriteCommand_Blocking	32	static
../Core/Src/ssd1306.c:238:13:OLED_I2C_RequestApproved	32	static,ignoring_inline_asm
../Core/Src/ssd1306.c:50:10:ssd1306_GetWidth	0	static
../Core/Src/ssd1306.c:51:10:ssd1306_GetHeight	0	static
../Core/Src/ssd1306.c:53:15:ssd1306_GetColor	0	static
../Core/Src/ssd1306.c:55:6:ssd1306_SetColor	0	static
../Core/Src/ssd1306.c:393:19:ssd1306_BindI2CManager	32	static,ignoring_inline_asm
../Core/Src/ssd1306.c:419:19:ssd1306_RequestPageUpdate	24	static,ignoring_inline_asm
../Core/Src/ssd1306.c:558:6:ssd1306_Fill	0	static
../Core/Src/ssd1306.c:567:6:ssd1306_DrawPixel	12	static
../Core/Src/ssd1306.c:593:6:ssd1306_DrawLine	48	static
../Core/Src/ssd1306.c:643:6:ssd1306_DrawHorizontalLine	8	static
../Core/Src/ssd1306.c:689:6:ssd1306_DrawVerticalLine	20	static
../Core/Src/ssd1306.c:771:6:ssd1306_DrawRect	24	static
../Core/Src/ssd1306.c:779:6:ssd1306_FillRect	24	static
../Core/Src/ssd1306.c:787:6:ssd1306_DrawTriangle	32	static
../Core/Src/ssd1306.c:794:6:ssd1306_DrawFillTriangle	56	static
../Core/Src/ssd1306.c:862:6:ssd1306_Polyline	16	static
../Core/Src/ssd1306.c:899:6:ssd1306_DrawArc	80	static
../Core/Src/ssd1306.c:937:6:ssd1306_DrawCircle	56	static
../Core/Src/ssd1306.c:965:6:ssd1306_FillCircle	56	static
../Core/Src/ssd1306.c:989:6:ssd1306_DrawCircleQuads	64	static
../Core/Src/ssd1306.c:1038:6:ssd1306_DrawProgressBar	48	static
../Core/Src/ssd1306.c:1059:6:ssd1306_DrawBitmap	40	static
../Core/Src/ssd1306.c:1078:6:ssd1306_WriteChar	64	static
../Core/Src/ssd1306.c:1110:6:ssd1306_WriteString	24	static
../Core/Src/ssd1306.c:1123:6:ssd1306_SetCursor	0	static
../Core/Src/ssd1306.c:1129:6:ssd1306_Clear	0	static
../Core/Src/ssd1306.c:1183:6:ssd1306_UpdateScreen	8	static,ignoring_inline_asm
../Core/Src/ssd1306.c:456:9:ssd1306_Init	16	static,ignoring_inline_asm
../Core/Src/ssd1306.c:1169:6:ssd1306_WriteCommand	0	static
../Core/Src/ssd1306.c:1210:6:ssd1306_UpdateScreenCompleted	8	static
../Core/Src/ssd1306.c:1222:13:ssd1306_UpdateCompletedCallback	0	static
../Core/Src/ssd1306.c:1223:13:ssd1306_PageSentCallback	0	static
../Core/Src/ssd1306.c:1224:13:ssd1306_QueueEmptyCallback	0	static
../Core/Src/ssd1306.c:260:13:OLED_I2C_TxComplete	48	static,ignoring_inline_asm
