../Core/Src/ssd1306.c:233:13:ssd1306_WriteCommand_Blocking	32	static
../Core/Src/ssd1306.c:97:13:OLED_I2C_RequestApproved	16	static
../Core/Src/ssd1306.c:50:10:ssd1306_GetWidth	0	static
../Core/Src/ssd1306.c:51:10:ssd1306_GetHeight	0	static
../Core/Src/ssd1306.c:53:15:ssd1306_GetColor	0	static
../Core/Src/ssd1306.c:55:6:ssd1306_SetColor	0	static
../Core/Src/ssd1306.c:202:19:ssd1306_BindI2CManager	32	static
../Core/Src/ssd1306.c:335:6:ssd1306_Fill	0	static
../Core/Src/ssd1306.c:344:6:ssd1306_DrawPixel	12	static
../Core/Src/ssd1306.c:370:6:ssd1306_DrawLine	48	static
../Core/Src/ssd1306.c:420:6:ssd1306_DrawHorizontalLine	8	static
../Core/Src/ssd1306.c:466:6:ssd1306_DrawVerticalLine	20	static
../Core/Src/ssd1306.c:548:6:ssd1306_DrawRect	24	static
../Core/Src/ssd1306.c:556:6:ssd1306_FillRect	24	static
../Core/Src/ssd1306.c:564:6:ssd1306_DrawTriangle	32	static
../Core/Src/ssd1306.c:571:6:ssd1306_DrawFillTriangle	56	static
../Core/Src/ssd1306.c:639:6:ssd1306_Polyline	16	static
../Core/Src/ssd1306.c:676:6:ssd1306_DrawArc	80	static
../Core/Src/ssd1306.c:714:6:ssd1306_DrawCircle	56	static
../Core/Src/ssd1306.c:742:6:ssd1306_FillCircle	56	static
../Core/Src/ssd1306.c:766:6:ssd1306_DrawCircleQuads	64	static
../Core/Src/ssd1306.c:815:6:ssd1306_DrawProgressBar	48	static
../Core/Src/ssd1306.c:836:6:ssd1306_DrawBitmap	48	static
../Core/Src/ssd1306.c:877:6:ssd1306_WriteChar	64	static
../Core/Src/ssd1306.c:909:6:ssd1306_WriteString	24	static
../Core/Src/ssd1306.c:922:6:ssd1306_SetCursor	0	static
../Core/Src/ssd1306.c:928:6:ssd1306_Clear	0	static
../Core/Src/ssd1306.c:982:6:ssd1306_UpdateScreen	0	static
../Core/Src/ssd1306.c:239:9:ssd1306_Init	16	static
../Core/Src/ssd1306.c:968:6:ssd1306_WriteCommand	0	static
../Core/Src/ssd1306.c:1010:6:ssd1306_UpdateScreenCompleted	0	static
../Core/Src/ssd1306.c:1022:13:ssd1306_UpdateCompletedCallback	0	static
../Core/Src/ssd1306.c:122:13:OLED_I2C_TxComplete	16	static
