../Core/Src/ssd1306.c:115:16:OLED_QueueHasPending	0	static
../Core/Src/ssd1306.c:341:13:OLED_I2C_Error	0	static
../Core/Src/ssd1306.c:435:13:ssd1306_WriteCommand_Blocking	32	static
../Core/Src/ssd1306.c:230:13:OLED_I2C_RequestApproved	32	static,ignoring_inline_asm
../Core/Src/ssd1306.c:50:10:ssd1306_GetWidth	0	static
../Core/Src/ssd1306.c:51:10:ssd1306_GetHeight	0	static
../Core/Src/ssd1306.c:53:15:ssd1306_GetColor	0	static
../Core/Src/ssd1306.c:55:6:ssd1306_SetColor	0	static
../Core/Src/ssd1306.c:378:19:ssd1306_BindI2CManager	32	static,ignoring_inline_asm
../Core/Src/ssd1306.c:404:19:ssd1306_RequestPageUpdate	24	static,ignoring_inline_asm
../Core/Src/ssd1306.c:543:6:ssd1306_Fill	0	static
../Core/Src/ssd1306.c:552:6:ssd1306_DrawPixel	12	static
../Core/Src/ssd1306.c:578:6:ssd1306_DrawLine	48	static
../Core/Src/ssd1306.c:628:6:ssd1306_DrawHorizontalLine	8	static
../Core/Src/ssd1306.c:674:6:ssd1306_DrawVerticalLine	20	static
../Core/Src/ssd1306.c:756:6:ssd1306_DrawRect	24	static
../Core/Src/ssd1306.c:764:6:ssd1306_FillRect	24	static
../Core/Src/ssd1306.c:772:6:ssd1306_DrawTriangle	32	static
../Core/Src/ssd1306.c:779:6:ssd1306_DrawFillTriangle	56	static
../Core/Src/ssd1306.c:847:6:ssd1306_Polyline	16	static
../Core/Src/ssd1306.c:884:6:ssd1306_DrawArc	80	static
../Core/Src/ssd1306.c:922:6:ssd1306_DrawCircle	56	static
../Core/Src/ssd1306.c:950:6:ssd1306_FillCircle	56	static
../Core/Src/ssd1306.c:974:6:ssd1306_DrawCircleQuads	64	static
../Core/Src/ssd1306.c:1023:6:ssd1306_DrawProgressBar	48	static
../Core/Src/ssd1306.c:1044:6:ssd1306_DrawBitmap	48	static
../Core/Src/ssd1306.c:1085:6:ssd1306_WriteChar	64	static
../Core/Src/ssd1306.c:1117:6:ssd1306_WriteString	24	static
../Core/Src/ssd1306.c:1130:6:ssd1306_SetCursor	0	static
../Core/Src/ssd1306.c:1136:6:ssd1306_Clear	0	static
../Core/Src/ssd1306.c:1190:6:ssd1306_UpdateScreen	8	static,ignoring_inline_asm
../Core/Src/ssd1306.c:441:9:ssd1306_Init	16	static,ignoring_inline_asm
../Core/Src/ssd1306.c:1176:6:ssd1306_WriteCommand	0	static
../Core/Src/ssd1306.c:1217:6:ssd1306_UpdateScreenCompleted	8	static
../Core/Src/ssd1306.c:1229:13:ssd1306_UpdateCompletedCallback	0	static
../Core/Src/ssd1306.c:1230:13:ssd1306_PageSentCallback	0	static
../Core/Src/ssd1306.c:1231:13:ssd1306_QueueEmptyCallback	0	static
../Core/Src/ssd1306.c:252:13:OLED_I2C_TxComplete	40	static,ignoring_inline_asm
