../Core/Src/stm32f1xx_hal_msp.c:74:6:HAL_MspInit	8	static
../Core/Src/stm32f1xx_hal_msp.c:101:6:HAL_ADC_MspInit	40	static
../Core/Src/stm32f1xx_hal_msp.c:162:6:HAL_ADC_MspDeInit	8	static
../Core/Src/stm32f1xx_hal_msp.c:203:6:HAL_I2C_MspInit	40	static
../Core/Src/stm32f1xx_hal_msp.c:279:6:HAL_I2C_MspDeInit	8	static
../Core/Src/stm32f1xx_hal_msp.c:317:6:HAL_SPI_MspInit	32	static
../Core/Src/stm32f1xx_hal_msp.c:358:6:HAL_SPI_MspDeInit	0	static
../Core/Src/stm32f1xx_hal_msp.c:388:6:HAL_TIM_Base_MspInit	16	static
../Core/Src/stm32f1xx_hal_msp.c:424:6:HAL_TIM_Encoder_MspInit	32	static
../Core/Src/stm32f1xx_hal_msp.c:453:6:HAL_TIM_MspPostInit	32	static
../Core/Src/stm32f1xx_hal_msp.c:494:6:HAL_TIM_Base_MspDeInit	0	static
../Core/Src/stm32f1xx_hal_msp.c:530:6:HAL_TIM_Encoder_MspDeInit	0	static
../Core/Src/stm32f1xx_hal_msp.c:559:6:HAL_UART_MspInit	48	static
../Core/Src/stm32f1xx_hal_msp.c:635:6:HAL_UART_MspDeInit	8	static
../Core/Src/stm32f1xx_hal_msp.c:670:6:HAL_PCD_MspInit	8	static
../Core/Src/stm32f1xx_hal_msp.c:693:6:HAL_PCD_MspDeInit	0	static
