../Core/Src/stm32f1xx_it.c:80:6:NMI_Handler	0	static
../Core/Src/stm32f1xx_it.c:95:6:HardFault_Handler	0	static
../Core/Src/stm32f1xx_it.c:110:6:MemManage_Handler	0	static
../Core/Src/stm32f1xx_it.c:125:6:BusFault_Handler	0	static
../Core/Src/stm32f1xx_it.c:140:6:UsageFault_Handler	0	static
../Core/Src/stm32f1xx_it.c:155:6:SVC_Handler	0	static
../Core/Src/stm32f1xx_it.c:168:6:DebugMon_Handler	0	static
../Core/Src/stm32f1xx_it.c:181:6:PendSV_Handler	0	static
../Core/Src/stm32f1xx_it.c:194:6:SysTick_Handler	0	static
../Core/Src/stm32f1xx_it.c:215:6:DMA1_Channel1_IRQHandler	0	static
../Core/Src/stm32f1xx_it.c:229:6:DMA1_Channel4_IRQHandler	0	static
../Core/Src/stm32f1xx_it.c:243:6:DMA1_Channel5_IRQHandler	8	static
../Core/Src/stm32f1xx_it.c:257:6:DMA1_Channel6_IRQHandler	0	static
../Core/Src/stm32f1xx_it.c:271:6:DMA1_Channel7_IRQHandler	0	static
../Core/Src/stm32f1xx_it.c:285:6:ADC1_2_IRQHandler	0	static
../Core/Src/stm32f1xx_it.c:299:6:TIM3_IRQHandler	0	static
../Core/Src/stm32f1xx_it.c:313:6:I2C1_EV_IRQHandler	0	static
../Core/Src/stm32f1xx_it.c:327:6:I2C1_ER_IRQHandler	0	static
../Core/Src/stm32f1xx_it.c:341:6:USART1_IRQHandler	0	static
