../Core/Src/uner_app.c:277:13:UNER_App_UpdateModeFlags	0	static
../Core/Src/uner_app.c:321:13:UNER_App_SetStaIp	8	static
../Core/Src/uner_app.c:334:13:UNER_App_SetApIp	8	static
../Core/Src/uner_app.c:397:16:UNER_App_IsStaActive	0	static
../Core/Src/uner_app.c:402:13:UNER_App_MarkStaActive	0	static
../Core/Src/uner_app.c:422:13:UNER_App_RequestNetworkUiRefresh	0	static
../Core/Src/uner_app.c:690:13:evt_sta_disconnected_handler	8	static
../Core/Src/uner_app.c:699:13:evt_ap_client_join_handler	0	static,ignoring_inline_asm
../Core/Src/uner_app.c:755:13:evt_usb_disconnected_handler	0	static
../Core/Src/uner_app.c:716:13:evt_webserver_client_disconn_handler	8	static
../Core/Src/uner_app.c:708:13:evt_webserver_client_conn_handler	8	static
../Core/Src/uner_app.c:701:13:evt_webserver_up_handler	8	static
../Core/Src/uner_app.c:746:13:evt_usb_connected_handler	8	static
../Core/Src/uner_app.c:737:13:evt_controller_disconnected_handler	8	static
../Core/Src/uner_app.c:728:13:evt_controller_connected_handler	8	static
../Core/Src/uner_app.c:637:13:evt_boot_handler	8	static
../Core/Src/uner_app.c:918:13:cmd_reset_mcu_handler	48	static,ignoring_inline_asm
../Core/Src/uner_app.c:872:13:cmd_ack_handler	0	static
../Core/Src/uner_app.c:409:13:UNER_App_ShowWifiConnectedNotification	8	static
../Core/Src/uner_app.c:780:13:evt_network_ip_handler	16	static
../Core/Src/uner_app.c:797:13:evt_boot_complete_handler	0	static
../Core/Src/uner_app.c:844:13:cmd_request_firmware_handler	16	static,ignoring_inline_asm
../Core/Src/uner_app.c:303:13:UNER_App_SetOledSsidFromBytes	48	static
../Core/Src/uner_app.c:764:13:evt_wifi_connected_handler	8	static
../Core/Src/uner_app.c:347:13:UNER_App_StoreWifiInfoSsid	0	static
../Core/Src/uner_app.c:673:13:evt_sta_connected_handler	16	static
../Core/Src/uner_app.c:647:13:evt_mode_changed_handler	16	static
../Core/Src/uner_app.c:202:13:UNER_App_ExecuteCommand	48	static,ignoring_inline_asm
../Core/Src/uner_app.c:727:13:evt_app_user_disconnected_handler	0	static,ignoring_inline_asm
../Core/Src/uner_app.c:700:13:evt_ap_client_leave_handler	0	static,ignoring_inline_asm
../Core/Src/uner_app.c:723:13:evt_lastwifi_notfound_handler	0	static,ignoring_inline_asm
../Core/Src/uner_app.c:724:13:evt_app_mpu_readings_handler	0	static,ignoring_inline_asm
../Core/Src/uner_app.c:725:13:evt_app_tcrt_readings_handler	0	static,ignoring_inline_asm
../Core/Src/uner_app.c:726:13:evt_app_user_connected_handler	0	static,ignoring_inline_asm
../Core/Src/uner_app.c:895:13:cmd_get_current_screen_handler	40	static
../Core/Src/uner_app.c:802:13:cmd_network_ip_handler	0	static
../Core/Src/uner_app.c:807:13:cmd_boot_complete_handler	0	static
../Core/Src/uner_app.c:825:13:UNER_App_ReportScreenChanged	32	static
../Core/Src/uner_app.c:965:13:UNER_App_SendCommand	40	static,ignoring_inline_asm
../Core/Src/uner_app.c:1010:9:UNER_App_IsWaitingValidation	0	static
../Core/Src/uner_app.c:1015:9:UNER_App_GetWaitingCommandId	0	static
../Core/Src/uner_app.c:1065:6:UNER_App_Poll	16	static
../Core/Src/uner_app.c:1085:6:UNER_App_OnUart1TxComplete	0	static,ignoring_inline_asm
../Core/Src/uner_app.c:1092:6:UNER_App_NotifyUart1Rx	0	static
../Core/Src/uner_app.c:1106:10:UNER_App_Uart1RxGetWritePos	0	static
../Core/Src/uner_app.c:1097:6:UNER_App_ResetUart1RxPos	8	static
../Core/Src/uner_app.c:1031:6:UNER_App_Init	56	static
