../Core/Src/uner_app.c:185:13:evt_boot_handler	0	static,ignoring_inline_asm
../Core/Src/uner_app.c:202:13:evt_sta_connected_handler	0	static
../Core/Src/uner_app.c:210:13:evt_sta_disconnected_handler	0	static
../Core/Src/uner_app.c:243:13:evt_usb_connected_handler	0	static
../Core/Src/uner_app.c:250:13:evt_usb_disconnected_handler	0	static
../Core/Src/uner_app.c:257:13:evt_wifi_connected_handler	0	static
../Core/Src/uner_app.c:235:13:evt_controller_disconnected_handler	0	static
../Core/Src/uner_app.c:227:13:evt_controller_connected_handler	0	static
../Core/Src/uner_app.c:147:13:UNER_App_ExecuteCommand	8	static,ignoring_inline_asm
../Core/Src/uner_app.c:186:13:evt_mode_changed_handler	0	static
../Core/Src/uner_app.c:225:13:evt_app_user_connected_handler	0	static,ignoring_inline_asm
../Core/Src/uner_app.c:226:13:evt_app_user_disconnected_handler	0	static,ignoring_inline_asm
../Core/Src/uner_app.c:217:13:evt_ap_client_join_handler	0	static,ignoring_inline_asm
../Core/Src/uner_app.c:218:13:evt_ap_client_leave_handler	0	static,ignoring_inline_asm
../Core/Src/uner_app.c:219:13:evt_webserver_up_handler	0	static,ignoring_inline_asm
../Core/Src/uner_app.c:220:13:evt_webserver_client_conn_handler	0	static,ignoring_inline_asm
../Core/Src/uner_app.c:221:13:evt_webserver_client_disconn_handler	0	static,ignoring_inline_asm
../Core/Src/uner_app.c:222:13:evt_lastwifi_notfound_handler	0	static,ignoring_inline_asm
../Core/Src/uner_app.c:223:13:evt_app_mpu_readings_handler	0	static,ignoring_inline_asm
../Core/Src/uner_app.c:224:13:evt_app_tcrt_readings_handler	0	static,ignoring_inline_asm
../Core/Src/uner_app.c:277:13:UNER_App_SendCommand	40	static,ignoring_inline_asm
../Core/Src/uner_app.c:311:9:UNER_App_IsWaitingValidation	0	static
../Core/Src/uner_app.c:316:9:UNER_App_GetWaitingCommandId	0	static
../Core/Src/uner_app.c:332:6:UNER_App_Init	64	static
../Core/Src/uner_app.c:366:6:UNER_App_Poll	8	static
../Core/Src/uner_app.c:375:6:UNER_App_OnUart1TxComplete	0	static,ignoring_inline_asm
../Core/Src/uner_app.c:382:6:UNER_App_NotifyUart1Rx	0	static,ignoring_inline_asm
