../Core/Src/uner_app.c:374:13:evt_sta_connected_handler	0	static
../Core/Src/uner_app.c:382:13:evt_sta_disconnected_handler	0	static
../Core/Src/uner_app.c:389:13:evt_ap_client_join_handler	0	static,ignoring_inline_asm
../Core/Src/uner_app.c:415:13:evt_usb_connected_handler	0	static
../Core/Src/uner_app.c:422:13:evt_usb_disconnected_handler	0	static
../Core/Src/uner_app.c:429:13:evt_wifi_connected_handler	0	static
../Core/Src/uner_app.c:407:13:evt_controller_disconnected_handler	0	static
../Core/Src/uner_app.c:399:13:evt_controller_connected_handler	0	static
../Core/Src/uner_app.c:350:13:evt_boot_handler	8	static
../Core/Src/uner_app.c:161:13:UNER_App_ExecuteCommand	16	static,ignoring_inline_asm
../Core/Src/uner_app.c:358:13:evt_mode_changed_handler	0	static
../Core/Src/uner_app.c:397:13:evt_app_user_connected_handler	0	static,ignoring_inline_asm
../Core/Src/uner_app.c:398:13:evt_app_user_disconnected_handler	0	static,ignoring_inline_asm
../Core/Src/uner_app.c:390:13:evt_ap_client_leave_handler	0	static,ignoring_inline_asm
../Core/Src/uner_app.c:391:13:evt_webserver_up_handler	0	static,ignoring_inline_asm
../Core/Src/uner_app.c:392:13:evt_webserver_client_conn_handler	0	static,ignoring_inline_asm
../Core/Src/uner_app.c:393:13:evt_webserver_client_disconn_handler	0	static,ignoring_inline_asm
../Core/Src/uner_app.c:394:13:evt_lastwifi_notfound_handler	0	static,ignoring_inline_asm
../Core/Src/uner_app.c:395:13:evt_app_mpu_readings_handler	0	static,ignoring_inline_asm
../Core/Src/uner_app.c:396:13:evt_app_tcrt_readings_handler	0	static,ignoring_inline_asm
../Core/Src/uner_app.c:449:13:UNER_App_SendCommand	40	static,ignoring_inline_asm
../Core/Src/uner_app.c:483:9:UNER_App_IsWaitingValidation	0	static
../Core/Src/uner_app.c:488:9:UNER_App_GetWaitingCommandId	0	static
../Core/Src/uner_app.c:504:6:UNER_App_Init	64	static
../Core/Src/uner_app.c:538:6:UNER_App_Poll	8	static
../Core/Src/uner_app.c:547:6:UNER_App_OnUart1TxComplete	0	static,ignoring_inline_asm
../Core/Src/uner_app.c:554:6:UNER_App_NotifyUart1Rx	0	static,ignoring_inline_asm
