../Core/Src/usart_dma_buffer.c:38:19:USART1_Printf	144	static
../Core/Src/usart_dma_buffer.c:74:19:USART1_PrintValue	48	static
../Core/Src/usart_dma_buffer.c:129:19:USART1_PrintBlocking	16	static
../Core/Src/usart_dma_buffer.c:144:19:USART1_RegisterHandle	0	static
../Core/Src/usart_dma_buffer.c:156:19:USART1_SetDMACallbacks	0	static
../Core/Src/usart_dma_buffer.c:170:19:USART1_DMA_Init	24	static
../Core/Src/usart_dma_buffer.c:195:19:USART1_PushTxString	24	static
../Core/Src/usart_dma_buffer.c:243:19:USART1_SetRxHandler	0	static
../Core/Src/usart_dma_buffer.c:256:6:USART1_Update	8	static
../Core/Src/usart_dma_buffer.c:278:6:USART1_DMA_TxCpltHandler	0	static
../Core/Src/usart_dma_buffer.c:298:13:HAL_UART_TxCpltCallback	8	static
../Core/Src/usart_dma_buffer.c:306:6:HAL_UART_RxHalfCpltCallback	0	static
../Core/Src/usart_dma_buffer.c:319:6:HAL_UART_RxCpltCallback	8	static
../Core/Src/usart_dma_buffer.c:332:19:USART1_PushTxU16Values	104	static
